Archive member included to satisfy reference by file (symbol)

/opt/st/stm32cubeide_1.9.0/plugins/com.st.stm32cube.ide.mcu.externaltools.gnu-tools-for-stm32.10.3-2021.10.linux64_1.0.0.202111181127/tools/bin/../lib/gcc/arm-none-eabi/10.3.1/../../../../arm-none-eabi/lib/thumb/v6-m/nofp/libstdc++_nano.a(del_ops.o)
                              ./lib/Src/Encryption.o (operator delete(void*, unsigned int))
/opt/st/stm32cubeide_1.9.0/plugins/com.st.stm32cube.ide.mcu.externaltools.gnu-tools-for-stm32.10.3-2021.10.linux64_1.0.0.202111181127/tools/bin/../lib/gcc/arm-none-eabi/10.3.1/../../../../arm-none-eabi/lib/thumb/v6-m/nofp/libstdc++_nano.a(del_op.o)
                              /opt/st/stm32cubeide_1.9.0/plugins/com.st.stm32cube.ide.mcu.externaltools.gnu-tools-for-stm32.10.3-2021.10.linux64_1.0.0.202111181127/tools/bin/../lib/gcc/arm-none-eabi/10.3.1/../../../../arm-none-eabi/lib/thumb/v6-m/nofp/libstdc++_nano.a(del_ops.o) (operator delete(void*))
/opt/st/stm32cubeide_1.9.0/plugins/com.st.stm32cube.ide.mcu.externaltools.gnu-tools-for-stm32.10.3-2021.10.linux64_1.0.0.202111181127/tools/bin/../lib/gcc/arm-none-eabi/10.3.1/../../../../arm-none-eabi/lib/thumb/v6-m/nofp/libc_nano.a(lib_a-errno.o)
                              ./Core/Src/syscalls.o (__errno)
/opt/st/stm32cubeide_1.9.0/plugins/com.st.stm32cube.ide.mcu.externaltools.gnu-tools-for-stm32.10.3-2021.10.linux64_1.0.0.202111181127/tools/bin/../lib/gcc/arm-none-eabi/10.3.1/../../../../arm-none-eabi/lib/thumb/v6-m/nofp/libc_nano.a(lib_a-exit.o)
                              /opt/st/stm32cubeide_1.9.0/plugins/com.st.stm32cube.ide.mcu.externaltools.gnu-tools-for-stm32.10.3-2021.10.linux64_1.0.0.202111181127/tools/bin/../lib/gcc/arm-none-eabi/10.3.1/../../../../arm-none-eabi/lib/thumb/v6-m/nofp/crt0.o (exit)
/opt/st/stm32cubeide_1.9.0/plugins/com.st.stm32cube.ide.mcu.externaltools.gnu-tools-for-stm32.10.3-2021.10.linux64_1.0.0.202111181127/tools/bin/../lib/gcc/arm-none-eabi/10.3.1/../../../../arm-none-eabi/lib/thumb/v6-m/nofp/libc_nano.a(lib_a-findfp.o)
                              ./Middlewares/Third_Party/FreeRTOS/Source/tasks.o (__sf_fake_stderr)
/opt/st/stm32cubeide_1.9.0/plugins/com.st.stm32cube.ide.mcu.externaltools.gnu-tools-for-stm32.10.3-2021.10.linux64_1.0.0.202111181127/tools/bin/../lib/gcc/arm-none-eabi/10.3.1/../../../../arm-none-eabi/lib/thumb/v6-m/nofp/libc_nano.a(lib_a-fprintf.o)
                              ./lib/Src/rsa.o (fprintf)
/opt/st/stm32cubeide_1.9.0/plugins/com.st.stm32cube.ide.mcu.externaltools.gnu-tools-for-stm32.10.3-2021.10.linux64_1.0.0.202111181127/tools/bin/../lib/gcc/arm-none-eabi/10.3.1/../../../../arm-none-eabi/lib/thumb/v6-m/nofp/libc_nano.a(lib_a-fwalk.o)
                              /opt/st/stm32cubeide_1.9.0/plugins/com.st.stm32cube.ide.mcu.externaltools.gnu-tools-for-stm32.10.3-2021.10.linux64_1.0.0.202111181127/tools/bin/../lib/gcc/arm-none-eabi/10.3.1/../../../../arm-none-eabi/lib/thumb/v6-m/nofp/libc_nano.a(lib_a-findfp.o) (_fwalk)
/opt/st/stm32cubeide_1.9.0/plugins/com.st.stm32cube.ide.mcu.externaltools.gnu-tools-for-stm32.10.3-2021.10.linux64_1.0.0.202111181127/tools/bin/../lib/gcc/arm-none-eabi/10.3.1/../../../../arm-none-eabi/lib/thumb/v6-m/nofp/libc_nano.a(lib_a-fwrite.o)
                              ./lib/Src/rsa.o (fwrite)
/opt/st/stm32cubeide_1.9.0/plugins/com.st.stm32cube.ide.mcu.externaltools.gnu-tools-for-stm32.10.3-2021.10.linux64_1.0.0.202111181127/tools/bin/../lib/gcc/arm-none-eabi/10.3.1/../../../../arm-none-eabi/lib/thumb/v6-m/nofp/libc_nano.a(lib_a-impure.o)
                              /opt/st/stm32cubeide_1.9.0/plugins/com.st.stm32cube.ide.mcu.externaltools.gnu-tools-for-stm32.10.3-2021.10.linux64_1.0.0.202111181127/tools/bin/../lib/gcc/arm-none-eabi/10.3.1/../../../../arm-none-eabi/lib/thumb/v6-m/nofp/libc_nano.a(lib_a-exit.o) (_global_impure_ptr)
/opt/st/stm32cubeide_1.9.0/plugins/com.st.stm32cube.ide.mcu.externaltools.gnu-tools-for-stm32.10.3-2021.10.linux64_1.0.0.202111181127/tools/bin/../lib/gcc/arm-none-eabi/10.3.1/../../../../arm-none-eabi/lib/thumb/v6-m/nofp/libc_nano.a(lib_a-init.o)
                              /opt/st/stm32cubeide_1.9.0/plugins/com.st.stm32cube.ide.mcu.externaltools.gnu-tools-for-stm32.10.3-2021.10.linux64_1.0.0.202111181127/tools/bin/../lib/gcc/arm-none-eabi/10.3.1/../../../../arm-none-eabi/lib/thumb/v6-m/nofp/crt0.o (__libc_init_array)
/opt/st/stm32cubeide_1.9.0/plugins/com.st.stm32cube.ide.mcu.externaltools.gnu-tools-for-stm32.10.3-2021.10.linux64_1.0.0.202111181127/tools/bin/../lib/gcc/arm-none-eabi/10.3.1/../../../../arm-none-eabi/lib/thumb/v6-m/nofp/libc_nano.a(lib_a-lock.o)
                              /opt/st/stm32cubeide_1.9.0/plugins/com.st.stm32cube.ide.mcu.externaltools.gnu-tools-for-stm32.10.3-2021.10.linux64_1.0.0.202111181127/tools/bin/../lib/gcc/arm-none-eabi/10.3.1/../../../../arm-none-eabi/lib/thumb/v6-m/nofp/libc_nano.a(lib_a-findfp.o) (__retarget_lock_init_recursive)
[...]
Memory Configuration

Name             Origin             Length             Attributes
RAM              0x0000000020000000 0x0000000000002000 xrw
FLASH            0x0000000008000000 0x0000000000010000 xr
*default*        0x0000000000000000 0xffffffffffffffff

Linker script and memory map

LOAD /opt/st/stm32cubeide_1.9.0/plugins/com.st.stm32cube.ide.mcu.externaltools.gnu-tools-for-stm32.10.3-2021.10.linux64_1.0.0.202111181127/tools/bin/../lib/gcc/arm-none-eabi/10.3.1/thumb/v6-m/nofp/crti.o
LOAD /opt/st/stm32cubeide_1.9.0/plugins/com.st.stm32cube.ide.mcu.externaltools.gnu-tools-for-stm32.10.3-2021.10.linux64_1.0.0.202111181127/tools/bin/../lib/gcc/arm-none-eabi/10.3.1/thumb/v6-m/nofp/crtbegin.o
LOAD /opt/st/stm32cubeide_1.9.0/plugins/com.st.stm32cube.ide.mcu.externaltools.gnu-tools-for-stm32.10.3-2021.10.linux64_1.0.0.202111181127/tools/bin/../lib/gcc/arm-none-eabi/10.3.1/../../../../arm-none-eabi/lib/thumb/v6-m/nofp/crt0.o
LOAD ./Core/Src/AppMain.o
LOAD ./Core/Src/freertos.o
LOAD ./Core/Src/main.o
LOAD ./Core/Src/stm32f0xx_hal_msp.o
LOAD ./Core/Src/stm32f0xx_hal_timebase_tim.o
LOAD ./Core/Src/stm32f0xx_it.o
LOAD ./Core/Src/syscalls.o
LOAD ./Core/Src/sysmem.o
LOAD ./Core/Src/system_stm32f0xx.o
LOAD ./Core/Startup/startup_stm32f030c8tx.o
LOAD ./Drivers/STM32F0xx_HAL_Driver/Src/stm32f0xx_hal.o
LOAD ./Drivers/STM32F0xx_HAL_Driver/Src/stm32f0xx_hal_cortex.o
LOAD ./Drivers/STM32F0xx_HAL_Driver/Src/stm32f0xx_hal_crc.o
LOAD ./Drivers/STM32F0xx_HAL_Driver/Src/stm32f0xx_hal_crc_ex.o
LOAD ./Drivers/STM32F0xx_HAL_Driver/Src/stm32f0xx_hal_dma.o
LOAD ./Drivers/STM32F0xx_HAL_Driver/Src/stm32f0xx_hal_exti.o
LOAD ./Drivers/STM32F0xx_HAL_Driver/Src/stm32f0xx_hal_flash.o
LOAD ./Drivers/STM32F0xx_HAL_Driver/Src/stm32f0xx_hal_flash_ex.o
LOAD ./Drivers/STM32F0xx_HAL_Driver/Src/stm32f0xx_hal_gpio.o
LOAD ./Drivers/STM32F0xx_HAL_Driver/Src/stm32f0xx_hal_i2c.o
LOAD ./Drivers/STM32F0xx_HAL_Driver/Src/stm32f0xx_hal_i2c_ex.o
LOAD ./Drivers/STM32F0xx_HAL_Driver/Src/stm32f0xx_hal_iwdg.o
LOAD ./Drivers/STM32F0xx_HAL_Driver/Src/stm32f0xx_hal_pwr.o
LOAD ./Drivers/STM32F0xx_HAL_Driver/Src/stm32f0xx_hal_pwr_ex.o
LOAD ./Drivers/STM32F0xx_HAL_Driver/Src/stm32f0xx_hal_rcc.o
LOAD ./Drivers/STM32F0xx_HAL_Driver/Src/stm32f0xx_hal_rcc_ex.o
LOAD ./Drivers/STM32F0xx_HAL_Driver/Src/stm32f0xx_hal_rtc.o
LOAD ./Drivers/STM32F0xx_HAL_Driver/Src/stm32f0xx_hal_rtc_ex.o
LOAD ./Drivers/STM32F0xx_HAL_Driver/Src/stm32f0xx_hal_tim.o
LOAD ./Drivers/STM32F0xx_HAL_Driver/Src/stm32f0xx_hal_tim_ex.o
LOAD ./Drivers/STM32F0xx_HAL_Driver/Src/stm32f0xx_hal_uart.o
LOAD ./Drivers/STM32F0xx_HAL_Driver/Src/stm32f0xx_hal_uart_ex.o
LOAD ./Middlewares/Third_Party/FreeRTOS/Source/CMSIS_RTOS/cmsis_os.o
LOAD ./Middlewares/Third_Party/FreeRTOS/Source/croutine.o
LOAD ./Middlewares/Third_Party/FreeRTOS/Source/event_groups.o
LOAD ./Middlewares/Third_Party/FreeRTOS/Source/list.o
LOAD ./Middlewares/Third_Party/FreeRTOS/Source/queue.o
LOAD ./Middlewares/Third_Party/FreeRTOS/Source/stream_buffer.o
LOAD ./Middlewares/Third_Party/FreeRTOS/Source/tasks.o
LOAD ./Middlewares/Third_Party/FreeRTOS/Source/timers.o
LOAD ./Middlewares/Third_Party/FreeRTOS/Source/portable/GCC/ARM_CM0/port.o
LOAD ./lib/Src/Encryption.o
LOAD ./lib/Src/rsa.o
START GROUP
LOAD /opt/st/stm32cubeide_1.9.0/plugins/com.st.stm32cube.ide.mcu.externaltools.gnu-tools-for-stm32.10.3-2021.10.linux64_1.0.0.202111181127/tools/bin/../lib/gcc/arm-none-eabi/10.3.1/../../../../arm-none-eabi/lib/thumb/v6-m/nofp/libstdc++_nano.a
LOAD /opt/st/stm32cubeide_1.9.0/plugins/com.st.stm32cube.ide.mcu.externaltools.gnu-tools-for-stm32.10.3-2021.10.linux64_1.0.0.202111181127/tools/bin/../lib/gcc/arm-none-eabi/10.3.1/../../../../arm-none-eabi/lib/thumb/v6-m/nofp/libsupc++_nano.a
END GROUP
LOAD /opt/st/stm32cubeide_1.9.0/plugins/com.st.stm32cube.ide.mcu.externaltools.gnu-tools-for-stm32.10.3-2021.10.linux64_1.0.0.202111181127/tools/bin/../lib/gcc/arm-none-eabi/10.3.1/../../../../arm-none-eabi/lib/thumb/v6-m/nofp/libstdc++_nano.a
LOAD /opt/st/stm32cubeide_1.9.0/plugins/com.st.stm32cube.ide.mcu.externaltools.gnu-tools-for-stm32.10.3-2021.10.linux64_1.0.0.202111181127/tools/bin/../lib/gcc/arm-none-eabi/10.3.1/../../../../arm-none-eabi/lib/thumb/v6-m/nofp/libm.a
LOAD /opt/st/stm32cubeide_1.9.0/plugins/com.st.stm32cube.ide.mcu.externaltools.gnu-tools-for-stm32.10.3-2021.10.linux64_1.0.0.202111181127/tools/bin/../lib/gcc/arm-none-eabi/10.3.1/../../../../arm-none-eabi/lib/thumb/v6-m/nofp/libc_nano.a
START GROUP
LOAD /opt/st/stm32cubeide_1.9.0/plugins/com.st.stm32cube.ide.mcu.externaltools.gnu-tools-for-stm32.10.3-2021.10.linux64_1.0.0.202111181127/tools/bin/../lib/gcc/arm-none-eabi/10.3.1/thumb/v6-m/nofp/libgcc.a
LOAD /opt/st/stm32cubeide_1.9.0/plugins/com.st.stm32cube.ide.mcu.externaltools.gnu-tools-for-stm32.10.3-2021.10.linux64_1.0.0.202111181127/tools/bin/../lib/gcc/arm-none-eabi/10.3.1/../../../../arm-none-eabi/lib/thumb/v6-m/nofp/libc_nano.a
END GROUP
START GROUP
LOAD /opt/st/stm32cubeide_1.9.0/plugins/com.st.stm32cube.ide.mcu.externaltools.gnu-tools-for-stm32.10.3-2021.10.linux64_1.0.0.202111181127/tools/bin/../lib/gcc/arm-none-eabi/10.3.1/thumb/v6-m/nofp/libgcc.a
LOAD /opt/st/stm32cubeide_1.9.0/plugins/com.st.stm32cube.ide.mcu.externaltools.gnu-tools-for-stm32.10.3-2021.10.linux64_1.0.0.202111181127/tools/bin/../lib/gcc/arm-none-eabi/10.3.1/../../../../arm-none-eabi/lib/thumb/v6-m/nofp/libc_nano.a
LOAD /opt/st/stm32cubeide_1.9.0/plugins/com.st.stm32cube.ide.mcu.externaltools.gnu-tools-for-stm32.10.3-2021.10.linux64_1.0.0.202111181127/tools/bin/../lib/gcc/arm-none-eabi/10.3.1/../../../../arm-none-eabi/lib/thumb/v6-m/nofp/libnosys.a
END GROUP
START GROUP
LOAD /opt/st/stm32cubeide_1.9.0/plugins/com.st.stm32cube.ide.mcu.externaltools.gnu-tools-for-stm32.10.3-2021.10.linux64_1.0.0.202111181127/tools/bin/../lib/gcc/arm-none-eabi/10.3.1/thumb/v6-m/nofp/libgcc.a
LOAD /opt/st/stm32cubeide_1.9.0/plugins/com.st.stm32cube.ide.mcu.externaltools.gnu-tools-for-stm32.10.3-2021.10.linux64_1.0.0.202111181127/tools/bin/../lib/gcc/arm-none-eabi/10.3.1/../../../../arm-none-eabi/lib/thumb/v6-m/nofp/libc_nano.a
LOAD /opt/st/stm32cubeide_1.9.0/plugins/com.st.stm32cube.ide.mcu.externaltools.gnu-tools-for-stm32.10.3-2021.10.linux64_1.0.0.202111181127/tools/bin/../lib/gcc/arm-none-eabi/10.3.1/../../../../arm-none-eabi/lib/thumb/v6-m/nofp/libnosys.a
END GROUP
LOAD /opt/st/stm32cubeide_1.9.0/plugins/com.st.stm32cube.ide.mcu.externaltools.gnu-tools-for-stm32.10.3-2021.10.linux64_1.0.0.202111181127/tools/bin/../lib/gcc/arm-none-eabi/10.3.1/thumb/v6-m/nofp/crtend.o
LOAD /opt/st/stm32cubeide_1.9.0/plugins/com.st.stm32cube.ide.mcu.externaltools.gnu-tools-for-stm32.10.3-2021.10.linux64_1.0.0.202111181127/tools/bin/../lib/gcc/arm-none-eabi/10.3.1/thumb/v6-m/nofp/crtn.o
                0x0000000020002000                _estack = (ORIGIN (RAM) + LENGTH (RAM))
                0x0000000000000200                _Min_Heap_Size = 0x200
                0x0000000000000400                _Min_Stack_Size = 0x400

.isr_vector     0x0000000008000000       0xc0
                0x0000000008000000                . = ALIGN (0x4)
 *(.isr_vector)
 .isr_vector    0x0000000008000000       0xc0 ./Core/Startup/startup_stm32f030c8tx.o
                0x0000000008000000                g_pfnVectors
                0x00000000080000c0                . = ALIGN (0x4)

.text           0x00000000080000c0     0x49b0
                0x00000000080000c0                . = ALIGN (0x4)
 *(.text)
 .text          0x00000000080000c0       0x48 /opt/st/stm32cubeide_1.9.0/plugins/com.st.stm32cube.ide.mcu.externaltools.gnu-tools-for-stm32.10.3-2021.10.linux64_1.0.0.202111181127/tools/bin/../lib/gcc/arm-none-eabi/10.3.1/thumb/v6-m/nofp/crtbegin.o
 .text          0x0000000008000108      0x114 /opt/st/stm32cubeide_1.9.0/plugins/com.st.stm32cube.ide.mcu.externaltools.gnu-tools-for-stm32.10.3-2021.10.linux64_1.0.0.202111181127/tools/bin/../lib/gcc/arm-none-eabi/10.3.1/thumb/v6-m/nofp/libgcc.a(_udivsi3.o)
                0x0000000008000108                __udivsi3
                0x0000000008000108                __aeabi_uidiv
                0x0000000008000214                __aeabi_uidivmod
 .text          0x000000000800021c        0x4 /opt/st/stm32cubeide_1.9.0/plugins/com.st.stm32cube.ide.mcu.externaltools.gnu-tools-for-stm32.10.3-2021.10.linux64_1.0.0.202111181127/tools/bin/../lib/gcc/arm-none-eabi/10.3.1/thumb/v6-m/nofp/libgcc.a(_dvmd_tls.o)
                0x000000000800021c                __aeabi_ldiv0
                0x000000000800021c                __aeabi_idiv0
 *(.text*)
 .text._ZnwjPv  0x0000000008000220       0x14 ./Core/Src/AppMain.o
                0x0000000008000220                operator new(unsigned int, void*)
 .text._ZNSt9_Any_data9_M_accessEv
                0x0000000008000234       0x12 ./Core/Src/AppMain.o
                0x0000000008000234                std::_Any_data::_M_access()
 .text._ZNKSt9_Any_data9_M_accessEv
                0x0000000008000246       0x12 ./Core/Src/AppMain.o
                0x0000000008000246                std::_Any_data::_M_access() const
 .text._ZNSt14_Function_baseC2Ev
                0x0000000008000258       0x18 ./Core/Src/AppMain.o
                0x0000000008000258                std::_Function_base::_Function_base()
                0x0000000008000258                std::_Function_base::_Function_base()
 .text._ZNSt14_Function_baseD2Ev
                0x0000000008000270       0x26 ./Core/Src/AppMain.o
                0x0000000008000270                std::_Function_base::~_Function_base()
                0x0000000008000270                std::_Function_base::~_Function_base()
 .text._ZNKSt14_Function_base8_M_emptyEv
                0x0000000008000296       0x1a ./Core/Src/AppMain.o
                0x0000000008000296                std::_Function_base::_M_empty() const
 .text._ZNK6KQ130FMUlPhhE_clES_h
                0x00000000080002b0       0x2c ./Core/Src/AppMain.o
                0x00000000080002b0                KQ130F::{lambda(unsigned char*, unsigned char)#1}::operator()(KQ130F, unsigned char) const
 .text._ZNSt8functionIFvPhhEED2Ev
                0x00000000080002dc       0x1a ./Core/Src/AppMain.o
                0x00000000080002dc                std::function<void (unsigned char*, unsigned char)>::~function()
                0x00000000080002dc                std::function<void (unsigned char*, unsigned char)>::~function()
 *fill*         0x00000000080002f6        0x2 
 .text._ZNSt8functionIFvPhhEEC2IN6KQ130FMUlS0_hE_EvvEET_
                0x00000000080002f8       0x54 ./Core/Src/AppMain.o
                0x00000000080002f8                std::function<void (unsigned char*, unsigned char)>::function<KQ130F::{lambda(unsigned char*, unsigned char)#1}, void, void>(KQ130F::{lambda(unsigned char*, unsigned char)#1})
                0x00000000080002f8                std::function<void (unsigned char*, unsigned char)>::function<KQ130F::{lambda(unsigned char*, unsigned char)#1}, void, void>(KQ130F::{lambda(unsigned char*, unsigned char)#1})
 .text._ZN3PLM7PLModemILj512EEC2EP20__UART_HandleTypeDefSt8functionIFvPhhEE
                0x000000000800034c       0x44 ./Core/Src/AppMain.o
                0x000000000800034c                PLM::PLModem<512u>::PLModem(__UART_HandleTypeDef*, std::function<void (unsigned char*, unsigned char)>)
                0x000000000800034c                PLM::PLModem<512u>::PLModem(__UART_HandleTypeDef*, std::function<void (unsigned char*, unsigned char)>)
 .text._ZNSt14_Function_base13_Base_managerIN6KQ130FMUlPhhE_EE21_M_not_empty_functionIS2_EEbRKT_
                0x0000000008000390       0x12 ./Core/Src/AppMain.o
                0x0000000008000390                bool std::_Function_base::_Base_manager<KQ130F::{lambda(unsigned char*, unsigned char)#1}>::_M_not_empty_function<unsigned char*>(unsigned char* const&)
 .text._ZSt4moveIRN6KQ130FMUlPhhE_EEONSt16remove_referenceIT_E4typeEOS4_
                0x00000000080003a2       0x12 ./Core/Src/AppMain.o
                0x00000000080003a2                std::remove_reference<KQ130F::{lambda(unsigned char*, unsigned char)#1}&>::type&& std::move<KQ130F::{lambda(unsigned char*, unsigned char)#1}&>(std::remove_reference&&)
 .text._ZNSt14_Function_base13_Base_managerIN6KQ130FMUlPhhE_EE15_M_init_functorERSt9_Any_dataOS2_
                0x00000000080003b4       0x26 ./Core/Src/AppMain.o
                0x00000000080003b4                std::_Function_base::_Base_manager<KQ130F::{lambda(unsigned char*, unsigned char)#1}>::_M_init_functor(std::_Any_data&, unsigned char*&&)
 .text._ZNSt17_Function_handlerIFvPhhEN6KQ130FMUlS0_hE_EE9_M_invokeERKSt9_Any_dataOS0_Oh
                0x00000000080003da       0x3c ./Core/Src/AppMain.o
                0x00000000080003da                std::_Function_handler<void (unsigned char*, unsigned char), KQ130F::{lambda(unsigned char*, unsigned char)#1}>::_M_invoke(std::_Any_data const&, unsigned char*&&, unsigned char&&)
 .text._ZNSt17_Function_handlerIFvPhhEN6KQ130FMUlS0_hE_EE10_M_managerERSt9_Any_dataRKS4_St18_Manager_operation
                0x0000000008000416       0x46 ./Core/Src/AppMain.o
                0x0000000008000416                std::_Function_handler<void (unsigned char*, unsigned char), KQ130F::{lambda(unsigned char*, unsigned char)#1}>::_M_manager(std::_Any_data&, std::_Function_handler<void (unsigned char*, unsigned char), KQ130F::{lambda(unsigned char*, unsigned char)#1}> const&, std::_Manager_operation)
 .text._ZNSt8functionIFvPhhEE4swapERS2_
                0x000000000800045c       0x42 ./Core/Src/AppMain.o
                0x000000000800045c                std::function<void (unsigned char*, unsigned char)>::swap(std::function<void (unsigned char*, unsigned char)>&)
 .text._ZNSt8functionIFvPhhEEC2Ev
                0x000000000800049e       0x1a ./Core/Src/AppMain.o
                0x000000000800049e                std::function<void (unsigned char*, unsigned char)>::function()
                0x000000000800049e                std::function<void (unsigned char*, unsigned char)>::function()
 .text._ZNSt8functionIFvPhhEEaSERKS2_
                0x00000000080004b8       0x36 ./Core/Src/AppMain.o
                0x00000000080004b8                std::function<void (unsigned char*, unsigned char)>::operator=(std::function<void (unsigned char*, unsigned char)> const&)
 .text._ZNSt14_Function_base13_Base_managerIN6KQ130FMUlPhhE_EE15_M_init_functorERSt9_Any_dataOS2_St17integral_constantIbLb1EE
                0x00000000080004ee       0x30 ./Core/Src/AppMain.o
                0x00000000080004ee                std::_Function_base::_Base_manager<KQ130F::{lambda(unsigned char*, unsigned char)#1}>::_M_init_functor(std::_Any_data&, unsigned char*&&, std::integral_constant<bool, true>)
 .text._ZNSt14_Function_base13_Base_managerIN6KQ130FMUlPhhE_EE14_M_get_pointerERKSt9_Any_data
                0x000000000800051e       0x28 ./Core/Src/AppMain.o
                0x000000000800051e                std::_Function_base::_Base_manager<KQ130F::{lambda(unsigned char*, unsigned char)#1}>::_M_get_pointer(std::_Any_data const&)
 .text._ZSt7forwardIPhEOT_RNSt16remove_referenceIS1_E4typeE
                0x0000000008000546       0x12 ./Core/Src/AppMain.o
                0x0000000008000546                unsigned char*&& std::forward<unsigned char*>(std::remove_reference<unsigned char*>::type&)
 .text._ZSt7forwardIhEOT_RNSt16remove_referenceIS0_E4typeE
                0x0000000008000558       0x12 ./Core/Src/AppMain.o
                0x0000000008000558                unsigned char&& std::forward<unsigned char>(std::remove_reference<unsigned char>::type&)
 .text._ZSt10__invoke_rIvRN6KQ130FMUlPhhE_EJS0_hEENSt9enable_ifIXsrSt6__and_IJSt7is_voidIT_ESt14__is_invocableIT0_JDpT1_EEEE5valueES6_E4typeEOS9_DpOSA_
                0x000000000800056a       0x3c ./Core/Src/AppMain.o
                0x000000000800056a                std::enable_if<std::__and_<std::is_void<void>, std::__is_invocable<KQ130F::{lambda(unsigned char*, unsigned char)#1}&, KQ130F, unsigned char> >::value, std::is_void>::type std::__invoke_r<void, KQ130F::{lambda(unsigned char*, unsigned char)#1}&, KQ130F, unsigned char>(std::__is_invocable&&, (KQ130F::{lambda(unsigned char*, unsigned char)#1}&)...)
 .text._ZNSt9_Any_data9_M_accessIPN6KQ130FMUlPhhE_EEERT_v
                0x00000000080005a6       0x1a ./Core/Src/AppMain.o
                0x00000000080005a6                KQ130F::{lambda(unsigned char*, unsigned char)#1}*& std::_Any_data::_M_access<KQ130F::{lambda(unsigned char*, unsigned char)#1}*>()
 .text._ZNSt14_Function_base13_Base_managerIN6KQ130FMUlPhhE_EE10_M_managerERSt9_Any_dataRKS4_St18_Manager_operation
                0x00000000080005c0       0x5e ./Core/Src/AppMain.o
                0x00000000080005c0                std::_Function_base::_Base_manager<KQ130F::{lambda(unsigned char*, unsigned char)#1}>::_M_manager(std::_Any_data&, std::_Function_base::_Base_manager<KQ130F::{lambda(unsigned char*, unsigned char)#1}> const&, std::_Manager_operation)
 .text._ZSt4moveIRSt9_Any_dataEONSt16remove_referenceIT_E4typeEOS3_
                0x000000000800061e       0x12 ./Core/Src/AppMain.o
                0x000000000800061e                std::remove_reference<std::_Any_data&>::type&& std::move<std::_Any_data&>(std::_Any_data&)
 .text._ZSt4swapISt9_Any_dataENSt9enable_ifIXsrSt6__and_IJSt6__not_ISt15__is_tuple_likeIT_EESt21is_move_constructibleIS5_ESt18is_move_assignableIS5_EEE5valueEvE4typeERS5_SF_
                0x0000000008000630       0x44 ./Core/Src/AppMain.o
                0x0000000008000630                std::enable_if<std::__and_<std::__not_<std::__is_tuple_like<std::_Any_data> >, std::is_move_constructible<std::_Any_data>, std::is_move_assignable<std::_Any_data> >::value, void>::type std::swap<std::_Any_data>(std::_Any_data&, std::_Any_data&)
 .text._ZSt4moveIRPFbRSt9_Any_dataRKS0_St18_Manager_operationEEONSt16remove_referenceIT_E4typeEOS9_
                0x0000000008000674       0x12 ./Core/Src/AppMain.o
                0x0000000008000674                std::remove_reference<bool (*&)(std::_Any_data&, std::_Any_data const&, std::_Manager_operation)>::type&& std::move<bool (*&)(std::_Any_data&, std::_Any_data const&, std::_Manager_operation)>(bool (*&)(std::_Any_data&, std::_Any_data const&, std::_Manager_operation))
 .text._ZSt4swapIPFbRSt9_Any_dataRKS0_St18_Manager_operationEENSt9enable_ifIXsrSt6__and_IJSt6__not_ISt15__is_tuple_likeIT_EESt21is_move_constructibleISB_ESt18is_move_assignableISB_EEE5valueEvE4typeERSB_SL_
                0x0000000008000686       0x42 ./Core/Src/AppMain.o
                0x0000000008000686                std::enable_if<std::__and_<std::__not_<std::__is_tuple_like<bool (*)(std::_Any_data&, std::_Any_data const&, std::_Manager_operation)> >, std::is_move_constructible<bool (*)(std::_Any_data&, std::_Any_data const&, std::_Manager_operation)>, std::is_move_assignable<bool (*)(std::_Any_data&, std::_Any_data const&, std::_Manager_operation)> >::value, void>::type std::swap<bool (*)(std::_Any_data&, std::_Any_data const&, std::_Manager_operation)>(bool (*&)(std::_Any_data&, std::_Any_data const&, std::_Manager_operation), bool (*&)(std::_Any_data&, std::_Any_data const&, std::_Manager_operation))
 .text._ZSt4moveIRPFvRKSt9_Any_dataOPhOhEEONSt16remove_referenceIT_E4typeEOSA_
                0x00000000080006c8       0x12 ./Core/Src/AppMain.o
                0x00000000080006c8                std::remove_reference<void (*&)(std::_Any_data const&, unsigned char*&&, unsigned char&&)>::type&& std::move<void (*&)(std::_Any_data const&, unsigned char*&&, unsigned char&&)>(void (*&)(std::_Any_data const&, unsigned char*&&, unsigned char&&))
 .text._ZSt4swapIPFvRKSt9_Any_dataOPhOhEENSt9enable_ifIXsrSt6__and_IJSt6__not_ISt15__is_tuple_likeIT_EESt21is_move_constructibleISC_ESt18is_move_assignableISC_EEE5valueEvE4typeERSC_SM_
                0x00000000080006da       0x42 ./Core/Src/AppMain.o
                0x00000000080006da                std::enable_if<std::__and_<std::__not_<std::__is_tuple_like<void (*)(std::_Any_data const&, unsigned char*&&, unsigned char&&)> >, std::is_move_constructible<void (*)(std::_Any_data const&, unsigned char*&&, unsigned char&&)>, std::is_move_assignable<void (*)(std::_Any_data const&, unsigned char*&&, unsigned char&&)> >::value, void>::type std::swap<void (*)(std::_Any_data const&, unsigned char*&&, unsigned char&&)>(void (*&)(std::_Any_data const&, unsigned char*&&, unsigned char&&), void (*&)(std::_Any_data const&, unsigned char*&&, unsigned char&&))
 .text._ZNSt8functionIFvPhhEEC2ERKS2_
                0x000000000800071c       0x44 ./Core/Src/AppMain.o
                0x000000000800071c                std::function<void (unsigned char*, unsigned char)>::function(std::function<void (unsigned char*, unsigned char)> const&)
                0x000000000800071c                std::function<void (unsigned char*, unsigned char)>::function(std::function<void (unsigned char*, unsigned char)> const&)
 .text._ZNKSt9_Any_data9_M_accessIN6KQ130FMUlPhhE_EEERKT_v
                0x0000000008000760       0x1a ./Core/Src/AppMain.o
                0x0000000008000760                KQ130F::{lambda(unsigned char*, unsigned char)#1} const& std::_Any_data::_M_access<KQ130F::{lambda(unsigned char*, unsigned char)#1}>() const
 .text._ZSt11__addressofIKN6KQ130FMUlPhhE_EEPT_RS3_
                0x000000000800077a       0x12 ./Core/Src/AppMain.o
                0x000000000800077a                KQ130F::{lambda(unsigned char*, unsigned char)#1} const* std::__addressof<KQ130F::{lambda(unsigned char*, unsigned char)#1} const>(KQ130F::{lambda(unsigned char*, unsigned char)#1} const&)
 .text._ZSt7forwardIRN6KQ130FMUlPhhE_EEOT_RNSt16remove_referenceIS3_E4typeE
                0x000000000800078c       0x12 ./Core/Src/AppMain.o
                0x000000000800078c                KQ130F::{lambda(unsigned char*, unsigned char)#1}& std::forward<KQ130F::{lambda(unsigned char*, unsigned char)#1}&>(std::remove_reference<KQ130F::{lambda(unsigned char*, unsigned char)#1}&>::type&)
 .text._ZSt13__invoke_implIvRN6KQ130FMUlPhhE_EJS0_hEET_St14__invoke_otherOT0_DpOT1_
                0x000000000800079e       0x46 ./Core/Src/AppMain.o
                0x000000000800079e                void std::__invoke_impl<void, KQ130F::{lambda(unsigned char*, unsigned char)#1}&, KQ130F, unsigned char>(std::__invoke_other, KQ130F::{lambda(unsigned char*, unsigned char)#1}&, KQ130F&&, unsigned char&&)
 .text._ZNSt14_Function_base13_Base_managerIN6KQ130FMUlPhhE_EE8_M_cloneERSt9_Any_dataRKS4_St17integral_constantIbLb1EE
                0x00000000080007e4       0x30 ./Core/Src/AppMain.o
                0x00000000080007e4                std::_Function_base::_Base_manager<KQ130F::{lambda(unsigned char*, unsigned char)#1}>::_M_clone(std::_Any_data&, std::_Function_base::_Base_manager<KQ130F::{lambda(unsigned char*, unsigned char)#1}> const&, std::integral_constant<bool, true>)
 .text._ZNSt14_Function_base13_Base_managerIN6KQ130FMUlPhhE_EE10_M_destroyERSt9_Any_dataSt17integral_constantIbLb1EE
                0x0000000008000814       0x1c ./Core/Src/AppMain.o
                0x0000000008000814                std::_Function_base::_Base_manager<KQ130F::{lambda(unsigned char*, unsigned char)#1}>::_M_destroy(std::_Any_data&, std::integral_constant<bool, true>)
 .text._ZNKSt8functionIFvPhhEEcvbEv
                0x0000000008000830       0x22 ./Core/Src/AppMain.o
                0x0000000008000830                std::function<void (unsigned char*, unsigned char)>::operator bool() const
 .text._ZNSt9_Any_data9_M_accessIN6KQ130FMUlPhhE_EEERT_v
                0x0000000008000852       0x1a ./Core/Src/AppMain.o
                0x0000000008000852                KQ130F::{lambda(unsigned char*, unsigned char)#1}& std::_Any_data::_M_access<KQ130F::{lambda(unsigned char*, unsigned char)#1}>()
 .text._ZN3PLM7PLModemILj512EED2Ev
                0x000000000800086c       0x22 ./Core/Src/AppMain.o
                0x000000000800086c                PLM::PLModem<512u>::~PLModem()
                0x000000000800086c                PLM::PLModem<512u>::~PLModem()
 *fill*         0x000000000800088e        0x2 
 .text._Z41__static_initialization_and_destruction_0ii
                0x0000000008000890       0x64 ./Core/Src/AppMain.o
 .text._GLOBAL__sub_I_helloWorld
                0x00000000080008f4       0x18 ./Core/Src/AppMain.o
 .text._GLOBAL__sub_D_helloWorld
                0x000000000800090c       0x18 ./Core/Src/AppMain.o
 .text.vApplicationGetIdleTaskMemory
                0x0000000008000924       0x30 ./Core/Src/freertos.o
                0x0000000008000924                vApplicationGetIdleTaskMemory
 .text.main     0x0000000008000954       0xb0 ./Core/Src/main.o
                0x0000000008000954                main
 .text.SystemClock_Config
                0x0000000008000a04       0xf4 ./Core/Src/main.o
                0x0000000008000a04                SystemClock_Config
 .text.MX_CRC_Init
                0x0000000008000af8       0x40 ./Core/Src/main.o
 .text.MX_I2C1_Init
                0x0000000008000b38       0x80 ./Core/Src/main.o
 .text.MX_IWDG_Init
                0x0000000008000bb8       0x40 ./Core/Src/main.o
 .text.MX_RTC_Init
                0x0000000008000bf8       0xc4 ./Core/Src/main.o
 .text.MX_USART1_UART_Init
                0x0000000008000cbc       0x64 ./Core/Src/main.o
 .text.MX_USART2_UART_Init
                0x0000000008000d20       0x60 ./Core/Src/main.o
 .text.MX_DMA_Init
                0x0000000008000d80       0x4c ./Core/Src/main.o
 .text.MX_GPIO_Init
                0x0000000008000dcc       0xb0 ./Core/Src/main.o
 .text.StartDefaultTask
                0x0000000008000e7c       0x1c ./Core/Src/main.o
                0x0000000008000e7c                StartDefaultTask
 .text.StartTask02
                0x0000000008000e98       0x10 ./Core/Src/main.o
                0x0000000008000e98                StartTask02
 .text.StartTask03
                0x0000000008000ea8       0x10 ./Core/Src/main.o
                0x0000000008000ea8                StartTask03
 .text.HAL_TIM_PeriodElapsedCallback
                0x0000000008000eb8       0x24 ./Core/Src/main.o
                0x0000000008000eb8                HAL_TIM_PeriodElapsedCallback
 .text.Error_Handler
                0x0000000008000edc        0xa ./Core/Src/main.o
                0x0000000008000edc                Error_Handler
 *fill*         0x0000000008000ee6        0x2 
 .text.HAL_MspInit
                0x0000000008000ee8       0x54 ./Core/Src/stm32f0xx_hal_msp.o
                0x0000000008000ee8                HAL_MspInit
 .text.HAL_CRC_MspInit
                0x0000000008000f3c       0x3c ./Core/Src/stm32f0xx_hal_msp.o
                0x0000000008000f3c                HAL_CRC_MspInit
 .text.HAL_I2C_MspInit
                0x0000000008000f78       0x9c ./Core/Src/stm32f0xx_hal_msp.o
                0x0000000008000f78                HAL_I2C_MspInit
 .text.HAL_RTC_MspInit
                0x0000000008001014       0x30 ./Core/Src/stm32f0xx_hal_msp.o
                0x0000000008001014                HAL_RTC_MspInit
 .text.HAL_UART_MspInit
                0x0000000008001044      0x26c ./Core/Src/stm32f0xx_hal_msp.o
                0x0000000008001044                HAL_UART_MspInit
 .text.HAL_InitTick
                0x00000000080012b0       0xbc ./Core/Src/stm32f0xx_hal_timebase_tim.o
                0x00000000080012b0                HAL_InitTick
 .text.NMI_Handler
                0x000000000800136c        0x6 ./Core/Src/stm32f0xx_it.o
                0x000000000800136c                NMI_Handler
 .text.HardFault_Handler
                0x0000000008001372        0x6 ./Core/Src/stm32f0xx_it.o
                0x0000000008001372                HardFault_Handler
 .text.DMA1_Channel2_3_IRQHandler
                0x0000000008001378       0x24 ./Core/Src/stm32f0xx_it.o
                0x0000000008001378                DMA1_Channel2_3_IRQHandler
 .text.DMA1_Channel4_5_IRQHandler
                0x000000000800139c       0x24 ./Core/Src/stm32f0xx_it.o
                0x000000000800139c                DMA1_Channel4_5_IRQHandler
 .text.TIM17_IRQHandler
                0x00000000080013c0       0x18 ./Core/Src/stm32f0xx_it.o
                0x00000000080013c0                TIM17_IRQHandler
 .text.SystemInit
                0x00000000080013d8        0xa ./Core/Src/system_stm32f0xx.o
                0x00000000080013d8                SystemInit
 *fill*         0x00000000080013e2        0x2 
 .text.Reset_Handler
                0x00000000080013e4       0x50 ./Core/Startup/startup_stm32f030c8tx.o
                0x00000000080013e4                Reset_Handler
 .text.Default_Handler
                0x0000000008001434        0x2 ./Core/Startup/startup_stm32f030c8tx.o
                0x0000000008001434                TIM1_CC_IRQHandler
                0x0000000008001434                TIM6_IRQHandler
                0x0000000008001434                I2C1_IRQHandler
                0x0000000008001434                SPI1_IRQHandler
                0x0000000008001434                EXTI2_3_IRQHandler
                0x0000000008001434                ADC1_IRQHandler
                0x0000000008001434                I2C2_IRQHandler
                0x0000000008001434                RTC_IRQHandler
                0x0000000008001434                TIM16_IRQHandler
                0x0000000008001434                TIM3_IRQHandler
                0x0000000008001434                EXTI4_15_IRQHandler
                0x0000000008001434                RCC_IRQHandler
                0x0000000008001434                DMA1_Channel1_IRQHandler
                0x0000000008001434                Default_Handler
                0x0000000008001434                TIM14_IRQHandler
                0x0000000008001434                TIM15_IRQHandler
                0x0000000008001434                EXTI0_1_IRQHandler
                0x0000000008001434                SPI2_IRQHandler
                0x0000000008001434                WWDG_IRQHandler
                0x0000000008001434                USART2_IRQHandler
                0x0000000008001434                FLASH_IRQHandler
                0x0000000008001434                USART1_IRQHandler
                0x0000000008001434                TIM1_BRK_UP_TRG_COM_IRQHandler
 *fill*         0x0000000008001436        0x2 
 .text.HAL_Init
                0x0000000008001438       0x28 ./Drivers/STM32F0xx_HAL_Driver/Src/stm32f0xx_hal.o
                0x0000000008001438                HAL_Init
 .text.HAL_IncTick
                0x0000000008001460       0x24 ./Drivers/STM32F0xx_HAL_Driver/Src/stm32f0xx_hal.o
                0x0000000008001460                HAL_IncTick
 .text.HAL_GetTick
                0x0000000008001484       0x14 ./Drivers/STM32F0xx_HAL_Driver/Src/stm32f0xx_hal.o
                0x0000000008001484                HAL_GetTick
 .text.__NVIC_EnableIRQ
                0x0000000008001498       0x34 ./Drivers/STM32F0xx_HAL_Driver/Src/stm32f0xx_hal_cortex.o
 .text.__NVIC_SetPriority
                0x00000000080014cc       0xdc ./Drivers/STM32F0xx_HAL_Driver/Src/stm32f0xx_hal_cortex.o
 .text.HAL_NVIC_SetPriority
                0x00000000080015a8       0x2a ./Drivers/STM32F0xx_HAL_Driver/Src/stm32f0xx_hal_cortex.o
                0x00000000080015a8                HAL_NVIC_SetPriority
 .text.HAL_NVIC_EnableIRQ
                0x00000000080015d2       0x20 ./Drivers/STM32F0xx_HAL_Driver/Src/stm32f0xx_hal_cortex.o
                0x00000000080015d2                HAL_NVIC_EnableIRQ
 .text.HAL_CRC_Init
                0x00000000080015f2       0x8e ./Drivers/STM32F0xx_HAL_Driver/Src/stm32f0xx_hal_crc.o
                0x00000000080015f2                HAL_CRC_Init
 .text.HAL_DMA_Init
                0x0000000008001680       0x90 ./Drivers/STM32F0xx_HAL_Driver/Src/stm32f0xx_hal_dma.o
                0x0000000008001680                HAL_DMA_Init
 .text.HAL_DMA_IRQHandler
                0x0000000008001710      0x144 ./Drivers/STM32F0xx_HAL_Driver/Src/stm32f0xx_hal_dma.o
                0x0000000008001710                HAL_DMA_IRQHandler
 .text.DMA_CalcBaseAndBitshift
                0x0000000008001854       0x38 ./Drivers/STM32F0xx_HAL_Driver/Src/stm32f0xx_hal_dma.o
 .text.HAL_GPIO_Init
                0x000000000800188c      0x2e0 ./Drivers/STM32F0xx_HAL_Driver/Src/stm32f0xx_hal_gpio.o
                0x000000000800188c                HAL_GPIO_Init
 .text.HAL_GPIO_WritePin
                0x0000000008001b6c       0x3a ./Drivers/STM32F0xx_HAL_Driver/Src/stm32f0xx_hal_gpio.o
                0x0000000008001b6c                HAL_GPIO_WritePin
 *fill*         0x0000000008001ba6        0x2 
 .text.HAL_I2C_Init
                0x0000000008001ba8      0x12c ./Drivers/STM32F0xx_HAL_Driver/Src/stm32f0xx_hal_i2c.o
                0x0000000008001ba8                HAL_I2C_Init
 .text.HAL_I2CEx_ConfigAnalogFilter
                0x0000000008001cd4       0x98 ./Drivers/STM32F0xx_HAL_Driver/Src/stm32f0xx_hal_i2c_ex.o
                0x0000000008001cd4                HAL_I2CEx_ConfigAnalogFilter
 .text.HAL_I2CEx_ConfigDigitalFilter
                0x0000000008001d6c       0x98 ./Drivers/STM32F0xx_HAL_Driver/Src/stm32f0xx_hal_i2c_ex.o
                0x0000000008001d6c                HAL_I2CEx_ConfigDigitalFilter
 .text.HAL_IWDG_Init
                0x0000000008001e04       0xa4 ./Drivers/STM32F0xx_HAL_Driver/Src/stm32f0xx_hal_iwdg.o
                0x0000000008001e04                HAL_IWDG_Init
 .text.HAL_IWDG_Refresh
                0x0000000008001ea8       0x20 ./Drivers/STM32F0xx_HAL_Driver/Src/stm32f0xx_hal_iwdg.o
                0x0000000008001ea8                HAL_IWDG_Refresh
 .text.HAL_PWR_EnableBkUpAccess
                0x0000000008001ec8       0x1c ./Drivers/STM32F0xx_HAL_Driver/Src/stm32f0xx_hal_pwr.o
                0x0000000008001ec8                HAL_PWR_EnableBkUpAccess
 .text.HAL_RCC_OscConfig
                0x0000000008001ee4      0x634 ./Drivers/STM32F0xx_HAL_Driver/Src/stm32f0xx_hal_rcc.o
                0x0000000008001ee4                HAL_RCC_OscConfig
 .text.HAL_RCC_ClockConfig
                0x0000000008002518      0x19c ./Drivers/STM32F0xx_HAL_Driver/Src/stm32f0xx_hal_rcc.o
                0x0000000008002518                HAL_RCC_ClockConfig
 .text.HAL_RCC_GetSysClockFreq
                0x00000000080026b4       0xc8 ./Drivers/STM32F0xx_HAL_Driver/Src/stm32f0xx_hal_rcc.o
                0x00000000080026b4                HAL_RCC_GetSysClockFreq
 .text.HAL_RCC_GetHCLKFreq
                0x000000000800277c       0x14 ./Drivers/STM32F0xx_HAL_Driver/Src/stm32f0xx_hal_rcc.o
                0x000000000800277c                HAL_RCC_GetHCLKFreq
 .text.HAL_RCC_GetPCLK1Freq
                0x0000000008002790       0x2c ./Drivers/STM32F0xx_HAL_Driver/Src/stm32f0xx_hal_rcc.o
                0x0000000008002790                HAL_RCC_GetPCLK1Freq
 .text.HAL_RCC_GetClockConfig
                0x00000000080027bc       0x54 ./Drivers/STM32F0xx_HAL_Driver/Src/stm32f0xx_hal_rcc.o
                0x00000000080027bc                HAL_RCC_GetClockConfig
 .text.HAL_RCCEx_PeriphCLKConfig
                0x0000000008002810      0x19c ./Drivers/STM32F0xx_HAL_Driver/Src/stm32f0xx_hal_rcc_ex.o
                0x0000000008002810                HAL_RCCEx_PeriphCLKConfig
 .text.HAL_RTC_Init
                0x00000000080029ac      0x128 ./Drivers/STM32F0xx_HAL_Driver/Src/stm32f0xx_hal_rtc.o
                0x00000000080029ac                HAL_RTC_Init
 .text.HAL_RTC_SetTime
                0x0000000008002ad4      0x178 ./Drivers/STM32F0xx_HAL_Driver/Src/stm32f0xx_hal_rtc.o
                0x0000000008002ad4                HAL_RTC_SetTime
 .text.HAL_RTC_SetDate
                0x0000000008002c4c      0x14c ./Drivers/STM32F0xx_HAL_Driver/Src/stm32f0xx_hal_rtc.o
                0x0000000008002c4c                HAL_RTC_SetDate
 .text.HAL_RTC_WaitForSynchro
                0x0000000008002d98       0x52 ./Drivers/STM32F0xx_HAL_Driver/Src/stm32f0xx_hal_rtc.o
                0x0000000008002d98                HAL_RTC_WaitForSynchro
 .text.RTC_EnterInitMode
                0x0000000008002dea       0x58 ./Drivers/STM32F0xx_HAL_Driver/Src/stm32f0xx_hal_rtc.o
                0x0000000008002dea                RTC_EnterInitMode
 .text.RTC_ByteToBcd2
                0x0000000008002e42       0x42 ./Drivers/STM32F0xx_HAL_Driver/Src/stm32f0xx_hal_rtc.o
                0x0000000008002e42                RTC_ByteToBcd2
 .text.HAL_TIM_Base_Init
                0x0000000008002e84       0xa0 ./Drivers/STM32F0xx_HAL_Driver/Src/stm32f0xx_hal_tim.o
                0x0000000008002e84                HAL_TIM_Base_Init
 .text.HAL_TIM_Base_MspInit
                0x0000000008002f24       0x10 ./Drivers/STM32F0xx_HAL_Driver/Src/stm32f0xx_hal_tim.o
                0x0000000008002f24                HAL_TIM_Base_MspInit
 .text.HAL_TIM_Base_Start_IT
                0x0000000008002f34       0x98 ./Drivers/STM32F0xx_HAL_Driver/Src/stm32f0xx_hal_tim.o
                0x0000000008002f34                HAL_TIM_Base_Start_IT
 .text.HAL_TIM_IRQHandler
                0x0000000008002fcc      0x22c ./Drivers/STM32F0xx_HAL_Driver/Src/stm32f0xx_hal_tim.o
                0x0000000008002fcc                HAL_TIM_IRQHandler
 .text.HAL_TIM_OC_DelayElapsedCallback
                0x00000000080031f8       0x10 ./Drivers/STM32F0xx_HAL_Driver/Src/stm32f0xx_hal_tim.o
                0x00000000080031f8                HAL_TIM_OC_DelayElapsedCallback
 .text.HAL_TIM_IC_CaptureCallback
                0x0000000008003208       0x10 ./Drivers/STM32F0xx_HAL_Driver/Src/stm32f0xx_hal_tim.o
                0x0000000008003208                HAL_TIM_IC_CaptureCallback
 .text.HAL_TIM_PWM_PulseFinishedCallback
                0x0000000008003218       0x10 ./Drivers/STM32F0xx_HAL_Driver/Src/stm32f0xx_hal_tim.o
                0x0000000008003218                HAL_TIM_PWM_PulseFinishedCallback
 .text.HAL_TIM_TriggerCallback
                0x0000000008003228       0x10 ./Drivers/STM32F0xx_HAL_Driver/Src/stm32f0xx_hal_tim.o
                0x0000000008003228                HAL_TIM_TriggerCallback
 .text.TIM_Base_SetConfig
                0x0000000008003238       0xec ./Drivers/STM32F0xx_HAL_Driver/Src/stm32f0xx_hal_tim.o
                0x0000000008003238                TIM_Base_SetConfig
 .text.HAL_TIMEx_CommutCallback
                0x0000000008003324       0x10 ./Drivers/STM32F0xx_HAL_Driver/Src/stm32f0xx_hal_tim_ex.o
                0x0000000008003324                HAL_TIMEx_CommutCallback
 .text.HAL_TIMEx_BreakCallback
                0x0000000008003334       0x10 ./Drivers/STM32F0xx_HAL_Driver/Src/stm32f0xx_hal_tim_ex.o
                0x0000000008003334                HAL_TIMEx_BreakCallback
 .text.HAL_UART_Init
                0x0000000008003344       0xa8 ./Drivers/STM32F0xx_HAL_Driver/Src/stm32f0xx_hal_uart.o
                0x0000000008003344                HAL_UART_Init
 .text.HAL_UART_Transmit
                0x00000000080033ec      0x152 ./Drivers/STM32F0xx_HAL_Driver/Src/stm32f0xx_hal_uart.o
                0x00000000080033ec                HAL_UART_Transmit
 *fill*         0x000000000800353e        0x2 
 .text.UART_SetConfig
                0x0000000008003540      0x280 ./Drivers/STM32F0xx_HAL_Driver/Src/stm32f0xx_hal_uart.o
                0x0000000008003540                UART_SetConfig
 .text.UART_AdvFeatureConfig
                0x00000000080037c0      0x168 ./Drivers/STM32F0xx_HAL_Driver/Src/stm32f0xx_hal_uart.o
                0x00000000080037c0                UART_AdvFeatureConfig
 .text.UART_CheckIdleState
                0x0000000008003928       0x90 ./Drivers/STM32F0xx_HAL_Driver/Src/stm32f0xx_hal_uart.o
                0x0000000008003928                UART_CheckIdleState
 .text.UART_WaitOnFlagUntilTimeout
                0x00000000080039b8      0x188 ./Drivers/STM32F0xx_HAL_Driver/Src/stm32f0xx_hal_uart.o
                0x00000000080039b8                UART_WaitOnFlagUntilTimeout
 .text.makeFreeRtosPriority
                0x0000000008003b40       0x32 ./Middlewares/Third_Party/FreeRTOS/Source/CMSIS_RTOS/cmsis_os.o
 .text.osKernelStart
                0x0000000008003b72       0x10 ./Middlewares/Third_Party/FreeRTOS/Source/CMSIS_RTOS/cmsis_os.o
                0x0000000008003b72                osKernelStart
 .text.osThreadCreate
                0x0000000008003b82       0x4c ./Middlewares/Third_Party/FreeRTOS/Source/CMSIS_RTOS/cmsis_os.o
                0x0000000008003b82                osThreadCreate
 .text.osDelay  0x0000000008003bce       0x28 ./Middlewares/Third_Party/FreeRTOS/Source/CMSIS_RTOS/cmsis_os.o
                0x0000000008003bce                osDelay
 .text.vListInitialise
                0x0000000008003bf6       0x3c ./Middlewares/Third_Party/FreeRTOS/Source/list.o
                0x0000000008003bf6                vListInitialise
 .text.vListInitialiseItem
                0x0000000008003c32       0x16 ./Middlewares/Third_Party/FreeRTOS/Source/list.o
                0x0000000008003c32                vListInitialiseItem
 .text.vListInsertEnd
                0x0000000008003c48       0x44 ./Middlewares/Third_Party/FreeRTOS/Source/list.o
                0x0000000008003c48                vListInsertEnd
 .text.vListInsert
                0x0000000008003c8c       0x6c ./Middlewares/Third_Party/FreeRTOS/Source/list.o
                0x0000000008003c8c                vListInsert
 .text.uxListRemove
                0x0000000008003cf8       0x50 ./Middlewares/Third_Party/FreeRTOS/Source/list.o
                0x0000000008003cf8                uxListRemove
 .text.xTaskCreateStatic
                0x0000000008003d48       0x7e ./Middlewares/Third_Party/FreeRTOS/Source/tasks.o
                0x0000000008003d48                xTaskCreateStatic
 *fill*         0x0000000008003dc6        0x2 
 .text.prvInitialiseNewTask
                0x0000000008003dc8      0x114 ./Middlewares/Third_Party/FreeRTOS/Source/tasks.o
 .text.prvAddNewTaskToReadyList
                0x0000000008003edc       0xc8 ./Middlewares/Third_Party/FreeRTOS/Source/tasks.o
 .text.vTaskDelay
                0x0000000008003fa4       0x4c ./Middlewares/Third_Party/FreeRTOS/Source/tasks.o
                0x0000000008003fa4                vTaskDelay
 .text.vTaskStartScheduler
                0x0000000008003ff0       0xb0 ./Middlewares/Third_Party/FreeRTOS/Source/tasks.o
                0x0000000008003ff0                vTaskStartScheduler
 .text.vTaskSuspendAll
                0x00000000080040a0       0x18 ./Middlewares/Third_Party/FreeRTOS/Source/tasks.o
                0x00000000080040a0                vTaskSuspendAll
 .text.xTaskResumeAll
                0x00000000080040b8      0x118 ./Middlewares/Third_Party/FreeRTOS/Source/tasks.o
                0x00000000080040b8                xTaskResumeAll
 .text.xTaskIncrementTick
                0x00000000080041d0      0x168 ./Middlewares/Third_Party/FreeRTOS/Source/tasks.o
                0x00000000080041d0                xTaskIncrementTick
 .text.vTaskSwitchContext
                0x0000000008004338       0xb4 ./Middlewares/Third_Party/FreeRTOS/Source/tasks.o
                0x0000000008004338                vTaskSwitchContext
 .text.prvIdleTask
                0x00000000080043ec       0x20 ./Middlewares/Third_Party/FreeRTOS/Source/tasks.o
 .text.prvInitialiseTaskLists
                0x000000000800440c       0x88 ./Middlewares/Third_Party/FreeRTOS/Source/tasks.o
 .text.prvCheckTasksWaitingTermination
                0x0000000008004494       0x5c ./Middlewares/Third_Party/FreeRTOS/Source/tasks.o
 .text.prvDeleteTCB
                0x00000000080044f0       0x1a ./Middlewares/Third_Party/FreeRTOS/Source/tasks.o
 *fill*         0x000000000800450a        0x2 
 .text.prvResetNextTaskUnblockTime
                0x000000000800450c       0x48 ./Middlewares/Third_Party/FreeRTOS/Source/tasks.o
 .text.prvAddCurrentTaskToDelayedList
                0x0000000008004554       0xa8 ./Middlewares/Third_Party/FreeRTOS/Source/tasks.o
 .text.pxPortInitialiseStack
                0x00000000080045fc       0x54 ./Middlewares/Third_Party/FreeRTOS/Source/portable/GCC/ARM_CM0/port.o
                0x00000000080045fc                pxPortInitialiseStack
 .text.prvTaskExitError
                0x0000000008004650       0x30 ./Middlewares/Third_Party/FreeRTOS/Source/portable/GCC/ARM_CM0/port.o
 .text.SVC_Handler
                0x0000000008004680        0xa ./Middlewares/Third_Party/FreeRTOS/Source/portable/GCC/ARM_CM0/port.o
                0x0000000008004680                SVC_Handler
 *fill*         0x000000000800468a        0x6 
 .text.vPortStartFirstTask
                0x0000000008004690       0x38 ./Middlewares/Third_Party/FreeRTOS/Source/portable/GCC/ARM_CM0/port.o
 .text.xPortStartScheduler
                0x00000000080046c8       0x48 ./Middlewares/Third_Party/FreeRTOS/Source/portable/GCC/ARM_CM0/port.o
                0x00000000080046c8                xPortStartScheduler
 .text.vPortYield
                0x0000000008004710       0x20 ./Middlewares/Third_Party/FreeRTOS/Source/portable/GCC/ARM_CM0/port.o
                0x0000000008004710                vPortYield
 .text.vPortEnterCritical
                0x0000000008004730       0x24 ./Middlewares/Third_Party/FreeRTOS/Source/portable/GCC/ARM_CM0/port.o
                0x0000000008004730                vPortEnterCritical
 .text.vPortExitCritical
                0x0000000008004754       0x30 ./Middlewares/Third_Party/FreeRTOS/Source/portable/GCC/ARM_CM0/port.o
                0x0000000008004754                vPortExitCritical
 .text.ulSetInterruptMaskFromISR
                0x0000000008004784        0xc ./Middlewares/Third_Party/FreeRTOS/Source/portable/GCC/ARM_CM0/port.o
                0x0000000008004784                ulSetInterruptMaskFromISR
 .text.vClearInterruptMaskFromISR
                0x0000000008004790        0x8 ./Middlewares/Third_Party/FreeRTOS/Source/portable/GCC/ARM_CM0/port.o
                0x0000000008004790                vClearInterruptMaskFromISR
 *fill*         0x0000000008004798        0x8 
 .text.PendSV_Handler
                0x00000000080047a0       0x48 ./Middlewares/Third_Party/FreeRTOS/Source/portable/GCC/ARM_CM0/port.o
                0x00000000080047a0                PendSV_Handler
 .text.SysTick_Handler
                0x00000000080047e8       0x34 ./Middlewares/Third_Party/FreeRTOS/Source/portable/GCC/ARM_CM0/port.o
                0x00000000080047e8                SysTick_Handler
 .text.prvSetupTimerInterrupt
                0x000000000800481c       0x44 ./Middlewares/Third_Party/FreeRTOS/Source/portable/GCC/ARM_CM0/port.o
 .text.__libc_init_array
                0x0000000008004860       0x48 /opt/st/stm32cubeide_1.9.0/plugins/com.st.stm32cube.ide.mcu.externaltools.gnu-tools-for-stm32.10.3-2021.10.linux64_1.0.0.202111181127/tools/bin/../lib/gcc/arm-none-eabi/10.3.1/../../../../arm-none-eabi/lib/thumb/v6-m/nofp/libc_nano.a(lib_a-init.o)
                0x0000000008004860                __libc_init_array
 .text.__retarget_lock_acquire_recursive
                0x00000000080048a8        0x2 /opt/st/stm32cubeide_1.9.0/plugins/com.st.stm32cube.ide.mcu.externaltools.gnu-tools-for-stm32.10.3-2021.10.linux64_1.0.0.202111181127/tools/bin/../lib/gcc/arm-none-eabi/10.3.1/../../../../arm-none-eabi/lib/thumb/v6-m/nofp/libc_nano.a(lib_a-lock.o)
                0x00000000080048a8                __retarget_lock_acquire_recursive
 .text.__retarget_lock_release_recursive
                0x00000000080048aa        0x2 /opt/st/stm32cubeide_1.9.0/plugins/com.st.stm32cube.ide.mcu.externaltools.gnu-tools-for-stm32.10.3-2021.10.linux64_1.0.0.202111181127/tools/bin/../lib/gcc/arm-none-eabi/10.3.1/../../../../arm-none-eabi/lib/thumb/v6-m/nofp/libc_nano.a(lib_a-lock.o)
                0x00000000080048aa                __retarget_lock_release_recursive
 .text.memset   0x00000000080048ac       0x10 /opt/st/stm32cubeide_1.9.0/plugins/com.st.stm32cube.ide.mcu.externaltools.gnu-tools-for-stm32.10.3-2021.10.linux64_1.0.0.202111181127/tools/bin/../lib/gcc/arm-none-eabi/10.3.1/../../../../arm-none-eabi/lib/thumb/v6-m/nofp/libc_nano.a(lib_a-memset.o)
                0x00000000080048ac                memset
 .text._free_r  0x00000000080048bc       0x94 /opt/st/stm32cubeide_1.9.0/plugins/com.st.stm32cube.ide.mcu.externaltools.gnu-tools-for-stm32.10.3-2021.10.linux64_1.0.0.202111181127/tools/bin/../lib/gcc/arm-none-eabi/10.3.1/../../../../arm-none-eabi/lib/thumb/v6-m/nofp/libc_nano.a(lib_a-nano-freer.o)
                0x00000000080048bc                _free_r
 .text.cleanup_glue
                0x0000000008004950       0x1a /opt/st/stm32cubeide_1.9.0/plugins/com.st.stm32cube.ide.mcu.externaltools.gnu-tools-for-stm32.10.3-2021.10.linux64_1.0.0.202111181127/tools/bin/../lib/gcc/arm-none-eabi/10.3.1/../../../../arm-none-eabi/lib/thumb/v6-m/nofp/libc_nano.a(lib_a-reent.o)
                0x0000000008004950                cleanup_glue
 *fill*         0x000000000800496a        0x2 
 .text._reclaim_reent
                0x000000000800496c       0xcc /opt/st/stm32cubeide_1.9.0/plugins/com.st.stm32cube.ide.mcu.externaltools.gnu-tools-for-stm32.10.3-2021.10.linux64_1.0.0.202111181127/tools/bin/../lib/gcc/arm-none-eabi/10.3.1/../../../../arm-none-eabi/lib/thumb/v6-m/nofp/libc_nano.a(lib_a-reent.o)
                0x000000000800496c                _reclaim_reent
 .text.__malloc_lock
                0x0000000008004a38       0x10 /opt/st/stm32cubeide_1.9.0/plugins/com.st.stm32cube.ide.mcu.externaltools.gnu-tools-for-stm32.10.3-2021.10.linux64_1.0.0.202111181127/tools/bin/../lib/gcc/arm-none-eabi/10.3.1/../../../../arm-none-eabi/lib/thumb/v6-m/nofp/libc_nano.a(lib_a-mlock.o)
                0x0000000008004a38                __malloc_lock
 .text.__malloc_unlock
                0x0000000008004a48       0x10 /opt/st/stm32cubeide_1.9.0/plugins/com.st.stm32cube.ide.mcu.externaltools.gnu-tools-for-stm32.10.3-2021.10.linux64_1.0.0.202111181127/tools/bin/../lib/gcc/arm-none-eabi/10.3.1/../../../../arm-none-eabi/lib/thumb/v6-m/nofp/libc_nano.a(lib_a-mlock.o)
                0x0000000008004a48                __malloc_unlock
 *(.glue_7)
 .glue_7        0x0000000008004a58        0x0 linker stubs
 *(.glue_7t)
 .glue_7t       0x0000000008004a58        0x0 linker stubs
 *(.eh_frame)
 .eh_frame      0x0000000008004a58        0x0 /opt/st/stm32cubeide_1.9.0/plugins/com.st.stm32cube.ide.mcu.externaltools.gnu-tools-for-stm32.10.3-2021.10.linux64_1.0.0.202111181127/tools/bin/../lib/gcc/arm-none-eabi/10.3.1/thumb/v6-m/nofp/crtbegin.o
 *(.init)
 .init          0x0000000008004a58        0x4 /opt/st/stm32cubeide_1.9.0/plugins/com.st.stm32cube.ide.mcu.externaltools.gnu-tools-for-stm32.10.3-2021.10.linux64_1.0.0.202111181127/tools/bin/../lib/gcc/arm-none-eabi/10.3.1/thumb/v6-m/nofp/crti.o
                0x0000000008004a58                _init
 .init          0x0000000008004a5c        0x8 /opt/st/stm32cubeide_1.9.0/plugins/com.st.stm32cube.ide.mcu.externaltools.gnu-tools-for-stm32.10.3-2021.10.linux64_1.0.0.202111181127/tools/bin/../lib/gcc/arm-none-eabi/10.3.1/thumb/v6-m/nofp/crtn.o
 *(.fini)
 .fini          0x0000000008004a64        0x4 /opt/st/stm32cubeide_1.9.0/plugins/com.st.stm32cube.ide.mcu.externaltools.gnu-tools-for-stm32.10.3-2021.10.linux64_1.0.0.202111181127/tools/bin/../lib/gcc/arm-none-eabi/10.3.1/thumb/v6-m/nofp/crti.o
                0x0000000008004a64                _fini
 .fini          0x0000000008004a68        0x8 /opt/st/stm32cubeide_1.9.0/plugins/com.st.stm32cube.ide.mcu.externaltools.gnu-tools-for-stm32.10.3-2021.10.linux64_1.0.0.202111181127/tools/bin/../lib/gcc/arm-none-eabi/10.3.1/thumb/v6-m/nofp/crtn.o
                0x0000000008004a70                . = ALIGN (0x4)
                0x0000000008004a70                _etext = .

.vfp11_veneer   0x0000000008004a70        0x0
 .vfp11_veneer  0x0000000008004a70        0x0 linker stubs

.v4_bx          0x0000000008004a70        0x0
 .v4_bx         0x0000000008004a70        0x0 linker stubs

.iplt           0x0000000008004a70        0x0
 .iplt          0x0000000008004a70        0x0 /opt/st/stm32cubeide_1.9.0/plugins/com.st.stm32cube.ide.mcu.externaltools.gnu-tools-for-stm32.10.3-2021.10.linux64_1.0.0.202111181127/tools/bin/../lib/gcc/arm-none-eabi/10.3.1/thumb/v6-m/nofp/crtbegin.o

.rodata         0x0000000008004a70      0x11c
                0x0000000008004a70                . = ALIGN (0x4)
 *(.rodata)
 .rodata        0x0000000008004a70        0x3 ./Core/Src/AppMain.o
 *fill*         0x0000000008004a73        0x1 
 .rodata        0x0000000008004a74       0x78 ./Core/Src/main.o
 .rodata        0x0000000008004aec       0x20 ./Drivers/STM32F0xx_HAL_Driver/Src/stm32f0xx_hal_rcc.o
 .rodata        0x0000000008004b0c        0x5 ./Middlewares/Third_Party/FreeRTOS/Source/tasks.o
 *(.rodata*)
 *fill*         0x0000000008004b11        0x3 
 .rodata.AHBPrescTable
                0x0000000008004b14       0x10 ./Core/Src/system_stm32f0xx.o
                0x0000000008004b14                AHBPrescTable
 .rodata.APBPrescTable
                0x0000000008004b24        0x8 ./Core/Src/system_stm32f0xx.o
                0x0000000008004b24                APBPrescTable
 .rodata.__sf_fake_stderr
                0x0000000008004b2c       0x20 /opt/st/stm32cubeide_1.9.0/plugins/com.st.stm32cube.ide.mcu.externaltools.gnu-tools-for-stm32.10.3-2021.10.linux64_1.0.0.202111181127/tools/bin/../lib/gcc/arm-none-eabi/10.3.1/../../../../arm-none-eabi/lib/thumb/v6-m/nofp/libc_nano.a(lib_a-findfp.o)
                0x0000000008004b2c                __sf_fake_stderr
 .rodata.__sf_fake_stdin
                0x0000000008004b4c       0x20 /opt/st/stm32cubeide_1.9.0/plugins/com.st.stm32cube.ide.mcu.externaltools.gnu-tools-for-stm32.10.3-2021.10.linux64_1.0.0.202111181127/tools/bin/../lib/gcc/arm-none-eabi/10.3.1/../../../../arm-none-eabi/lib/thumb/v6-m/nofp/libc_nano.a(lib_a-findfp.o)
                0x0000000008004b4c                __sf_fake_stdin
 .rodata.__sf_fake_stdout
                0x0000000008004b6c       0x20 /opt/st/stm32cubeide_1.9.0/plugins/com.st.stm32cube.ide.mcu.externaltools.gnu-tools-for-stm32.10.3-2021.10.linux64_1.0.0.202111181127/tools/bin/../lib/gcc/arm-none-eabi/10.3.1/../../../../arm-none-eabi/lib/thumb/v6-m/nofp/libc_nano.a(lib_a-findfp.o)
                0x0000000008004b6c                __sf_fake_stdout
                0x0000000008004b8c                . = ALIGN (0x4)

.rel.dyn        0x0000000008004b8c        0x0
 .rel.iplt      0x0000000008004b8c        0x0 /opt/st/stm32cubeide_1.9.0/plugins/com.st.stm32cube.ide.mcu.externaltools.gnu-tools-for-stm32.10.3-2021.10.linux64_1.0.0.202111181127/tools/bin/../lib/gcc/arm-none-eabi/10.3.1/thumb/v6-m/nofp/crtbegin.o

.ARM.extab      0x0000000008004b8c        0x0
                0x0000000008004b8c                . = ALIGN (0x4)
 *(.ARM.extab* .gnu.linkonce.armextab.*)
                0x0000000008004b8c                . = ALIGN (0x4)

.ARM            0x0000000008004b8c        0x0
                0x0000000008004b8c                . = ALIGN (0x4)
                0x0000000008004b8c                __exidx_start = .
 *(.ARM.exidx*)
                0x0000000008004b8c                __exidx_end = .
                0x0000000008004b8c                . = ALIGN (0x4)

.preinit_array  0x0000000008004b8c        0x0
                0x0000000008004b8c                . = ALIGN (0x4)
                0x0000000008004b8c                PROVIDE (__preinit_array_start = .)
 *(.preinit_array*)
                0x0000000008004b8c                PROVIDE (__preinit_array_end = .)
                0x0000000008004b8c                . = ALIGN (0x4)

.init_array     0x0000000008004b8c        0x8
                0x0000000008004b8c                . = ALIGN (0x4)
                0x0000000008004b8c                PROVIDE (__init_array_start = .)
 *(SORT_BY_NAME(.init_array.*))
 *(.init_array*)
 .init_array    0x0000000008004b8c        0x4 /opt/st/stm32cubeide_1.9.0/plugins/com.st.stm32cube.ide.mcu.externaltools.gnu-tools-for-stm32.10.3-2021.10.linux64_1.0.0.202111181127/tools/bin/../lib/gcc/arm-none-eabi/10.3.1/thumb/v6-m/nofp/crtbegin.o
 .init_array    0x0000000008004b90        0x4 ./Core/Src/AppMain.o
                0x0000000008004b94                PROVIDE (__init_array_end = .)
                0x0000000008004b94                . = ALIGN (0x4)

.fini_array     0x0000000008004b94        0x8
                0x0000000008004b94                . = ALIGN (0x4)
                [!provide]                        PROVIDE (__fini_array_start = .)
 *(SORT_BY_NAME(.fini_array.*))
 *(.fini_array*)
 .fini_array    0x0000000008004b94        0x4 /opt/st/stm32cubeide_1.9.0/plugins/com.st.stm32cube.ide.mcu.externaltools.gnu-tools-for-stm32.10.3-2021.10.linux64_1.0.0.202111181127/tools/bin/../lib/gcc/arm-none-eabi/10.3.1/thumb/v6-m/nofp/crtbegin.o
 .fini_array    0x0000000008004b98        0x4 ./Core/Src/AppMain.o
                [!provide]                        PROVIDE (__fini_array_end = .)
                0x0000000008004b9c                . = ALIGN (0x4)
                0x0000000008004b9c                _sidata = LOADADDR (.data)

.data           0x0000000020000000       0x70 load address 0x0000000008004b9c
                0x0000000020000000                . = ALIGN (0x4)
                0x0000000020000000                _sdata = .
 *(.data)
 *(.data*)
 .data.SystemCoreClock
                0x0000000020000000        0x4 ./Core/Src/system_stm32f0xx.o
                0x0000000020000000                SystemCoreClock
 .data.uwTickFreq
                0x0000000020000004        0x1 ./Drivers/STM32F0xx_HAL_Driver/Src/stm32f0xx_hal.o
                0x0000000020000004                uwTickFreq
 *fill*         0x0000000020000005        0x3 
 .data.uxCriticalNesting
                0x0000000020000008        0x4 ./Middlewares/Third_Party/FreeRTOS/Source/portable/GCC/ARM_CM0/port.o
 .data._impure_ptr
                0x000000002000000c        0x4 /opt/st/stm32cubeide_1.9.0/plugins/com.st.stm32cube.ide.mcu.externaltools.gnu-tools-for-stm32.10.3-2021.10.linux64_1.0.0.202111181127/tools/bin/../lib/gcc/arm-none-eabi/10.3.1/../../../../arm-none-eabi/lib/thumb/v6-m/nofp/libc_nano.a(lib_a-impure.o)
                0x000000002000000c                _impure_ptr
 .data.impure_data
                0x0000000020000010       0x60 /opt/st/stm32cubeide_1.9.0/plugins/com.st.stm32cube.ide.mcu.externaltools.gnu-tools-for-stm32.10.3-2021.10.linux64_1.0.0.202111181127/tools/bin/../lib/gcc/arm-none-eabi/10.3.1/../../../../arm-none-eabi/lib/thumb/v6-m/nofp/libc_nano.a(lib_a-impure.o)
 *(.RamFunc)
 *(.RamFunc*)
                0x0000000020000070                . = ALIGN (0x4)
                0x0000000020000070                _edata = .

.igot.plt       0x0000000020000070        0x0 load address 0x0000000008004c0c
 .igot.plt      0x0000000020000070        0x0 /opt/st/stm32cubeide_1.9.0/plugins/com.st.stm32cube.ide.mcu.externaltools.gnu-tools-for-stm32.10.3-2021.10.linux64_1.0.0.202111181127/tools/bin/../lib/gcc/arm-none-eabi/10.3.1/thumb/v6-m/nofp/crtbegin.o
                0x0000000020000070                . = ALIGN (0x4)

.bss            0x0000000020000070     0x1420 load address 0x0000000008004c0c
                0x0000000020000070                _sbss = .
                0x0000000020000070                __bss_start__ = _sbss
 *(.bss)
 .bss           0x0000000020000070       0x1c /opt/st/stm32cubeide_1.9.0/plugins/com.st.stm32cube.ide.mcu.externaltools.gnu-tools-for-stm32.10.3-2021.10.linux64_1.0.0.202111181127/tools/bin/../lib/gcc/arm-none-eabi/10.3.1/thumb/v6-m/nofp/crtbegin.o
 *(.bss*)
 .bss.KQ130F    0x000000002000008c      0x218 ./Core/Src/AppMain.o
                0x000000002000008c                KQ130F
 .bss.xIdleTaskTCBBuffer
                0x00000000200002a4       0xac ./Core/Src/freertos.o
 .bss.xIdleStack
                0x0000000020000350      0x100 ./Core/Src/freertos.o
 .bss.hcrc      0x0000000020000450       0x1c ./Core/Src/main.o
                0x0000000020000450                hcrc
 .bss.hi2c1     0x000000002000046c       0x4c ./Core/Src/main.o
                0x000000002000046c                hi2c1
 .bss.hiwdg     0x00000000200004b8       0x10 ./Core/Src/main.o
                0x00000000200004b8                hiwdg
 .bss.hrtc      0x00000000200004c8       0x20 ./Core/Src/main.o
                0x00000000200004c8                hrtc
 .bss.huart1    0x00000000200004e8       0x84 ./Core/Src/main.o
                0x00000000200004e8                huart1
 .bss.huart2    0x000000002000056c       0x84 ./Core/Src/main.o
                0x000000002000056c                huart2
 .bss.hdma_usart1_rx
                0x00000000200005f0       0x44 ./Core/Src/main.o
                0x00000000200005f0                hdma_usart1_rx
 .bss.hdma_usart1_tx
                0x0000000020000634       0x44 ./Core/Src/main.o
                0x0000000020000634                hdma_usart1_tx
 .bss.hdma_usart2_tx
                0x0000000020000678       0x44 ./Core/Src/main.o
                0x0000000020000678                hdma_usart2_tx
 .bss.hdma_usart2_rx
                0x00000000200006bc       0x44 ./Core/Src/main.o
                0x00000000200006bc                hdma_usart2_rx
 .bss.defaultTaskHandle
                0x0000000020000700        0x4 ./Core/Src/main.o
                0x0000000020000700                defaultTaskHandle
 .bss.defaultTaskBuffer
                0x0000000020000704      0x200 ./Core/Src/main.o
                0x0000000020000704                defaultTaskBuffer
 .bss.defaultTaskControlBlock
                0x0000000020000904       0xac ./Core/Src/main.o
                0x0000000020000904                defaultTaskControlBlock
 .bss.myTask02Handle
                0x00000000200009b0        0x4 ./Core/Src/main.o
                0x00000000200009b0                myTask02Handle
 .bss.myTask02Buffer
                0x00000000200009b4      0x400 ./Core/Src/main.o
                0x00000000200009b4                myTask02Buffer
 .bss.myTask02ControlBlock
                0x0000000020000db4       0xac ./Core/Src/main.o
                0x0000000020000db4                myTask02ControlBlock
 .bss.myTask03Handle
                0x0000000020000e60        0x4 ./Core/Src/main.o
                0x0000000020000e60                myTask03Handle
 .bss.myTask03Buffer
                0x0000000020000e64      0x400 ./Core/Src/main.o
                0x0000000020000e64                myTask03Buffer
 .bss.myTask03ControlBlock
                0x0000000020001264       0xac ./Core/Src/main.o
                0x0000000020001264                myTask03ControlBlock
 .bss.htim17    0x0000000020001310       0x48 ./Core/Src/stm32f0xx_hal_timebase_tim.o
                0x0000000020001310                htim17
 .bss.uwTick    0x0000000020001358        0x4 ./Drivers/STM32F0xx_HAL_Driver/Src/stm32f0xx_hal.o
                0x0000000020001358                uwTick
 .bss.pxCurrentTCB
                0x000000002000135c        0x4 ./Middlewares/Third_Party/FreeRTOS/Source/tasks.o
                0x000000002000135c                pxCurrentTCB
 .bss.pxReadyTasksLists
                0x0000000020001360       0x8c ./Middlewares/Third_Party/FreeRTOS/Source/tasks.o
 .bss.xDelayedTaskList1
                0x00000000200013ec       0x14 ./Middlewares/Third_Party/FreeRTOS/Source/tasks.o
 .bss.xDelayedTaskList2
                0x0000000020001400       0x14 ./Middlewares/Third_Party/FreeRTOS/Source/tasks.o
 .bss.pxDelayedTaskList
                0x0000000020001414        0x4 ./Middlewares/Third_Party/FreeRTOS/Source/tasks.o
 .bss.pxOverflowDelayedTaskList
                0x0000000020001418        0x4 ./Middlewares/Third_Party/FreeRTOS/Source/tasks.o
 .bss.xPendingReadyList
                0x000000002000141c       0x14 ./Middlewares/Third_Party/FreeRTOS/Source/tasks.o
 .bss.xTasksWaitingTermination
                0x0000000020001430       0x14 ./Middlewares/Third_Party/FreeRTOS/Source/tasks.o
 .bss.uxDeletedTasksWaitingCleanUp
                0x0000000020001444        0x4 ./Middlewares/Third_Party/FreeRTOS/Source/tasks.o
 .bss.xSuspendedTaskList
                0x0000000020001448       0x14 ./Middlewares/Third_Party/FreeRTOS/Source/tasks.o
 .bss.uxCurrentNumberOfTasks
                0x000000002000145c        0x4 ./Middlewares/Third_Party/FreeRTOS/Source/tasks.o
 .bss.xTickCount
                0x0000000020001460        0x4 ./Middlewares/Third_Party/FreeRTOS/Source/tasks.o
 .bss.uxTopReadyPriority
                0x0000000020001464        0x4 ./Middlewares/Third_Party/FreeRTOS/Source/tasks.o
 .bss.xSchedulerRunning
                0x0000000020001468        0x4 ./Middlewares/Third_Party/FreeRTOS/Source/tasks.o
 .bss.uxPendedTicks
                0x000000002000146c        0x4 ./Middlewares/Third_Party/FreeRTOS/Source/tasks.o
 .bss.xYieldPending
                0x0000000020001470        0x4 ./Middlewares/Third_Party/FreeRTOS/Source/tasks.o
 .bss.xNumOfOverflows
                0x0000000020001474        0x4 ./Middlewares/Third_Party/FreeRTOS/Source/tasks.o
 .bss.uxTaskNumber
                0x0000000020001478        0x4 ./Middlewares/Third_Party/FreeRTOS/Source/tasks.o
 .bss.xNextTaskUnblockTime
                0x000000002000147c        0x4 ./Middlewares/Third_Party/FreeRTOS/Source/tasks.o
 .bss.xIdleTaskHandle
                0x0000000020001480        0x4 ./Middlewares/Third_Party/FreeRTOS/Source/tasks.o
 .bss.uxSchedulerSuspended
                0x0000000020001484        0x4 ./Middlewares/Third_Party/FreeRTOS/Source/tasks.o
 .bss.__lock___malloc_recursive_mutex
                0x0000000020001488        0x1 /opt/st/stm32cubeide_1.9.0/plugins/com.st.stm32cube.ide.mcu.externaltools.gnu-tools-for-stm32.10.3-2021.10.linux64_1.0.0.202111181127/tools/bin/../lib/gcc/arm-none-eabi/10.3.1/../../../../arm-none-eabi/lib/thumb/v6-m/nofp/libc_nano.a(lib_a-lock.o)
                0x0000000020001488                __lock___malloc_recursive_mutex
 *fill*         0x0000000020001489        0x3 
 .bss.__malloc_free_list
                0x000000002000148c        0x4 /opt/st/stm32cubeide_1.9.0/plugins/com.st.stm32cube.ide.mcu.externaltools.gnu-tools-for-stm32.10.3-2021.10.linux64_1.0.0.202111181127/tools/bin/../lib/gcc/arm-none-eabi/10.3.1/../../../../arm-none-eabi/lib/thumb/v6-m/nofp/libc_nano.a(lib_a-nano-mallocr.o)
                0x000000002000148c                __malloc_free_list
 *(COMMON)
                0x0000000020001490                . = ALIGN (0x4)
                0x0000000020001490                _ebss = .
                0x0000000020001490                __bss_end__ = _ebss

._user_heap_stack
                0x0000000020001490      0x600 load address 0x0000000008004c0c
                0x0000000020001490                . = ALIGN (0x8)
                [!provide]                        PROVIDE (end = .)
                0x0000000020001490                PROVIDE (_end = .)
                0x0000000020001690                . = (. + _Min_Heap_Size)
 *fill*         0x0000000020001490      0x200 
                0x0000000020001a90                . = (. + _Min_Stack_Size)
 *fill*         0x0000000020001690      0x400 
                0x0000000020001a90                . = ALIGN (0x8)

/DISCARD/
 libc.a(*)
 libm.a(*)
 libgcc.a(*)

.ARM.attributes
                0x0000000000000000       0x28
 *(.ARM.attributes)
 .ARM.attributes
                0x0000000000000000       0x1e /opt/st/stm32cubeide_1.9.0/plugins/com.st.stm32cube.ide.mcu.externaltools.gnu-tools-for-stm32.10.3-2021.10.linux64_1.0.0.202111181127/tools/bin/../lib/gcc/arm-none-eabi/10.3.1/thumb/v6-m/nofp/crti.o
 .ARM.attributes
                0x000000000000001e       0x2c /opt/st/stm32cubeide_1.9.0/plugins/com.st.stm32cube.ide.mcu.externaltools.gnu-tools-for-stm32.10.3-2021.10.linux64_1.0.0.202111181127/tools/bin/../lib/gcc/arm-none-eabi/10.3.1/thumb/v6-m/nofp/crtbegin.o
 .ARM.attributes
                0x000000000000004a       0x2c ./Core/Src/AppMain.o
 .ARM.attributes
                0x0000000000000076       0x2c ./Core/Src/freertos.o
 .ARM.attributes
                0x00000000000000a2       0x2c ./Core/Src/main.o
 .ARM.attributes
                0x00000000000000ce       0x2c ./Core/Src/stm32f0xx_hal_msp.o
 .ARM.attributes
                0x00000000000000fa       0x2c ./Core/Src/stm32f0xx_hal_timebase_tim.o
 .ARM.attributes
                0x0000000000000126       0x2c ./Core/Src/stm32f0xx_it.o
 .ARM.attributes
                0x0000000000000152       0x2c ./Core/Src/system_stm32f0xx.o
 .ARM.attributes
                0x000000000000017e       0x21 ./Core/Startup/startup_stm32f030c8tx.o
 .ARM.attributes
                0x000000000000019f       0x2c ./Drivers/STM32F0xx_HAL_Driver/Src/stm32f0xx_hal.o
 .ARM.attributes
                0x00000000000001cb       0x2c ./Drivers/STM32F0xx_HAL_Driver/Src/stm32f0xx_hal_cortex.o
 .ARM.attributes
                0x00000000000001f7       0x2c ./Drivers/STM32F0xx_HAL_Driver/Src/stm32f0xx_hal_crc.o
 .ARM.attributes
                0x0000000000000223       0x2c ./Drivers/STM32F0xx_HAL_Driver/Src/stm32f0xx_hal_dma.o
 .ARM.attributes
                0x000000000000024f       0x2c ./Drivers/STM32F0xx_HAL_Driver/Src/stm32f0xx_hal_gpio.o
 .ARM.attributes
                0x000000000000027b       0x2c ./Drivers/STM32F0xx_HAL_Driver/Src/stm32f0xx_hal_i2c.o
 .ARM.attributes
                0x00000000000002a7       0x2c ./Drivers/STM32F0xx_HAL_Driver/Src/stm32f0xx_hal_i2c_ex.o
 .ARM.attributes
                0x00000000000002d3       0x2c ./Drivers/STM32F0xx_HAL_Driver/Src/stm32f0xx_hal_iwdg.o
 .ARM.attributes
                0x00000000000002ff       0x2c ./Drivers/STM32F0xx_HAL_Driver/Src/stm32f0xx_hal_pwr.o
 .ARM.attributes
                0x000000000000032b       0x2c ./Drivers/STM32F0xx_HAL_Driver/Src/stm32f0xx_hal_rcc.o
 .ARM.attributes
                0x0000000000000357       0x2c ./Drivers/STM32F0xx_HAL_Driver/Src/stm32f0xx_hal_rcc_ex.o
 .ARM.attributes
                0x0000000000000383       0x2c ./Drivers/STM32F0xx_HAL_Driver/Src/stm32f0xx_hal_rtc.o
 .ARM.attributes
                0x00000000000003af       0x2c ./Drivers/STM32F0xx_HAL_Driver/Src/stm32f0xx_hal_tim.o
 .ARM.attributes
                0x00000000000003db       0x2c ./Drivers/STM32F0xx_HAL_Driver/Src/stm32f0xx_hal_tim_ex.o
 .ARM.attributes
                0x0000000000000407       0x2c ./Drivers/STM32F0xx_HAL_Driver/Src/stm32f0xx_hal_uart.o
 .ARM.attributes
                0x0000000000000433       0x2c ./Middlewares/Third_Party/FreeRTOS/Source/CMSIS_RTOS/cmsis_os.o
 .ARM.attributes
                0x000000000000045f       0x2c ./Middlewares/Third_Party/FreeRTOS/Source/list.o
 .ARM.attributes
                0x000000000000048b       0x2c ./Middlewares/Third_Party/FreeRTOS/Source/tasks.o
 .ARM.attributes
                0x00000000000004b7       0x2c ./Middlewares/Third_Party/FreeRTOS/Source/portable/GCC/ARM_CM0/port.o
 .ARM.attributes
                0x00000000000004e3       0x2c /opt/st/stm32cubeide_1.9.0/plugins/com.st.stm32cube.ide.mcu.externaltools.gnu-tools-for-stm32.10.3-2021.10.linux64_1.0.0.202111181127/tools/bin/../lib/gcc/arm-none-eabi/10.3.1/../../../../arm-none-eabi/lib/thumb/v6-m/nofp/libc_nano.a(lib_a-findfp.o)
 .ARM.attributes
                0x000000000000050f       0x2c /opt/st/stm32cubeide_1.9.0/plugins/com.st.stm32cube.ide.mcu.externaltools.gnu-tools-for-stm32.10.3-2021.10.linux64_1.0.0.202111181127/tools/bin/../lib/gcc/arm-none-eabi/10.3.1/../../../../arm-none-eabi/lib/thumb/v6-m/nofp/libc_nano.a(lib_a-impure.o)
 .ARM.attributes
                0x000000000000053b       0x2c /opt/st/stm32cubeide_1.9.0/plugins/com.st.stm32cube.ide.mcu.externaltools.gnu-tools-for-stm32.10.3-2021.10.linux64_1.0.0.202111181127/tools/bin/../lib/gcc/arm-none-eabi/10.3.1/../../../../arm-none-eabi/lib/thumb/v6-m/nofp/libc_nano.a(lib_a-init.o)
 .ARM.attributes
                0x0000000000000567       0x2c /opt/st/stm32cubeide_1.9.0/plugins/com.st.stm32cube.ide.mcu.externaltools.gnu-tools-for-stm32.10.3-2021.10.linux64_1.0.0.202111181127/tools/bin/../lib/gcc/arm-none-eabi/10.3.1/../../../../arm-none-eabi/lib/thumb/v6-m/nofp/libc_nano.a(lib_a-lock.o)
 .ARM.attributes
                0x0000000000000593       0x2c /opt/st/stm32cubeide_1.9.0/plugins/com.st.stm32cube.ide.mcu.externaltools.gnu-tools-for-stm32.10.3-2021.10.linux64_1.0.0.202111181127/tools/bin/../lib/gcc/arm-none-eabi/10.3.1/../../../../arm-none-eabi/lib/thumb/v6-m/nofp/libc_nano.a(lib_a-memset.o)
 .ARM.attributes
                0x00000000000005bf       0x2c /opt/st/stm32cubeide_1.9.0/plugins/com.st.stm32cube.ide.mcu.externaltools.gnu-tools-for-stm32.10.3-2021.10.linux64_1.0.0.202111181127/tools/bin/../lib/gcc/arm-none-eabi/10.3.1/../../../../arm-none-eabi/lib/thumb/v6-m/nofp/libc_nano.a(lib_a-nano-freer.o)
 .ARM.attributes
                0x00000000000005eb       0x2c /opt/st/stm32cubeide_1.9.0/plugins/com.st.stm32cube.ide.mcu.externaltools.gnu-tools-for-stm32.10.3-2021.10.linux64_1.0.0.202111181127/tools/bin/../lib/gcc/arm-none-eabi/10.3.1/../../../../arm-none-eabi/lib/thumb/v6-m/nofp/libc_nano.a(lib_a-nano-mallocr.o)
 .ARM.attributes
                0x0000000000000617       0x2c /opt/st/stm32cubeide_1.9.0/plugins/com.st.stm32cube.ide.mcu.externaltools.gnu-tools-for-stm32.10.3-2021.10.linux64_1.0.0.202111181127/tools/bin/../lib/gcc/arm-none-eabi/10.3.1/../../../../arm-none-eabi/lib/thumb/v6-m/nofp/libc_nano.a(lib_a-reent.o)
 .ARM.attributes
                0x0000000000000643       0x2c /opt/st/stm32cubeide_1.9.0/plugins/com.st.stm32cube.ide.mcu.externaltools.gnu-tools-for-stm32.10.3-2021.10.linux64_1.0.0.202111181127/tools/bin/../lib/gcc/arm-none-eabi/10.3.1/../../../../arm-none-eabi/lib/thumb/v6-m/nofp/libc_nano.a(lib_a-mlock.o)
 .ARM.attributes
                0x000000000000066f       0x1e /opt/st/stm32cubeide_1.9.0/plugins/com.st.stm32cube.ide.mcu.externaltools.gnu-tools-for-stm32.10.3-2021.10.linux64_1.0.0.202111181127/tools/bin/../lib/gcc/arm-none-eabi/10.3.1/thumb/v6-m/nofp/libgcc.a(_udivsi3.o)
 .ARM.attributes
                0x000000000000068d       0x1e /opt/st/stm32cubeide_1.9.0/plugins/com.st.stm32cube.ide.mcu.externaltools.gnu-tools-for-stm32.10.3-2021.10.linux64_1.0.0.202111181127/tools/bin/../lib/gcc/arm-none-eabi/10.3.1/thumb/v6-m/nofp/libgcc.a(_dvmd_tls.o)
 .ARM.attributes
                0x00000000000006ab       0x1e /opt/st/stm32cubeide_1.9.0/plugins/com.st.stm32cube.ide.mcu.externaltools.gnu-tools-for-stm32.10.3-2021.10.linux64_1.0.0.202111181127/tools/bin/../lib/gcc/arm-none-eabi/10.3.1/thumb/v6-m/nofp/crtn.o
OUTPUT(KQ130F_STM32F030_modem.elf elf32-littlearm)
LOAD linker stubs
LOAD /opt/st/stm32cubeide_1.9.0/plugins/com.st.stm32cube.ide.mcu.externaltools.gnu-tools-for-stm32.10.3-2021.10.linux64_1.0.0.202111181127/tools/bin/../lib/gcc/arm-none-eabi/10.3.1/../../../../arm-none-eabi/lib/thumb/v6-m/nofp/libc.a
LOAD /opt/st/stm32cubeide_1.9.0/plugins/com.st.stm32cube.ide.mcu.externaltools.gnu-tools-for-stm32.10.3-2021.10.linux64_1.0.0.202111181127/tools/bin/../lib/gcc/arm-none-eabi/10.3.1/../../../../arm-none-eabi/lib/thumb/v6-m/nofp/libm.a
LOAD /opt/st/stm32cubeide_1.9.0/plugins/com.st.stm32cube.ide.mcu.externaltools.gnu-tools-for-stm32.10.3-2021.10.linux64_1.0.0.202111181127/tools/bin/../lib/gcc/arm-none-eabi/10.3.1/thumb/v6-m/nofp/libgcc.a

.debug_info     0x0000000000000000    0x19f22
 .debug_info    0x0000000000000000     0x23b3 ./Core/Src/AppMain.o
 .debug_info    0x00000000000023b3      0x98a ./Core/Src/freertos.o
 .debug_info    0x0000000000002d3d     0x25fe ./Core/Src/main.o
 .debug_info    0x000000000000533b     0x127d ./Core/Src/stm32f0xx_hal_msp.o
 .debug_info    0x00000000000065b8      0x972 ./Core/Src/stm32f0xx_hal_timebase_tim.o
 .debug_info    0x0000000000006f2a      0x6c5 ./Core/Src/stm32f0xx_it.o
 .debug_info    0x00000000000075ef      0x269 ./Core/Src/system_stm32f0xx.o
 .debug_info    0x0000000000007858       0x22 ./Core/Startup/startup_stm32f030c8tx.o
 .debug_info    0x000000000000787a      0x6bb ./Drivers/STM32F0xx_HAL_Driver/Src/stm32f0xx_hal.o
 .debug_info    0x0000000000007f35      0x6f9 ./Drivers/STM32F0xx_HAL_Driver/Src/stm32f0xx_hal_cortex.o
 .debug_info    0x000000000000862e      0x52b ./Drivers/STM32F0xx_HAL_Driver/Src/stm32f0xx_hal_crc.o
 .debug_info    0x0000000000008b59      0x752 ./Drivers/STM32F0xx_HAL_Driver/Src/stm32f0xx_hal_dma.o
 .debug_info    0x00000000000092ab      0x613 ./Drivers/STM32F0xx_HAL_Driver/Src/stm32f0xx_hal_gpio.o
 .debug_info    0x00000000000098be     0x2149 ./Drivers/STM32F0xx_HAL_Driver/Src/stm32f0xx_hal_i2c.o
 .debug_info    0x000000000000ba07      0x845 ./Drivers/STM32F0xx_HAL_Driver/Src/stm32f0xx_hal_i2c_ex.o
 .debug_info    0x000000000000c24c      0x209 ./Drivers/STM32F0xx_HAL_Driver/Src/stm32f0xx_hal_iwdg.o
 .debug_info    0x000000000000c455      0x3cb ./Drivers/STM32F0xx_HAL_Driver/Src/stm32f0xx_hal_pwr.o
 .debug_info    0x000000000000c820      0x888 ./Drivers/STM32F0xx_HAL_Driver/Src/stm32f0xx_hal_rcc.o
 .debug_info    0x000000000000d0a8      0x37b ./Drivers/STM32F0xx_HAL_Driver/Src/stm32f0xx_hal_rcc_ex.o
 .debug_info    0x000000000000d423      0xb2e ./Drivers/STM32F0xx_HAL_Driver/Src/stm32f0xx_hal_rtc.o
 .debug_info    0x000000000000df51     0x2b69 ./Drivers/STM32F0xx_HAL_Driver/Src/stm32f0xx_hal_tim.o
 .debug_info    0x0000000000010aba     0x158e ./Drivers/STM32F0xx_HAL_Driver/Src/stm32f0xx_hal_tim_ex.o
 .debug_info    0x0000000000012048     0x3b92 ./Drivers/STM32F0xx_HAL_Driver/Src/stm32f0xx_hal_uart.o
 .debug_info    0x0000000000015bda     0x2157 ./Middlewares/Third_Party/FreeRTOS/Source/CMSIS_RTOS/cmsis_os.o
 .debug_info    0x0000000000017d31      0x2cb ./Middlewares/Third_Party/FreeRTOS/Source/list.o
 .debug_info    0x0000000000017ffc     0x1c88 ./Middlewares/Third_Party/FreeRTOS/Source/tasks.o
 .debug_info    0x0000000000019c84      0x29e ./Middlewares/Third_Party/FreeRTOS/Source/portable/GCC/ARM_CM0/port.o

.debug_abbrev   0x0000000000000000     0x3bf7
 .debug_abbrev  0x0000000000000000      0x874 ./Core/Src/AppMain.o
 .debug_abbrev  0x0000000000000874      0x169 ./Core/Src/freertos.o
 .debug_abbrev  0x00000000000009dd      0x352 ./Core/Src/main.o
 .debug_abbrev  0x0000000000000d2f      0x254 ./Core/Src/stm32f0xx_hal_msp.o
 .debug_abbrev  0x0000000000000f83      0x1f9 ./Core/Src/stm32f0xx_hal_timebase_tim.o
 .debug_abbrev  0x000000000000117c      0x182 ./Core/Src/stm32f0xx_it.o
 .debug_abbrev  0x00000000000012fe      0x116 ./Core/Src/system_stm32f0xx.o
 .debug_abbrev  0x0000000000001414       0x12 ./Core/Startup/startup_stm32f030c8tx.o
 .debug_abbrev  0x0000000000001426      0x23f ./Drivers/STM32F0xx_HAL_Driver/Src/stm32f0xx_hal.o
 .debug_abbrev  0x0000000000001665      0x283 ./Drivers/STM32F0xx_HAL_Driver/Src/stm32f0xx_hal_cortex.o
 .debug_abbrev  0x00000000000018e8      0x18b ./Drivers/STM32F0xx_HAL_Driver/Src/stm32f0xx_hal_crc.o
 .debug_abbrev  0x0000000000001a73      0x1e9 ./Drivers/STM32F0xx_HAL_Driver/Src/stm32f0xx_hal_dma.o
 .debug_abbrev  0x0000000000001c5c      0x1bb ./Drivers/STM32F0xx_HAL_Driver/Src/stm32f0xx_hal_gpio.o
 .debug_abbrev  0x0000000000001e17      0x254 ./Drivers/STM32F0xx_HAL_Driver/Src/stm32f0xx_hal_i2c.o
 .debug_abbrev  0x000000000000206b      0x1c1 ./Drivers/STM32F0xx_HAL_Driver/Src/stm32f0xx_hal_i2c_ex.o
 .debug_abbrev  0x000000000000222c      0x14a ./Drivers/STM32F0xx_HAL_Driver/Src/stm32f0xx_hal_iwdg.o
 .debug_abbrev  0x0000000000002376      0x13b ./Drivers/STM32F0xx_HAL_Driver/Src/stm32f0xx_hal_pwr.o
 .debug_abbrev  0x00000000000024b1      0x283 ./Drivers/STM32F0xx_HAL_Driver/Src/stm32f0xx_hal_rcc.o
 .debug_abbrev  0x0000000000002734      0x169 ./Drivers/STM32F0xx_HAL_Driver/Src/stm32f0xx_hal_rcc_ex.o
 .debug_abbrev  0x000000000000289d      0x1cb ./Drivers/STM32F0xx_HAL_Driver/Src/stm32f0xx_hal_rtc.o
 .debug_abbrev  0x0000000000002a68      0x26e ./Drivers/STM32F0xx_HAL_Driver/Src/stm32f0xx_hal_tim.o
 .debug_abbrev  0x0000000000002cd6      0x276 ./Drivers/STM32F0xx_HAL_Driver/Src/stm32f0xx_hal_tim_ex.o
 .debug_abbrev  0x0000000000002f4c      0x2b6 ./Drivers/STM32F0xx_HAL_Driver/Src/stm32f0xx_hal_uart.o
 .debug_abbrev  0x0000000000003202      0x3b7 ./Middlewares/Third_Party/FreeRTOS/Source/CMSIS_RTOS/cmsis_os.o
 .debug_abbrev  0x00000000000035b9       0xf2 ./Middlewares/Third_Party/FreeRTOS/Source/list.o
 .debug_abbrev  0x00000000000036ab      0x360 ./Middlewares/Third_Party/FreeRTOS/Source/tasks.o
 .debug_abbrev  0x0000000000003a0b      0x1ec ./Middlewares/Third_Party/FreeRTOS/Source/portable/GCC/ARM_CM0/port.o

.debug_aranges  0x0000000000000000     0x1680
 .debug_aranges
                0x0000000000000000      0x180 ./Core/Src/AppMain.o
 .debug_aranges
                0x0000000000000180       0x20 ./Core/Src/freertos.o
 .debug_aranges
                0x00000000000001a0       0x90 ./Core/Src/main.o
 .debug_aranges
                0x0000000000000230       0x60 ./Core/Src/stm32f0xx_hal_msp.o
 .debug_aranges
                0x0000000000000290       0x30 ./Core/Src/stm32f0xx_hal_timebase_tim.o
 .debug_aranges
                0x00000000000002c0       0x40 ./Core/Src/stm32f0xx_it.o
 .debug_aranges
                0x0000000000000300       0x28 ./Core/Src/system_stm32f0xx.o
 .debug_aranges
                0x0000000000000328       0x28 ./Core/Startup/startup_stm32f030c8tx.o
 .debug_aranges
                0x0000000000000350       0xd0 ./Drivers/STM32F0xx_HAL_Driver/Src/stm32f0xx_hal.o
 .debug_aranges
                0x0000000000000420       0xc0 ./Drivers/STM32F0xx_HAL_Driver/Src/stm32f0xx_hal_cortex.o
 .debug_aranges
                0x00000000000004e0       0x60 ./Drivers/STM32F0xx_HAL_Driver/Src/stm32f0xx_hal_crc.o
 .debug_aranges
                0x0000000000000540       0x88 ./Drivers/STM32F0xx_HAL_Driver/Src/stm32f0xx_hal_dma.o
 .debug_aranges
                0x00000000000005c8       0x58 ./Drivers/STM32F0xx_HAL_Driver/Src/stm32f0xx_hal_gpio.o
 .debug_aranges
                0x0000000000000620      0x290 ./Drivers/STM32F0xx_HAL_Driver/Src/stm32f0xx_hal_i2c.o
 .debug_aranges
                0x00000000000008b0       0x38 ./Drivers/STM32F0xx_HAL_Driver/Src/stm32f0xx_hal_i2c_ex.o
 .debug_aranges
                0x00000000000008e8       0x28 ./Drivers/STM32F0xx_HAL_Driver/Src/stm32f0xx_hal_iwdg.o
 .debug_aranges
                0x0000000000000910       0x78 ./Drivers/STM32F0xx_HAL_Driver/Src/stm32f0xx_hal_pwr.o
 .debug_aranges
                0x0000000000000988       0x80 ./Drivers/STM32F0xx_HAL_Driver/Src/stm32f0xx_hal_rcc.o
 .debug_aranges
                0x0000000000000a08       0x30 ./Drivers/STM32F0xx_HAL_Driver/Src/stm32f0xx_hal_rcc_ex.o
 .debug_aranges
                0x0000000000000a38       0xe0 ./Drivers/STM32F0xx_HAL_Driver/Src/stm32f0xx_hal_rtc.o
 .debug_aranges
                0x0000000000000b18      0x3d0 ./Drivers/STM32F0xx_HAL_Driver/Src/stm32f0xx_hal_tim.o
 .debug_aranges
                0x0000000000000ee8      0x168 ./Drivers/STM32F0xx_HAL_Driver/Src/stm32f0xx_hal_tim_ex.o
 .debug_aranges
                0x0000000000001050      0x218 ./Drivers/STM32F0xx_HAL_Driver/Src/stm32f0xx_hal_uart.o
 .debug_aranges
                0x0000000000001268      0x1d8 ./Middlewares/Third_Party/FreeRTOS/Source/CMSIS_RTOS/cmsis_os.o
 .debug_aranges
                0x0000000000001440       0x40 ./Middlewares/Third_Party/FreeRTOS/Source/list.o
 .debug_aranges
                0x0000000000001480      0x178 ./Middlewares/Third_Party/FreeRTOS/Source/tasks.o
 .debug_aranges
                0x00000000000015f8       0x88 ./Middlewares/Third_Party/FreeRTOS/Source/portable/GCC/ARM_CM0/port.o

.debug_ranges   0x0000000000000000     0x1508
 .debug_ranges  0x0000000000000000      0x170 ./Core/Src/AppMain.o
 .debug_ranges  0x0000000000000170       0x10 ./Core/Src/freertos.o
 .debug_ranges  0x0000000000000180       0x80 ./Core/Src/main.o
 .debug_ranges  0x0000000000000200       0x50 ./Core/Src/stm32f0xx_hal_msp.o
 .debug_ranges  0x0000000000000250       0x20 ./Core/Src/stm32f0xx_hal_timebase_tim.o
 .debug_ranges  0x0000000000000270       0x30 ./Core/Src/stm32f0xx_it.o
 .debug_ranges  0x00000000000002a0       0x18 ./Core/Src/system_stm32f0xx.o
 .debug_ranges  0x00000000000002b8       0x20 ./Core/Startup/startup_stm32f030c8tx.o
 .debug_ranges  0x00000000000002d8       0xc0 ./Drivers/STM32F0xx_HAL_Driver/Src/stm32f0xx_hal.o
 .debug_ranges  0x0000000000000398       0xb0 ./Drivers/STM32F0xx_HAL_Driver/Src/stm32f0xx_hal_cortex.o
 .debug_ranges  0x0000000000000448       0x50 ./Drivers/STM32F0xx_HAL_Driver/Src/stm32f0xx_hal_crc.o
 .debug_ranges  0x0000000000000498       0x78 ./Drivers/STM32F0xx_HAL_Driver/Src/stm32f0xx_hal_dma.o
 .debug_ranges  0x0000000000000510       0x48 ./Drivers/STM32F0xx_HAL_Driver/Src/stm32f0xx_hal_gpio.o
 .debug_ranges  0x0000000000000558      0x280 ./Drivers/STM32F0xx_HAL_Driver/Src/stm32f0xx_hal_i2c.o
 .debug_ranges  0x00000000000007d8       0x28 ./Drivers/STM32F0xx_HAL_Driver/Src/stm32f0xx_hal_i2c_ex.o
 .debug_ranges  0x0000000000000800       0x18 ./Drivers/STM32F0xx_HAL_Driver/Src/stm32f0xx_hal_iwdg.o
 .debug_ranges  0x0000000000000818       0x68 ./Drivers/STM32F0xx_HAL_Driver/Src/stm32f0xx_hal_pwr.o
 .debug_ranges  0x0000000000000880       0x70 ./Drivers/STM32F0xx_HAL_Driver/Src/stm32f0xx_hal_rcc.o
 .debug_ranges  0x00000000000008f0       0x20 ./Drivers/STM32F0xx_HAL_Driver/Src/stm32f0xx_hal_rcc_ex.o
 .debug_ranges  0x0000000000000910       0xd0 ./Drivers/STM32F0xx_HAL_Driver/Src/stm32f0xx_hal_rtc.o
 .debug_ranges  0x00000000000009e0      0x3c0 ./Drivers/STM32F0xx_HAL_Driver/Src/stm32f0xx_hal_tim.o
 .debug_ranges  0x0000000000000da0      0x158 ./Drivers/STM32F0xx_HAL_Driver/Src/stm32f0xx_hal_tim_ex.o
 .debug_ranges  0x0000000000000ef8      0x238 ./Drivers/STM32F0xx_HAL_Driver/Src/stm32f0xx_hal_uart.o
 .debug_ranges  0x0000000000001130      0x1c8 ./Middlewares/Third_Party/FreeRTOS/Source/CMSIS_RTOS/cmsis_os.o
 .debug_ranges  0x00000000000012f8       0x30 ./Middlewares/Third_Party/FreeRTOS/Source/list.o
 .debug_ranges  0x0000000000001328      0x168 ./Middlewares/Third_Party/FreeRTOS/Source/tasks.o
 .debug_ranges  0x0000000000001490       0x78 ./Middlewares/Third_Party/FreeRTOS/Source/portable/GCC/ARM_CM0/port.o

.debug_macro    0x0000000000000000    0x15152
 .debug_macro   0x0000000000000000      0x5e5 ./Core/Src/AppMain.o
 .debug_macro   0x00000000000005e5      0xb26 ./Core/Src/AppMain.o
 .debug_macro   0x000000000000110b      0x17b ./Core/Src/AppMain.o
 .debug_macro   0x0000000000001286       0x1c ./Core/Src/AppMain.o
 .debug_macro   0x00000000000012a2       0x22 ./Core/Src/AppMain.o
 .debug_macro   0x00000000000012c4       0x8e ./Core/Src/AppMain.o
 .debug_macro   0x0000000000001352       0x51 ./Core/Src/AppMain.o
 .debug_macro   0x00000000000013a3      0x103 ./Core/Src/AppMain.o
 .debug_macro   0x00000000000014a6       0x6a ./Core/Src/AppMain.o
 .debug_macro   0x0000000000001510      0x1df ./Core/Src/AppMain.o
 .debug_macro   0x00000000000016ef       0xac ./Core/Src/AppMain.o
 .debug_macro   0x000000000000179b      0x15a ./Core/Src/AppMain.o
 .debug_macro   0x00000000000018f5       0xac ./Core/Src/AppMain.o
 .debug_macro   0x00000000000019a1       0x10 ./Core/Src/AppMain.o
 .debug_macro   0x00000000000019b1       0x1f ./Core/Src/AppMain.o
 .debug_macro   0x00000000000019d0       0x52 ./Core/Src/AppMain.o
 .debug_macro   0x0000000000001a22       0x18 ./Core/Src/AppMain.o
 .debug_macro   0x0000000000001a3a       0x3c ./Core/Src/AppMain.o
 .debug_macro   0x0000000000001a76       0x34 ./Core/Src/AppMain.o
 .debug_macro   0x0000000000001aaa       0x16 ./Core/Src/AppMain.o
 .debug_macro   0x0000000000001ac0       0x43 ./Core/Src/AppMain.o
 .debug_macro   0x0000000000001b03       0x34 ./Core/Src/AppMain.o
 .debug_macro   0x0000000000001b37       0x10 ./Core/Src/AppMain.o
 .debug_macro   0x0000000000001b47       0x58 ./Core/Src/AppMain.o
 .debug_macro   0x0000000000001b9f       0x71 ./Core/Src/AppMain.o
 .debug_macro   0x0000000000001c10       0x16 ./Core/Src/AppMain.o
 .debug_macro   0x0000000000001c26      0x12a ./Core/Src/AppMain.o
 .debug_macro   0x0000000000001d50       0x10 ./Core/Src/AppMain.o
 .debug_macro   0x0000000000001d60       0x35 ./Core/Src/AppMain.o
 .debug_macro   0x0000000000001d95      0x4c6 ./Core/Src/AppMain.o
 .debug_macro   0x000000000000225b       0xb5 ./Core/Src/AppMain.o
 .debug_macro   0x0000000000002310       0x8c ./Core/Src/AppMain.o
 .debug_macro   0x000000000000239c       0x91 ./Core/Src/AppMain.o
 .debug_macro   0x000000000000242d       0x86 ./Core/Src/AppMain.o
 .debug_macro   0x00000000000024b3       0x63 ./Core/Src/AppMain.o
 .debug_macro   0x0000000000002516       0x19 ./Core/Src/AppMain.o
 .debug_macro   0x000000000000252f       0xf2 ./Core/Src/AppMain.o
 .debug_macro   0x0000000000002621      0x145 ./Core/Src/AppMain.o
 .debug_macro   0x0000000000002766       0x2e ./Core/Src/AppMain.o
 .debug_macro   0x0000000000002794       0x22 ./Core/Src/AppMain.o
 .debug_macro   0x00000000000027b6       0x1c ./Core/Src/AppMain.o
 .debug_macro   0x00000000000027d2       0x22 ./Core/Src/AppMain.o
 .debug_macro   0x00000000000027f4       0xaf ./Core/Src/AppMain.o
 .debug_macro   0x00000000000028a3      0x391 ./Core/Src/AppMain.o
 .debug_macro   0x0000000000002c34     0x6f40 ./Core/Src/AppMain.o
 .debug_macro   0x0000000000009b74       0x66 ./Core/Src/AppMain.o
 .debug_macro   0x0000000000009bda     0x34a6 ./Core/Src/AppMain.o
 .debug_macro   0x000000000000d080       0x55 ./Core/Src/AppMain.o
 .debug_macro   0x000000000000d0d5      0x924 ./Core/Src/AppMain.o
 .debug_macro   0x000000000000d9f9      0x17f ./Core/Src/AppMain.o
 .debug_macro   0x000000000000db78      0x1af ./Core/Src/AppMain.o
 .debug_macro   0x000000000000dd27       0xd9 ./Core/Src/AppMain.o
 .debug_macro   0x000000000000de00      0x1a0 ./Core/Src/AppMain.o
 .debug_macro   0x000000000000dfa0      0x1ed ./Core/Src/AppMain.o
 .debug_macro   0x000000000000e18d       0x34 ./Core/Src/AppMain.o
 .debug_macro   0x000000000000e1c1       0x43 ./Core/Src/AppMain.o
 .debug_macro   0x000000000000e204       0x28 ./Core/Src/AppMain.o
 .debug_macro   0x000000000000e22c       0x6c ./Core/Src/AppMain.o
 .debug_macro   0x000000000000e298       0x4c ./Core/Src/AppMain.o
 .debug_macro   0x000000000000e2e4       0xb0 ./Core/Src/AppMain.o
 .debug_macro   0x000000000000e394      0x199 ./Core/Src/AppMain.o
 .debug_macro   0x000000000000e52d      0x22c ./Core/Src/AppMain.o
 .debug_macro   0x000000000000e759       0x61 ./Core/Src/AppMain.o
 .debug_macro   0x000000000000e7ba       0xa5 ./Core/Src/AppMain.o
 .debug_macro   0x000000000000e85f       0x85 ./Core/Src/AppMain.o
 .debug_macro   0x000000000000e8e4       0x4c ./Core/Src/AppMain.o
 .debug_macro   0x000000000000e930       0x2b ./Core/Src/AppMain.o
 .debug_macro   0x000000000000e95b      0x2e2 ./Core/Src/AppMain.o
 .debug_macro   0x000000000000ec3d      0x2ac ./Core/Src/AppMain.o
 .debug_macro   0x000000000000eee9       0xdd ./Core/Src/AppMain.o
 .debug_macro   0x000000000000efc6      0x8d8 ./Core/Src/AppMain.o
 .debug_macro   0x000000000000f89e       0x28 ./Core/Src/AppMain.o
 .debug_macro   0x000000000000f8c6      0x55f ./Core/Src/AppMain.o
 .debug_macro   0x000000000000fe25       0x3e ./Core/Src/AppMain.o
 .debug_macro   0x000000000000fe63       0xff ./Core/Src/AppMain.o
 .debug_macro   0x000000000000ff62       0x4c ./Core/Src/AppMain.o
 .debug_macro   0x000000000000ffae      0x18a ./Core/Src/AppMain.o
 .debug_macro   0x0000000000010138       0x10 ./Core/Src/AppMain.o
 .debug_macro   0x0000000000010148      0x3c3 ./Core/Src/AppMain.o
 .debug_macro   0x000000000001050b       0x41 ./Core/Src/AppMain.o
 .debug_macro   0x000000000001054c       0x12 ./Core/Src/AppMain.o
 .debug_macro   0x000000000001055e       0x1c ./Core/Src/AppMain.o
 .debug_macro   0x000000000001057a       0x10 ./Core/Src/AppMain.o
 .debug_macro   0x000000000001058a       0x27 ./Core/Src/AppMain.o
 .debug_macro   0x00000000000105b1       0x18 ./Core/Src/AppMain.o
 .debug_macro   0x00000000000105c9       0x4f ./Core/Src/AppMain.o
 .debug_macro   0x0000000000010618       0x28 ./Core/Src/AppMain.o
 .debug_macro   0x0000000000010640       0x2e ./Core/Src/AppMain.o
 .debug_macro   0x000000000001066e       0x19 ./Core/Src/AppMain.o
 .debug_macro   0x0000000000010687       0x88 ./Core/Src/AppMain.o
 .debug_macro   0x000000000001070f       0x19 ./Core/Src/AppMain.o
 .debug_macro   0x0000000000010728       0x17 ./Core/Src/AppMain.o
 .debug_macro   0x000000000001073f       0x22 ./Core/Src/AppMain.o
 .debug_macro   0x0000000000010761       0x20 ./Core/Src/AppMain.o
 .debug_macro   0x0000000000010781      0x364 ./Core/Src/AppMain.o
 .debug_macro   0x0000000000010ae5       0x10 ./Core/Src/AppMain.o
 .debug_macro   0x0000000000010af5       0x20 ./Core/Src/AppMain.o
 .debug_macro   0x0000000000010b15      0x30d ./Core/Src/freertos.o
 .debug_macro   0x0000000000010e22      0xa4e ./Core/Src/freertos.o
 .debug_macro   0x0000000000011870      0x174 ./Core/Src/freertos.o
 .debug_macro   0x00000000000119e4       0x34 ./Core/Src/freertos.o
 .debug_macro   0x0000000000011a18       0x43 ./Core/Src/freertos.o
 .debug_macro   0x0000000000011a5b       0x1c ./Core/Src/freertos.o
 .debug_macro   0x0000000000011a77       0x35 ./Core/Src/freertos.o
 .debug_macro   0x0000000000011aac      0x391 ./Core/Src/freertos.o
 .debug_macro   0x0000000000011e3d      0x366 ./Core/Src/main.o
 .debug_macro   0x00000000000121a3      0x208 ./Core/Src/stm32f0xx_hal_msp.o
 .debug_macro   0x00000000000123ab      0x1f9 ./Core/Src/stm32f0xx_hal_timebase_tim.o
 .debug_macro   0x00000000000125a4      0x212 ./Core/Src/stm32f0xx_it.o
 .debug_macro   0x00000000000127b6      0x1f9 ./Core/Src/system_stm32f0xx.o
 .debug_macro   0x00000000000129af      0x21d ./Drivers/STM32F0xx_HAL_Driver/Src/stm32f0xx_hal.o
 .debug_macro   0x0000000000012bcc      0x1f9 ./Drivers/STM32F0xx_HAL_Driver/Src/stm32f0xx_hal_cortex.o
 .debug_macro   0x0000000000012dc5      0x1f9 ./Drivers/STM32F0xx_HAL_Driver/Src/stm32f0xx_hal_crc.o
 .debug_macro   0x0000000000012fbe      0x1f9 ./Drivers/STM32F0xx_HAL_Driver/Src/stm32f0xx_hal_dma.o
 .debug_macro   0x00000000000131b7      0x200 ./Drivers/STM32F0xx_HAL_Driver/Src/stm32f0xx_hal_gpio.o
 .debug_macro   0x00000000000133b7      0x2be ./Drivers/STM32F0xx_HAL_Driver/Src/stm32f0xx_hal_i2c.o
 .debug_macro   0x0000000000013675      0x1f9 ./Drivers/STM32F0xx_HAL_Driver/Src/stm32f0xx_hal_i2c_ex.o
 .debug_macro   0x000000000001386e      0x207 ./Drivers/STM32F0xx_HAL_Driver/Src/stm32f0xx_hal_iwdg.o
 .debug_macro   0x0000000000013a75      0x1f9 ./Drivers/STM32F0xx_HAL_Driver/Src/stm32f0xx_hal_pwr.o
 .debug_macro   0x0000000000013c6e      0x20b ./Drivers/STM32F0xx_HAL_Driver/Src/stm32f0xx_hal_rcc.o
 .debug_macro   0x0000000000013e79      0x1f9 ./Drivers/STM32F0xx_HAL_Driver/Src/stm32f0xx_hal_rcc_ex.o
 .debug_macro   0x0000000000014072      0x1f9 ./Drivers/STM32F0xx_HAL_Driver/Src/stm32f0xx_hal_rtc.o
 .debug_macro   0x000000000001426b      0x1fa ./Drivers/STM32F0xx_HAL_Driver/Src/stm32f0xx_hal_tim.o
 .debug_macro   0x0000000000014465      0x1f9 ./Drivers/STM32F0xx_HAL_Driver/Src/stm32f0xx_hal_tim_ex.o
 .debug_macro   0x000000000001465e      0x216 ./Drivers/STM32F0xx_HAL_Driver/Src/stm32f0xx_hal_uart.o