Archive member included to satisfy reference by file (symbol)

/opt/st/stm32cubeide_1.9.0/plugins/com.st.stm32cube.ide.mcu.externaltools.gnu-tools-for-stm32.10.3-2021.10.linux64_1.0.0.202111181127/tools/bin/../lib/gcc/arm-none-eabi/10.3.1/../../../../arm-none-eabi/lib/thumb/v6-m/nofp/libstdc++_nano.a(del_ops.o)
                              ./Core/Src/AppMain.o (operator delete(void*, unsigned int))
/opt/st/stm32cubeide_1.9.0/plugins/com.st.stm32cube.ide.mcu.externaltools.gnu-tools-for-stm32.10.3-2021.10.linux64_1.0.0.202111181127/tools/bin/../lib/gcc/arm-none-eabi/10.3.1/../../../../arm-none-eabi/lib/thumb/v6-m/nofp/libstdc++_nano.a(functional.o)
                              ./Core/Src/AppMain.o (std::__throw_bad_function_call())
/opt/st/stm32cubeide_1.9.0/plugins/com.st.stm32cube.ide.mcu.externaltools.gnu-tools-for-stm32.10.3-2021.10.linux64_1.0.0.202111181127/tools/bin/../lib/gcc/arm-none-eabi/10.3.1/../../../../arm-none-eabi/lib/thumb/v6-m/nofp/libstdc++_nano.a(del_op.o)
                              /opt/st/stm32cubeide_1.9.0/plugins/com.st.stm32cube.ide.mcu.externaltools.gnu-tools-for-stm32.10.3-2021.10.linux64_1.0.0.202111181127/tools/bin/../lib/gcc/arm-none-eabi/10.3.1/../../../../arm-none-eabi/lib/thumb/v6-m/nofp/libstdc++_nano.a(del_ops.o) (operator delete(void*))
/opt/st/stm32cubeide_1.9.0/plugins/com.st.stm32cube.ide.mcu.externaltools.gnu-tools-for-stm32.10.3-2021.10.linux64_1.0.0.202111181127/tools/bin/../lib/gcc/arm-none-eabi/10.3.1/../../../../arm-none-eabi/lib/thumb/v6-m/nofp/libstdc++_nano.a(eh_exception.o)
                              /opt/st/stm32cubeide_1.9.0/plugins/com.st.stm32cube.ide.mcu.externaltools.gnu-tools-for-stm32.10.3-2021.10.linux64_1.0.0.202111181127/tools/bin/../lib/gcc/arm-none-eabi/10.3.1/../../../../arm-none-eabi/lib/thumb/v6-m/nofp/libstdc++_nano.a(functional.o) (std::exception::~exception())
/opt/st/stm32cubeide_1.9.0/plugins/com.st.stm32cube.ide.mcu.externaltools.gnu-tools-for-stm32.10.3-2021.10.linux64_1.0.0.202111181127/tools/bin/../lib/gcc/arm-none-eabi/10.3.1/../../../../arm-none-eabi/lib/thumb/v6-m/nofp/libstdc++_nano.a(pure.o)
                              /opt/st/stm32cubeide_1.9.0/plugins/com.st.stm32cube.ide.mcu.externaltools.gnu-tools-for-stm32.10.3-2021.10.linux64_1.0.0.202111181127/tools/bin/../lib/gcc/arm-none-eabi/10.3.1/../../../../arm-none-eabi/lib/thumb/v6-m/nofp/libstdc++_nano.a(eh_exception.o) (__cxa_pure_virtual)
/opt/st/stm32cubeide_1.9.0/plugins/com.st.stm32cube.ide.mcu.externaltools.gnu-tools-for-stm32.10.3-2021.10.linux64_1.0.0.202111181127/tools/bin/../lib/gcc/arm-none-eabi/10.3.1/../../../../arm-none-eabi/lib/thumb/v6-m/nofp/libstdc++_nano.a(si_class_type_info.o)
                              /opt/st/stm32cubeide_1.9.0/plugins/com.st.stm32cube.ide.mcu.externaltools.gnu-tools-for-stm32.10.3-2021.10.linux64_1.0.0.202111181127/tools/bin/../lib/gcc/arm-none-eabi/10.3.1/../../../../arm-none-eabi/lib/thumb/v6-m/nofp/libstdc++_nano.a(functional.o) (vtable for __cxxabiv1::__si_class_type_info)
/opt/st/stm32cubeide_1.9.0/plugins/com.st.stm32cube.ide.mcu.externaltools.gnu-tools-for-stm32.10.3-2021.10.linux64_1.0.0.202111181127/tools/bin/../lib/gcc/arm-none-eabi/10.3.1/../../../../arm-none-eabi/lib/thumb/v6-m/nofp/libstdc++_nano.a(tinfo.o)
                              /opt/st/stm32cubeide_1.9.0/plugins/com.st.stm32cube.ide.mcu.externaltools.gnu-tools-for-stm32.10.3-2021.10.linux64_1.0.0.202111181127/tools/bin/../lib/gcc/arm-none-eabi/10.3.1/../../../../arm-none-eabi/lib/thumb/v6-m/nofp/libstdc++_nano.a(si_class_type_info.o) (std::type_info::__is_pointer_p() const)
/opt/st/stm32cubeide_1.9.0/plugins/com.st.stm32cube.ide.mcu.externaltools.gnu-tools-for-stm32.10.3-2021.10.linux64_1.0.0.202111181127/tools/bin/../lib/gcc/arm-none-eabi/10.3.1/../../../../arm-none-eabi/lib/thumb/v6-m/nofp/libstdc++_nano.a(class_type_info.o)
                              /opt/st/stm32cubeide_1.9.0/plugins/com.st.stm32cube.ide.mcu.externaltools.gnu-tools-for-stm32.10.3-2021.10.linux64_1.0.0.202111181127/tools/bin/../lib/gcc/arm-none-eabi/10.3.1/../../../../arm-none-eabi/lib/thumb/v6-m/nofp/libstdc++_nano.a(si_class_type_info.o) (__cxxabiv1::__class_type_info::__do_upcast(__cxxabiv1::__class_type_info const*, void**) const)
/opt/st/stm32cubeide_1.9.0/plugins/com.st.stm32cube.ide.mcu.externaltools.gnu-tools-for-stm32.10.3-2021.10.linux64_1.0.0.202111181127/tools/bin/../lib/gcc/arm-none-eabi/10.3.1/../../../../arm-none-eabi/lib/thumb/v6-m/nofp/libstdc++_nano.a(eh_terminate.o)
                              /opt/st/stm32cubeide_1.9.0/plugins/com.st.stm32cube.ide.mcu.externaltools.gnu-tools-for-stm32.10.3-2021.10.linux64_1.0.0.202111181127/tools/bin/../lib/gcc/arm-none-eabi/10.3.1/../../../../arm-none-eabi/lib/thumb/v6-m/nofp/libstdc++_nano.a(pure.o) (std::terminate())
[...]
Memory Configuration

Name             Origin             Length             Attributes
RAM              0x0000000020000000 0x0000000000002000 xrw
FLASH            0x0000000008000000 0x0000000000010000 xr
*default*        0x0000000000000000 0xffffffffffffffff

Linker script and memory map

LOAD /opt/st/stm32cubeide_1.9.0/plugins/com.st.stm32cube.ide.mcu.externaltools.gnu-tools-for-stm32.10.3-2021.10.linux64_1.0.0.202111181127/tools/bin/../lib/gcc/arm-none-eabi/10.3.1/thumb/v6-m/nofp/crti.o
LOAD /opt/st/stm32cubeide_1.9.0/plugins/com.st.stm32cube.ide.mcu.externaltools.gnu-tools-for-stm32.10.3-2021.10.linux64_1.0.0.202111181127/tools/bin/../lib/gcc/arm-none-eabi/10.3.1/thumb/v6-m/nofp/crtbegin.o
LOAD /opt/st/stm32cubeide_1.9.0/plugins/com.st.stm32cube.ide.mcu.externaltools.gnu-tools-for-stm32.10.3-2021.10.linux64_1.0.0.202111181127/tools/bin/../lib/gcc/arm-none-eabi/10.3.1/../../../../arm-none-eabi/lib/thumb/v6-m/nofp/crt0.o
LOAD ./Core/Src/AppMain.o
LOAD ./Core/Src/freertos.o
LOAD ./Core/Src/main.o
LOAD ./Core/Src/stm32f0xx_hal_msp.o
LOAD ./Core/Src/stm32f0xx_hal_timebase_tim.o
LOAD ./Core/Src/stm32f0xx_it.o
LOAD ./Core/Src/syscalls.o
LOAD ./Core/Src/sysmem.o
LOAD ./Core/Src/system_stm32f0xx.o
LOAD ./Core/Startup/startup_stm32f030c8tx.o
LOAD ./Drivers/STM32F0xx_HAL_Driver/stm32f0xx_hal.o
LOAD ./Drivers/STM32F0xx_HAL_Driver/stm32f0xx_hal_cortex.o
LOAD ./Drivers/STM32F0xx_HAL_Driver/stm32f0xx_hal_crc.o
LOAD ./Drivers/STM32F0xx_HAL_Driver/stm32f0xx_hal_crc_ex.o
LOAD ./Drivers/STM32F0xx_HAL_Driver/stm32f0xx_hal_dma.o
LOAD ./Drivers/STM32F0xx_HAL_Driver/stm32f0xx_hal_exti.o
LOAD ./Drivers/STM32F0xx_HAL_Driver/stm32f0xx_hal_flash.o
LOAD ./Drivers/STM32F0xx_HAL_Driver/stm32f0xx_hal_flash_ex.o
LOAD ./Drivers/STM32F0xx_HAL_Driver/stm32f0xx_hal_gpio.o
LOAD ./Drivers/STM32F0xx_HAL_Driver/stm32f0xx_hal_i2c.o
LOAD ./Drivers/STM32F0xx_HAL_Driver/stm32f0xx_hal_i2c_ex.o
LOAD ./Drivers/STM32F0xx_HAL_Driver/stm32f0xx_hal_iwdg.o
LOAD ./Drivers/STM32F0xx_HAL_Driver/stm32f0xx_hal_pwr.o
LOAD ./Drivers/STM32F0xx_HAL_Driver/stm32f0xx_hal_pwr_ex.o
LOAD ./Drivers/STM32F0xx_HAL_Driver/stm32f0xx_hal_rcc.o
LOAD ./Drivers/STM32F0xx_HAL_Driver/stm32f0xx_hal_rcc_ex.o
LOAD ./Drivers/STM32F0xx_HAL_Driver/stm32f0xx_hal_rtc.o
LOAD ./Drivers/STM32F0xx_HAL_Driver/stm32f0xx_hal_rtc_ex.o
LOAD ./Drivers/STM32F0xx_HAL_Driver/stm32f0xx_hal_tim.o
LOAD ./Drivers/STM32F0xx_HAL_Driver/stm32f0xx_hal_tim_ex.o
LOAD ./Drivers/STM32F0xx_HAL_Driver/stm32f0xx_hal_uart.o
LOAD ./Drivers/STM32F0xx_HAL_Driver/stm32f0xx_hal_uart_ex.o
LOAD ./Middlewares/FreeRTOS/cmsis_os.o
LOAD ./Middlewares/FreeRTOS/croutine.o
LOAD ./Middlewares/FreeRTOS/event_groups.o
LOAD ./Middlewares/FreeRTOS/list.o
LOAD ./Middlewares/FreeRTOS/port.o
LOAD ./Middlewares/FreeRTOS/queue.o
LOAD ./Middlewares/FreeRTOS/stream_buffer.o
LOAD ./Middlewares/FreeRTOS/tasks.o
LOAD ./Middlewares/FreeRTOS/timers.o
LOAD ./lib/Src/Encryption.o
LOAD ./lib/Src/rsa.o
START GROUP
LOAD /opt/st/stm32cubeide_1.9.0/plugins/com.st.stm32cube.ide.mcu.externaltools.gnu-tools-for-stm32.10.3-2021.10.linux64_1.0.0.202111181127/tools/bin/../lib/gcc/arm-none-eabi/10.3.1/../../../../arm-none-eabi/lib/thumb/v6-m/nofp/libstdc++_nano.a
LOAD /opt/st/stm32cubeide_1.9.0/plugins/com.st.stm32cube.ide.mcu.externaltools.gnu-tools-for-stm32.10.3-2021.10.linux64_1.0.0.202111181127/tools/bin/../lib/gcc/arm-none-eabi/10.3.1/../../../../arm-none-eabi/lib/thumb/v6-m/nofp/libsupc++_nano.a
END GROUP
LOAD /opt/st/stm32cubeide_1.9.0/plugins/com.st.stm32cube.ide.mcu.externaltools.gnu-tools-for-stm32.10.3-2021.10.linux64_1.0.0.202111181127/tools/bin/../lib/gcc/arm-none-eabi/10.3.1/../../../../arm-none-eabi/lib/thumb/v6-m/nofp/libstdc++_nano.a
LOAD /opt/st/stm32cubeide_1.9.0/plugins/com.st.stm32cube.ide.mcu.externaltools.gnu-tools-for-stm32.10.3-2021.10.linux64_1.0.0.202111181127/tools/bin/../lib/gcc/arm-none-eabi/10.3.1/../../../../arm-none-eabi/lib/thumb/v6-m/nofp/libm.a
LOAD /opt/st/stm32cubeide_1.9.0/plugins/com.st.stm32cube.ide.mcu.externaltools.gnu-tools-for-stm32.10.3-2021.10.linux64_1.0.0.202111181127/tools/bin/../lib/gcc/arm-none-eabi/10.3.1/../../../../arm-none-eabi/lib/thumb/v6-m/nofp/libc_nano.a
START GROUP
LOAD /opt/st/stm32cubeide_1.9.0/plugins/com.st.stm32cube.ide.mcu.externaltools.gnu-tools-for-stm32.10.3-2021.10.linux64_1.0.0.202111181127/tools/bin/../lib/gcc/arm-none-eabi/10.3.1/thumb/v6-m/nofp/libgcc.a
LOAD /opt/st/stm32cubeide_1.9.0/plugins/com.st.stm32cube.ide.mcu.externaltools.gnu-tools-for-stm32.10.3-2021.10.linux64_1.0.0.202111181127/tools/bin/../lib/gcc/arm-none-eabi/10.3.1/../../../../arm-none-eabi/lib/thumb/v6-m/nofp/libc_nano.a
END GROUP
START GROUP
LOAD /opt/st/stm32cubeide_1.9.0/plugins/com.st.stm32cube.ide.mcu.externaltools.gnu-tools-for-stm32.10.3-2021.10.linux64_1.0.0.202111181127/tools/bin/../lib/gcc/arm-none-eabi/10.3.1/thumb/v6-m/nofp/libgcc.a
LOAD /opt/st/stm32cubeide_1.9.0/plugins/com.st.stm32cube.ide.mcu.externaltools.gnu-tools-for-stm32.10.3-2021.10.linux64_1.0.0.202111181127/tools/bin/../lib/gcc/arm-none-eabi/10.3.1/../../../../arm-none-eabi/lib/thumb/v6-m/nofp/libc_nano.a
LOAD /opt/st/stm32cubeide_1.9.0/plugins/com.st.stm32cube.ide.mcu.externaltools.gnu-tools-for-stm32.10.3-2021.10.linux64_1.0.0.202111181127/tools/bin/../lib/gcc/arm-none-eabi/10.3.1/../../../../arm-none-eabi/lib/thumb/v6-m/nofp/libnosys.a
END GROUP
START GROUP
LOAD /opt/st/stm32cubeide_1.9.0/plugins/com.st.stm32cube.ide.mcu.externaltools.gnu-tools-for-stm32.10.3-2021.10.linux64_1.0.0.202111181127/tools/bin/../lib/gcc/arm-none-eabi/10.3.1/thumb/v6-m/nofp/libgcc.a
LOAD /opt/st/stm32cubeide_1.9.0/plugins/com.st.stm32cube.ide.mcu.externaltools.gnu-tools-for-stm32.10.3-2021.10.linux64_1.0.0.202111181127/tools/bin/../lib/gcc/arm-none-eabi/10.3.1/../../../../arm-none-eabi/lib/thumb/v6-m/nofp/libc_nano.a
LOAD /opt/st/stm32cubeide_1.9.0/plugins/com.st.stm32cube.ide.mcu.externaltools.gnu-tools-for-stm32.10.3-2021.10.linux64_1.0.0.202111181127/tools/bin/../lib/gcc/arm-none-eabi/10.3.1/../../../../arm-none-eabi/lib/thumb/v6-m/nofp/libnosys.a
END GROUP
LOAD /opt/st/stm32cubeide_1.9.0/plugins/com.st.stm32cube.ide.mcu.externaltools.gnu-tools-for-stm32.10.3-2021.10.linux64_1.0.0.202111181127/tools/bin/../lib/gcc/arm-none-eabi/10.3.1/thumb/v6-m/nofp/crtend.o
LOAD /opt/st/stm32cubeide_1.9.0/plugins/com.st.stm32cube.ide.mcu.externaltools.gnu-tools-for-stm32.10.3-2021.10.linux64_1.0.0.202111181127/tools/bin/../lib/gcc/arm-none-eabi/10.3.1/thumb/v6-m/nofp/crtn.o
                0x0000000020002000                _estack = (ORIGIN (RAM) + LENGTH (RAM))
                0x0000000000000200                _Min_Heap_Size = 0x200
                0x0000000000000400                _Min_Stack_Size = 0x400

.isr_vector     0x0000000008000000       0xc0
                0x0000000008000000                . = ALIGN (0x4)
 *(.isr_vector)
 .isr_vector    0x0000000008000000       0xc0 ./Core/Startup/startup_stm32f030c8tx.o
                0x0000000008000000                g_pfnVectors
                0x00000000080000c0                . = ALIGN (0x4)

.text           0x00000000080000c0     0x64c4
                0x00000000080000c0                . = ALIGN (0x4)
 *(.text)
 .text          0x00000000080000c0       0x48 /opt/st/stm32cubeide_1.9.0/plugins/com.st.stm32cube.ide.mcu.externaltools.gnu-tools-for-stm32.10.3-2021.10.linux64_1.0.0.202111181127/tools/bin/../lib/gcc/arm-none-eabi/10.3.1/thumb/v6-m/nofp/crtbegin.o
 .text          0x0000000008000108        0xe /opt/st/stm32cubeide_1.9.0/plugins/com.st.stm32cube.ide.mcu.externaltools.gnu-tools-for-stm32.10.3-2021.10.linux64_1.0.0.202111181127/tools/bin/../lib/gcc/arm-none-eabi/10.3.1/../../../../arm-none-eabi/lib/thumb/v6-m/nofp/libc_nano.a(lib_a-strlen.o)
                0x0000000008000108                strlen
 *fill*         0x0000000008000116        0x2 
 .text          0x0000000008000118      0x114 /opt/st/stm32cubeide_1.9.0/plugins/com.st.stm32cube.ide.mcu.externaltools.gnu-tools-for-stm32.10.3-2021.10.linux64_1.0.0.202111181127/tools/bin/../lib/gcc/arm-none-eabi/10.3.1/thumb/v6-m/nofp/libgcc.a(_udivsi3.o)
                0x0000000008000118                __udivsi3
                0x0000000008000118                __aeabi_uidiv
                0x0000000008000224                __aeabi_uidivmod
 .text          0x000000000800022c        0x4 /opt/st/stm32cubeide_1.9.0/plugins/com.st.stm32cube.ide.mcu.externaltools.gnu-tools-for-stm32.10.3-2021.10.linux64_1.0.0.202111181127/tools/bin/../lib/gcc/arm-none-eabi/10.3.1/thumb/v6-m/nofp/libgcc.a(_dvmd_tls.o)
                0x000000000800022c                __aeabi_ldiv0
                0x000000000800022c                __aeabi_idiv0
 *(.text*)
 .text._ZnwjPv  0x0000000008000230       0x14 ./Core/Src/AppMain.o
                0x0000000008000230                operator new(unsigned int, void*)
 .text._ZNSt9_Any_data9_M_accessEv
                0x0000000008000244       0x12 ./Core/Src/AppMain.o
                0x0000000008000244                std::_Any_data::_M_access()
 .text._ZNKSt9_Any_data9_M_accessEv
                0x0000000008000256       0x12 ./Core/Src/AppMain.o
                0x0000000008000256                std::_Any_data::_M_access() const
 .text._ZNSt14_Function_baseC2Ev
                0x0000000008000268       0x18 ./Core/Src/AppMain.o
                0x0000000008000268                std::_Function_base::_Function_base()
                0x0000000008000268                std::_Function_base::_Function_base()
 .text._ZNSt14_Function_baseD2Ev
                0x0000000008000280       0x26 ./Core/Src/AppMain.o
                0x0000000008000280                std::_Function_base::~_Function_base()
                0x0000000008000280                std::_Function_base::~_Function_base()
 .text._ZNKSt14_Function_base8_M_emptyEv
                0x00000000080002a6       0x1a ./Core/Src/AppMain.o
                0x00000000080002a6                std::_Function_base::_M_empty() const
 .text._ZN3PLM7PLModemILj1024EE10BUFFER_LENEj
                0x00000000080002c0       0x24 ./Core/Src/AppMain.o
                0x00000000080002c0                PLM::PLModem<1024u>::BUFFER_LEN(unsigned int)
 .text._ZN3PLM7PLModemILj1024EE12NUM_MESSAGESEj
                0x00000000080002e4       0x22 ./Core/Src/AppMain.o
                0x00000000080002e4                PLM::PLModem<1024u>::NUM_MESSAGES(unsigned int)
 *fill*         0x0000000008000306        0x2 
 .text._ZNK6KQ130FMUlPhjE_clES_j
                0x0000000008000308       0x2c ./Core/Src/AppMain.o
                0x0000000008000308                KQ130F::{lambda(unsigned char*, unsigned int)#1}::operator()(KQ130F, unsigned int) const
 .text._ZNSt8functionIFvPhhEED2Ev
                0x0000000008000334       0x1a ./Core/Src/AppMain.o
                0x0000000008000334                std::function<void (unsigned char*, unsigned char)>::~function()
                0x0000000008000334                std::function<void (unsigned char*, unsigned char)>::~function()
 *fill*         0x000000000800034e        0x2 
 .text.StartplNICHandleTask
                0x0000000008000350       0x20 ./Core/Src/AppMain.o
                0x0000000008000350                StartplNICHandleTask
 .text.HAL_UART_TxCpltCallback
                0x0000000008000370       0x20 ./Core/Src/AppMain.o
                0x0000000008000370                HAL_UART_TxCpltCallback
 .text._ZN3Enc10EncryptionC2ERKS0_
                0x0000000008000390       0x20 ./Core/Src/AppMain.o
                0x0000000008000390                Enc::Encryption::Encryption(Enc::Encryption const&)
                0x0000000008000390                Enc::Encryption::Encryption(Enc::Encryption const&)
 .text.StartTestCaseTask
                0x00000000080003b0       0x7c ./Core/Src/AppMain.o
                0x00000000080003b0                StartTestCaseTask
 .text._ZNSt8functionIFvPhhEEC2IN6KQ130FMUlS0_jE_EvvEET_
                0x000000000800042c       0x54 ./Core/Src/AppMain.o
                0x000000000800042c                std::function<void (unsigned char*, unsigned char)>::function<KQ130F::{lambda(unsigned char*, unsigned int)#1}, void, void>(KQ130F::{lambda(unsigned char*, unsigned int)#1})
                0x000000000800042c                std::function<void (unsigned char*, unsigned char)>::function<KQ130F::{lambda(unsigned char*, unsigned int)#1}, void, void>(KQ130F::{lambda(unsigned char*, unsigned int)#1})
 .text._ZN3PLM7PLModemILj1024EEC2EP20__UART_HandleTypeDefS3_St8functionIFvPhhEE
                0x0000000008000480       0xb4 ./Core/Src/AppMain.o
                0x0000000008000480                PLM::PLModem<1024u>::PLModem(__UART_HandleTypeDef*, __UART_HandleTypeDef*, std::function<void (unsigned char*, unsigned char)>)
                0x0000000008000480                PLM::PLModem<1024u>::PLModem(__UART_HandleTypeDef*, __UART_HandleTypeDef*, std::function<void (unsigned char*, unsigned char)>)
 .text._ZN3PLM7PLModemILj1024EE6handleEPKv
                0x0000000008000534       0xc4 ./Core/Src/AppMain.o
                0x0000000008000534                PLM::PLModem<1024u>::handle(void const*)
 .text._ZN3PLM7PLModemILj1024EE11rxInterruptEP20__UART_HandleTypeDef
                0x00000000080005f8       0x30 ./Core/Src/AppMain.o
                0x00000000080005f8                PLM::PLModem<1024u>::rxInterrupt(__UART_HandleTypeDef*)
 .text._ZN3Enc10EncryptionaSERKS0_
                0x0000000008000628       0x14 ./Core/Src/AppMain.o
                0x0000000008000628                Enc::Encryption::operator=(Enc::Encryption const&)
 .text._ZN3PLM7PLModemILj1024EE5beginEhN3Enc10EncryptionEhm
                0x000000000800063c       0x68 ./Core/Src/AppMain.o
                0x000000000800063c                PLM::PLModem<1024u>::begin(unsigned char, Enc::Encryption, unsigned char, unsigned long)
 .text._ZN3PLM7PLModemILj1024EE4sendEhPKhj
                0x00000000080006a4       0x66 ./Core/Src/AppMain.o
                0x00000000080006a4                PLM::PLModem<1024u>::send(unsigned char, unsigned char const*, unsigned int)
 .text._ZNSt14_Function_base13_Base_managerIN6KQ130FMUlPhjE_EE21_M_not_empty_functionIS2_EEbRKT_
                0x000000000800070a       0x12 ./Core/Src/AppMain.o
                0x000000000800070a                bool std::_Function_base::_Base_manager<KQ130F::{lambda(unsigned char*, unsigned int)#1}>::_M_not_empty_function<unsigned char*>(unsigned char* const&)
 .text._ZSt4moveIRN6KQ130FMUlPhjE_EEONSt16remove_referenceIT_E4typeEOS4_
                0x000000000800071c       0x12 ./Core/Src/AppMain.o
                0x000000000800071c                std::remove_reference<KQ130F::{lambda(unsigned char*, unsigned int)#1}&>::type&& std::move<KQ130F::{lambda(unsigned char*, unsigned int)#1}&>(std::remove_reference&&)
 .text._ZNSt14_Function_base13_Base_managerIN6KQ130FMUlPhjE_EE15_M_init_functorERSt9_Any_dataOS2_
                0x000000000800072e       0x26 ./Core/Src/AppMain.o
                0x000000000800072e                std::_Function_base::_Base_manager<KQ130F::{lambda(unsigned char*, unsigned int)#1}>::_M_init_functor(std::_Any_data&, unsigned char*&&)
 .text._ZNSt17_Function_handlerIFvPhhEN6KQ130FMUlS0_jE_EE9_M_invokeERKSt9_Any_dataOS0_Oh
                0x0000000008000754       0x3c ./Core/Src/AppMain.o
                0x0000000008000754                std::_Function_handler<void (unsigned char*, unsigned char), KQ130F::{lambda(unsigned char*, unsigned int)#1}>::_M_invoke(std::_Any_data const&, unsigned char*&&, unsigned char&&)
 .text._ZNSt17_Function_handlerIFvPhhEN6KQ130FMUlS0_jE_EE10_M_managerERSt9_Any_dataRKS4_St18_Manager_operation
                0x0000000008000790       0x46 ./Core/Src/AppMain.o
                0x0000000008000790                std::_Function_handler<void (unsigned char*, unsigned char), KQ130F::{lambda(unsigned char*, unsigned int)#1}>::_M_manager(std::_Any_data&, std::_Function_handler<void (unsigned char*, unsigned char), KQ130F::{lambda(unsigned char*, unsigned int)#1}> const&, std::_Manager_operation)
 .text._ZNSt8functionIFvPhhEEC2ERKS2_
                0x00000000080007d6       0x44 ./Core/Src/AppMain.o
                0x00000000080007d6                std::function<void (unsigned char*, unsigned char)>::function(std::function<void (unsigned char*, unsigned char)> const&)
                0x00000000080007d6                std::function<void (unsigned char*, unsigned char)>::function(std::function<void (unsigned char*, unsigned char)> const&)
 .text._ZNKSt8functionIFvPhhEEclES0_h
                0x000000000800081a       0x4a ./Core/Src/AppMain.o
                0x000000000800081a                std::function<void (unsigned char*, unsigned char)>::operator()(unsigned char*, unsigned char) const
 .text._ZN3PLM7PLModemILj1024EE23_findOccupyEmptyMessageEv
                0x0000000008000864       0x80 ./Core/Src/AppMain.o
                0x0000000008000864                PLM::PLModem<1024u>::_findOccupyEmptyMessage()
 .text._ZN3PLM7PLModemILj1024EE16_generateMessageERNS1_7MessageEhPKhh
                0x00000000080008e4       0x50 ./Core/Src/AppMain.o
                0x00000000080008e4                PLM::PLModem<1024u>::_generateMessage(PLM::PLModem<1024u>::Message&, unsigned char, unsigned char const*, unsigned char)
 .text._ZN3PLM7PLModemILj1024EE10_sendBasicEPKhh
                0x0000000008000934       0x44 ./Core/Src/AppMain.o
                0x0000000008000934                PLM::PLModem<1024u>::_sendBasic(unsigned char const*, unsigned char)
 .text._ZNSt14_Function_base13_Base_managerIN6KQ130FMUlPhjE_EE15_M_init_functorERSt9_Any_dataOS2_St17integral_constantIbLb1EE
                0x0000000008000978       0x30 ./Core/Src/AppMain.o
                0x0000000008000978                std::_Function_base::_Base_manager<KQ130F::{lambda(unsigned char*, unsigned int)#1}>::_M_init_functor(std::_Any_data&, unsigned char*&&, std::integral_constant<bool, true>)
 .text._ZNSt14_Function_base13_Base_managerIN6KQ130FMUlPhjE_EE14_M_get_pointerERKSt9_Any_data
                0x00000000080009a8       0x28 ./Core/Src/AppMain.o
                0x00000000080009a8                std::_Function_base::_Base_manager<KQ130F::{lambda(unsigned char*, unsigned int)#1}>::_M_get_pointer(std::_Any_data const&)
 .text._ZSt7forwardIPhEOT_RNSt16remove_referenceIS1_E4typeE
                0x00000000080009d0       0x12 ./Core/Src/AppMain.o
                0x00000000080009d0                unsigned char*&& std::forward<unsigned char*>(std::remove_reference<unsigned char*>::type&)
 .text._ZSt7forwardIhEOT_RNSt16remove_referenceIS0_E4typeE
                0x00000000080009e2       0x12 ./Core/Src/AppMain.o
                0x00000000080009e2                unsigned char&& std::forward<unsigned char>(std::remove_reference<unsigned char>::type&)
 .text._ZSt10__invoke_rIvRN6KQ130FMUlPhjE_EJS0_hEENSt9enable_ifIXsrSt6__and_IJSt7is_voidIT_ESt14__is_invocableIT0_JDpT1_EEEE5valueES6_E4typeEOS9_DpOSA_
                0x00000000080009f4       0x3c ./Core/Src/AppMain.o
                0x00000000080009f4                std::enable_if<std::__and_<std::is_void<void>, std::__is_invocable<KQ130F::{lambda(unsigned char*, unsigned int)#1}&, KQ130F, unsigned char> >::value, std::is_void>::type std::__invoke_r<void, KQ130F::{lambda(unsigned char*, unsigned int)#1}&, KQ130F, unsigned char>(std::__is_invocable&&, (KQ130F::{lambda(unsigned char*, unsigned int)#1}&)...)
 .text._ZNSt9_Any_data9_M_accessIPN6KQ130FMUlPhjE_EEERT_v
                0x0000000008000a30       0x1a ./Core/Src/AppMain.o
                0x0000000008000a30                KQ130F::{lambda(unsigned char*, unsigned int)#1}*& std::_Any_data::_M_access<KQ130F::{lambda(unsigned char*, unsigned int)#1}*>()
 .text._ZNSt14_Function_base13_Base_managerIN6KQ130FMUlPhjE_EE10_M_managerERSt9_Any_dataRKS4_St18_Manager_operation
                0x0000000008000a4a       0x5e ./Core/Src/AppMain.o
                0x0000000008000a4a                std::_Function_base::_Base_manager<KQ130F::{lambda(unsigned char*, unsigned int)#1}>::_M_manager(std::_Any_data&, std::_Function_base::_Base_manager<KQ130F::{lambda(unsigned char*, unsigned int)#1}> const&, std::_Manager_operation)
 .text._ZNKSt8functionIFvPhhEEcvbEv
                0x0000000008000aa8       0x22 ./Core/Src/AppMain.o
                0x0000000008000aa8                std::function<void (unsigned char*, unsigned char)>::operator bool() const
 .text._ZN3PLM7PLModemILj1024EE12_generateCRCERNS1_7MessageE
                0x0000000008000aca       0x12 ./Core/Src/AppMain.o
                0x0000000008000aca                PLM::PLModem<1024u>::_generateCRC(PLM::PLModem<1024u>::Message&)
 .text._ZNKSt9_Any_data9_M_accessIN6KQ130FMUlPhjE_EEERKT_v
                0x0000000008000adc       0x1a ./Core/Src/AppMain.o
                0x0000000008000adc                KQ130F::{lambda(unsigned char*, unsigned int)#1} const& std::_Any_data::_M_access<KQ130F::{lambda(unsigned char*, unsigned int)#1}>() const
 .text._ZSt11__addressofIKN6KQ130FMUlPhjE_EEPT_RS3_
                0x0000000008000af6       0x12 ./Core/Src/AppMain.o
                0x0000000008000af6                KQ130F::{lambda(unsigned char*, unsigned int)#1} const* std::__addressof<KQ130F::{lambda(unsigned char*, unsigned int)#1} const>(KQ130F::{lambda(unsigned char*, unsigned int)#1} const&)
 .text._ZSt7forwardIRN6KQ130FMUlPhjE_EEOT_RNSt16remove_referenceIS3_E4typeE
                0x0000000008000b08       0x12 ./Core/Src/AppMain.o
                0x0000000008000b08                KQ130F::{lambda(unsigned char*, unsigned int)#1}& std::forward<KQ130F::{lambda(unsigned char*, unsigned int)#1}&>(std::remove_reference<KQ130F::{lambda(unsigned char*, unsigned int)#1}&>::type&)
 .text._ZSt13__invoke_implIvRN6KQ130FMUlPhjE_EJS0_hEET_St14__invoke_otherOT0_DpOT1_
                0x0000000008000b1a       0x46 ./Core/Src/AppMain.o
                0x0000000008000b1a                void std::__invoke_impl<void, KQ130F::{lambda(unsigned char*, unsigned int)#1}&, KQ130F, unsigned char>(std::__invoke_other, KQ130F::{lambda(unsigned char*, unsigned int)#1}&, KQ130F&&, unsigned char&&)
 .text._ZNSt14_Function_base13_Base_managerIN6KQ130FMUlPhjE_EE8_M_cloneERSt9_Any_dataRKS4_St17integral_constantIbLb1EE
                0x0000000008000b60       0x30 ./Core/Src/AppMain.o
                0x0000000008000b60                std::_Function_base::_Base_manager<KQ130F::{lambda(unsigned char*, unsigned int)#1}>::_M_clone(std::_Any_data&, std::_Function_base::_Base_manager<KQ130F::{lambda(unsigned char*, unsigned int)#1}> const&, std::integral_constant<bool, true>)
 .text._ZNSt14_Function_base13_Base_managerIN6KQ130FMUlPhjE_EE10_M_destroyERSt9_Any_dataSt17integral_constantIbLb1EE
                0x0000000008000b90       0x1c ./Core/Src/AppMain.o
                0x0000000008000b90                std::_Function_base::_Base_manager<KQ130F::{lambda(unsigned char*, unsigned int)#1}>::_M_destroy(std::_Any_data&, std::integral_constant<bool, true>)
 .text._ZNSt9_Any_data9_M_accessIN6KQ130FMUlPhjE_EEERT_v
                0x0000000008000bac       0x1a ./Core/Src/AppMain.o
                0x0000000008000bac                KQ130F::{lambda(unsigned char*, unsigned int)#1}& std::_Any_data::_M_access<KQ130F::{lambda(unsigned char*, unsigned int)#1}>()
 .text._ZN3PLM7PLModemILj1024EED2Ev
                0x0000000008000bc6       0x32 ./Core/Src/AppMain.o
                0x0000000008000bc6                PLM::PLModem<1024u>::~PLModem()
                0x0000000008000bc6                PLM::PLModem<1024u>::~PLModem()
 .text._ZN3Enc3RSAD2Ev
                0x0000000008000bf8       0x24 ./Core/Src/AppMain.o
                0x0000000008000bf8                Enc::RSA::~RSA()
                0x0000000008000bf8                Enc::RSA::~RSA()
 .text._ZN3Enc3RSAD0Ev
                0x0000000008000c1c       0x24 ./Core/Src/AppMain.o
                0x0000000008000c1c                Enc::RSA::~RSA()
 .text._Z41__static_initialization_and_destruction_0ii
                0x0000000008000c40       0x7c ./Core/Src/AppMain.o
 .text._GLOBAL__sub_I_helloWorld
                0x0000000008000cbc       0x18 ./Core/Src/AppMain.o
 .text._GLOBAL__sub_D_helloWorld
                0x0000000008000cd4       0x18 ./Core/Src/AppMain.o
 .text.vApplicationGetIdleTaskMemory
                0x0000000008000cec       0x30 ./Core/Src/freertos.o
                0x0000000008000cec                vApplicationGetIdleTaskMemory
 .text.main     0x0000000008000d1c       0xb0 ./Core/Src/main.o
                0x0000000008000d1c                main
 .text._Z18SystemClock_Configv
                0x0000000008000dcc      0x10c ./Core/Src/main.o
                0x0000000008000dcc                SystemClock_Config()
 .text._ZL11MX_CRC_Initv
                0x0000000008000ed8       0x48 ./Core/Src/main.o
 .text._ZL12MX_I2C1_Initv
                0x0000000008000f20       0x98 ./Core/Src/main.o
 .text._ZL12MX_IWDG_Initv
                0x0000000008000fb8       0x48 ./Core/Src/main.o
 .text._ZL11MX_RTC_Initv
                0x0000000008001000       0xdc ./Core/Src/main.o
 .text._ZL19MX_USART1_UART_Initv
                0x00000000080010dc       0x68 ./Core/Src/main.o
 .text._ZL19MX_USART2_UART_Initv
                0x0000000008001144       0x68 ./Core/Src/main.o
 .text._ZL11MX_DMA_Initv
                0x00000000080011ac       0x4c ./Core/Src/main.o
 .text._ZL12MX_GPIO_Initv
                0x00000000080011f8       0xb0 ./Core/Src/main.o
 .text._Z16StartDefaultTaskPKv
                0x00000000080012a8       0x10 ./Core/Src/main.o
                0x00000000080012a8                StartDefaultTask(void const*)
 .text.HAL_TIM_PeriodElapsedCallback
                0x00000000080012b8       0x24 ./Core/Src/main.o
                0x00000000080012b8                HAL_TIM_PeriodElapsedCallback
 .text.Error_Handler
                0x00000000080012dc        0xa ./Core/Src/main.o
                0x00000000080012dc                Error_Handler
 *fill*         0x00000000080012e6        0x2 
 .text.HAL_MspInit
                0x00000000080012e8       0x54 ./Core/Src/stm32f0xx_hal_msp.o
                0x00000000080012e8                HAL_MspInit
 .text.HAL_CRC_MspInit
                0x000000000800133c       0x3c ./Core/Src/stm32f0xx_hal_msp.o
                0x000000000800133c                HAL_CRC_MspInit
 .text.HAL_I2C_MspInit
                0x0000000008001378       0x9c ./Core/Src/stm32f0xx_hal_msp.o
                0x0000000008001378                HAL_I2C_MspInit
 .text.HAL_RTC_MspInit
                0x0000000008001414       0x30 ./Core/Src/stm32f0xx_hal_msp.o
                0x0000000008001414                HAL_RTC_MspInit
 .text.HAL_UART_MspInit
                0x0000000008001444      0x28c ./Core/Src/stm32f0xx_hal_msp.o
                0x0000000008001444                HAL_UART_MspInit
 .text.HAL_InitTick
                0x00000000080016d0       0xbc ./Core/Src/stm32f0xx_hal_timebase_tim.o
                0x00000000080016d0                HAL_InitTick
 .text.NMI_Handler
                0x000000000800178c        0x6 ./Core/Src/stm32f0xx_it.o
                0x000000000800178c                NMI_Handler
 .text.HardFault_Handler
                0x0000000008001792        0x6 ./Core/Src/stm32f0xx_it.o
                0x0000000008001792                HardFault_Handler
 .text.DMA1_Channel2_3_IRQHandler
                0x0000000008001798       0x24 ./Core/Src/stm32f0xx_it.o
                0x0000000008001798                DMA1_Channel2_3_IRQHandler
 .text.DMA1_Channel4_5_IRQHandler
                0x00000000080017bc       0x24 ./Core/Src/stm32f0xx_it.o
                0x00000000080017bc                DMA1_Channel4_5_IRQHandler
 .text.TIM17_IRQHandler
                0x00000000080017e0       0x18 ./Core/Src/stm32f0xx_it.o
                0x00000000080017e0                TIM17_IRQHandler
 .text.USART1_IRQHandler
                0x00000000080017f8       0x18 ./Core/Src/stm32f0xx_it.o
                0x00000000080017f8                USART1_IRQHandler
 .text.USART2_IRQHandler
                0x0000000008001810       0x18 ./Core/Src/stm32f0xx_it.o
                0x0000000008001810                USART2_IRQHandler
 .text._getpid  0x0000000008001828        0xc ./Core/Src/syscalls.o
                0x0000000008001828                _getpid
 .text._kill    0x0000000008001834       0x20 ./Core/Src/syscalls.o
                0x0000000008001834                _kill
 .text._exit    0x0000000008001854       0x18 ./Core/Src/syscalls.o
                0x0000000008001854                _exit
 .text.SystemInit
                0x000000000800186c        0xa ./Core/Src/system_stm32f0xx.o
                0x000000000800186c                SystemInit
 *fill*         0x0000000008001876        0x2 
 .text.Reset_Handler
                0x0000000008001878       0x50 ./Core/Startup/startup_stm32f030c8tx.o
                0x0000000008001878                Reset_Handler
 .text.Default_Handler
                0x00000000080018c8        0x2 ./Core/Startup/startup_stm32f030c8tx.o
                0x00000000080018c8                TIM1_CC_IRQHandler
                0x00000000080018c8                TIM6_IRQHandler
                0x00000000080018c8                I2C1_IRQHandler
                0x00000000080018c8                SPI1_IRQHandler
                0x00000000080018c8                EXTI2_3_IRQHandler
                0x00000000080018c8                ADC1_IRQHandler
                0x00000000080018c8                I2C2_IRQHandler
                0x00000000080018c8                RTC_IRQHandler
                0x00000000080018c8                TIM16_IRQHandler
                0x00000000080018c8                TIM3_IRQHandler
                0x00000000080018c8                EXTI4_15_IRQHandler
                0x00000000080018c8                RCC_IRQHandler
                0x00000000080018c8                DMA1_Channel1_IRQHandler
                0x00000000080018c8                Default_Handler
                0x00000000080018c8                TIM14_IRQHandler
                0x00000000080018c8                TIM15_IRQHandler
                0x00000000080018c8                EXTI0_1_IRQHandler
                0x00000000080018c8                SPI2_IRQHandler
                0x00000000080018c8                WWDG_IRQHandler
                0x00000000080018c8                FLASH_IRQHandler
                0x00000000080018c8                TIM1_BRK_UP_TRG_COM_IRQHandler
 *fill*         0x00000000080018ca        0x2 
 .text.HAL_Init
                0x00000000080018cc       0x28 ./Drivers/STM32F0xx_HAL_Driver/stm32f0xx_hal.o
                0x00000000080018cc                HAL_Init
 .text.HAL_IncTick
                0x00000000080018f4       0x24 ./Drivers/STM32F0xx_HAL_Driver/stm32f0xx_hal.o
                0x00000000080018f4                HAL_IncTick
 .text.HAL_GetTick
                0x0000000008001918       0x14 ./Drivers/STM32F0xx_HAL_Driver/stm32f0xx_hal.o
                0x0000000008001918                HAL_GetTick
 .text.__NVIC_EnableIRQ
                0x000000000800192c       0x34 ./Drivers/STM32F0xx_HAL_Driver/stm32f0xx_hal_cortex.o
 .text.__NVIC_SetPriority
                0x0000000008001960       0xdc ./Drivers/STM32F0xx_HAL_Driver/stm32f0xx_hal_cortex.o
 .text.HAL_NVIC_SetPriority
                0x0000000008001a3c       0x2a ./Drivers/STM32F0xx_HAL_Driver/stm32f0xx_hal_cortex.o
                0x0000000008001a3c                HAL_NVIC_SetPriority
 .text.HAL_NVIC_EnableIRQ
                0x0000000008001a66       0x20 ./Drivers/STM32F0xx_HAL_Driver/stm32f0xx_hal_cortex.o
                0x0000000008001a66                HAL_NVIC_EnableIRQ
 .text.HAL_CRC_Init
                0x0000000008001a86       0x8e ./Drivers/STM32F0xx_HAL_Driver/stm32f0xx_hal_crc.o
                0x0000000008001a86                HAL_CRC_Init
 .text.HAL_DMA_Init
                0x0000000008001b14       0x90 ./Drivers/STM32F0xx_HAL_Driver/stm32f0xx_hal_dma.o
                0x0000000008001b14                HAL_DMA_Init
 .text.HAL_DMA_Abort
                0x0000000008001ba4       0x70 ./Drivers/STM32F0xx_HAL_Driver/stm32f0xx_hal_dma.o
                0x0000000008001ba4                HAL_DMA_Abort
 .text.HAL_DMA_Abort_IT
                0x0000000008001c14       0x8a ./Drivers/STM32F0xx_HAL_Driver/stm32f0xx_hal_dma.o
                0x0000000008001c14                HAL_DMA_Abort_IT
 .text.HAL_DMA_IRQHandler
                0x0000000008001c9e      0x144 ./Drivers/STM32F0xx_HAL_Driver/stm32f0xx_hal_dma.o
                0x0000000008001c9e                HAL_DMA_IRQHandler
 *fill*         0x0000000008001de2        0x2 
 .text.DMA_CalcBaseAndBitshift
                0x0000000008001de4       0x38 ./Drivers/STM32F0xx_HAL_Driver/stm32f0xx_hal_dma.o
 .text.HAL_GPIO_Init
                0x0000000008001e1c      0x2e0 ./Drivers/STM32F0xx_HAL_Driver/stm32f0xx_hal_gpio.o
                0x0000000008001e1c                HAL_GPIO_Init
 .text.HAL_GPIO_WritePin
                0x00000000080020fc       0x3a ./Drivers/STM32F0xx_HAL_Driver/stm32f0xx_hal_gpio.o
                0x00000000080020fc                HAL_GPIO_WritePin
 .text.HAL_GPIO_TogglePin
                0x0000000008002136       0x36 ./Drivers/STM32F0xx_HAL_Driver/stm32f0xx_hal_gpio.o
                0x0000000008002136                HAL_GPIO_TogglePin
 .text.HAL_I2C_Init
                0x000000000800216c      0x1a4 ./Drivers/STM32F0xx_HAL_Driver/stm32f0xx_hal_i2c.o
                0x000000000800216c                HAL_I2C_Init
 .text.HAL_I2C_MasterTxCpltCallback
                0x0000000008002310       0x10 ./Drivers/STM32F0xx_HAL_Driver/stm32f0xx_hal_i2c.o
                0x0000000008002310                HAL_I2C_MasterTxCpltCallback
 .text.HAL_I2C_MasterRxCpltCallback
                0x0000000008002320       0x10 ./Drivers/STM32F0xx_HAL_Driver/stm32f0xx_hal_i2c.o
                0x0000000008002320                HAL_I2C_MasterRxCpltCallback
 .text.HAL_I2C_SlaveTxCpltCallback
                0x0000000008002330       0x10 ./Drivers/STM32F0xx_HAL_Driver/stm32f0xx_hal_i2c.o
                0x0000000008002330                HAL_I2C_SlaveTxCpltCallback
 .text.HAL_I2C_SlaveRxCpltCallback
                0x0000000008002340       0x10 ./Drivers/STM32F0xx_HAL_Driver/stm32f0xx_hal_i2c.o
                0x0000000008002340                HAL_I2C_SlaveRxCpltCallback
 .text.HAL_I2C_AddrCallback
                0x0000000008002350       0x20 ./Drivers/STM32F0xx_HAL_Driver/stm32f0xx_hal_i2c.o
                0x0000000008002350                HAL_I2C_AddrCallback
 .text.HAL_I2C_ListenCpltCallback
                0x0000000008002370       0x10 ./Drivers/STM32F0xx_HAL_Driver/stm32f0xx_hal_i2c.o
                0x0000000008002370                HAL_I2C_ListenCpltCallback
 .text.HAL_I2C_MemTxCpltCallback
                0x0000000008002380       0x10 ./Drivers/STM32F0xx_HAL_Driver/stm32f0xx_hal_i2c.o
                0x0000000008002380                HAL_I2C_MemTxCpltCallback
 .text.HAL_I2C_MemRxCpltCallback
                0x0000000008002390       0x10 ./Drivers/STM32F0xx_HAL_Driver/stm32f0xx_hal_i2c.o
                0x0000000008002390                HAL_I2C_MemRxCpltCallback
 .text.HAL_I2C_ErrorCallback
                0x00000000080023a0       0x10 ./Drivers/STM32F0xx_HAL_Driver/stm32f0xx_hal_i2c.o
                0x00000000080023a0                HAL_I2C_ErrorCallback
 .text.HAL_I2C_AbortCpltCallback
                0x00000000080023b0       0x10 ./Drivers/STM32F0xx_HAL_Driver/stm32f0xx_hal_i2c.o
                0x00000000080023b0                HAL_I2C_AbortCpltCallback
 .text.HAL_I2CEx_ConfigAnalogFilter
                0x00000000080023c0       0x98 ./Drivers/STM32F0xx_HAL_Driver/stm32f0xx_hal_i2c_ex.o
                0x00000000080023c0                HAL_I2CEx_ConfigAnalogFilter
 .text.HAL_I2CEx_ConfigDigitalFilter
                0x0000000008002458       0x98 ./Drivers/STM32F0xx_HAL_Driver/stm32f0xx_hal_i2c_ex.o
                0x0000000008002458                HAL_I2CEx_ConfigDigitalFilter
 .text.HAL_IWDG_Init
                0x00000000080024f0       0xa4 ./Drivers/STM32F0xx_HAL_Driver/stm32f0xx_hal_iwdg.o
                0x00000000080024f0                HAL_IWDG_Init
 .text.HAL_PWR_EnableBkUpAccess
                0x0000000008002594       0x1c ./Drivers/STM32F0xx_HAL_Driver/stm32f0xx_hal_pwr.o
                0x0000000008002594                HAL_PWR_EnableBkUpAccess
 .text.HAL_RCC_OscConfig
                0x00000000080025b0      0x634 ./Drivers/STM32F0xx_HAL_Driver/stm32f0xx_hal_rcc.o
                0x00000000080025b0                HAL_RCC_OscConfig
 .text.HAL_RCC_ClockConfig
                0x0000000008002be4      0x19c ./Drivers/STM32F0xx_HAL_Driver/stm32f0xx_hal_rcc.o
                0x0000000008002be4                HAL_RCC_ClockConfig
 .text.HAL_RCC_GetSysClockFreq
                0x0000000008002d80       0xc8 ./Drivers/STM32F0xx_HAL_Driver/stm32f0xx_hal_rcc.o
                0x0000000008002d80                HAL_RCC_GetSysClockFreq
 .text.HAL_RCC_GetHCLKFreq
                0x0000000008002e48       0x14 ./Drivers/STM32F0xx_HAL_Driver/stm32f0xx_hal_rcc.o
                0x0000000008002e48                HAL_RCC_GetHCLKFreq
 .text.HAL_RCC_GetPCLK1Freq
                0x0000000008002e5c       0x2c ./Drivers/STM32F0xx_HAL_Driver/stm32f0xx_hal_rcc.o
                0x0000000008002e5c                HAL_RCC_GetPCLK1Freq
 .text.HAL_RCC_GetClockConfig
                0x0000000008002e88       0x54 ./Drivers/STM32F0xx_HAL_Driver/stm32f0xx_hal_rcc.o
                0x0000000008002e88                HAL_RCC_GetClockConfig
 .text.HAL_RCCEx_PeriphCLKConfig
                0x0000000008002edc      0x19c ./Drivers/STM32F0xx_HAL_Driver/stm32f0xx_hal_rcc_ex.o
                0x0000000008002edc                HAL_RCCEx_PeriphCLKConfig
 .text.HAL_RTC_Init
                0x0000000008003078      0x128 ./Drivers/STM32F0xx_HAL_Driver/stm32f0xx_hal_rtc.o
                0x0000000008003078                HAL_RTC_Init
 .text.HAL_RTC_SetTime
                0x00000000080031a0      0x178 ./Drivers/STM32F0xx_HAL_Driver/stm32f0xx_hal_rtc.o
                0x00000000080031a0                HAL_RTC_SetTime
 .text.HAL_RTC_SetDate
                0x0000000008003318      0x14c ./Drivers/STM32F0xx_HAL_Driver/stm32f0xx_hal_rtc.o
                0x0000000008003318                HAL_RTC_SetDate
 .text.HAL_RTC_WaitForSynchro
                0x0000000008003464       0x52 ./Drivers/STM32F0xx_HAL_Driver/stm32f0xx_hal_rtc.o
                0x0000000008003464                HAL_RTC_WaitForSynchro
 .text.RTC_EnterInitMode
                0x00000000080034b6       0x58 ./Drivers/STM32F0xx_HAL_Driver/stm32f0xx_hal_rtc.o
                0x00000000080034b6                RTC_EnterInitMode
 .text.RTC_ByteToBcd2
                0x000000000800350e       0x42 ./Drivers/STM32F0xx_HAL_Driver/stm32f0xx_hal_rtc.o
                0x000000000800350e                RTC_ByteToBcd2
 .text.HAL_TIM_Base_Init
                0x0000000008003550       0xa0 ./Drivers/STM32F0xx_HAL_Driver/stm32f0xx_hal_tim.o
                0x0000000008003550                HAL_TIM_Base_Init
 .text.HAL_TIM_Base_MspInit
                0x00000000080035f0       0x10 ./Drivers/STM32F0xx_HAL_Driver/stm32f0xx_hal_tim.o
                0x00000000080035f0                HAL_TIM_Base_MspInit
 .text.HAL_TIM_Base_Start_IT
                0x0000000008003600       0x98 ./Drivers/STM32F0xx_HAL_Driver/stm32f0xx_hal_tim.o
                0x0000000008003600                HAL_TIM_Base_Start_IT
 .text.HAL_TIM_IRQHandler
                0x0000000008003698      0x22c ./Drivers/STM32F0xx_HAL_Driver/stm32f0xx_hal_tim.o
                0x0000000008003698                HAL_TIM_IRQHandler
 .text.HAL_TIM_OC_DelayElapsedCallback
                0x00000000080038c4       0x10 ./Drivers/STM32F0xx_HAL_Driver/stm32f0xx_hal_tim.o
                0x00000000080038c4                HAL_TIM_OC_DelayElapsedCallback
 .text.HAL_TIM_IC_CaptureCallback
                0x00000000080038d4       0x10 ./Drivers/STM32F0xx_HAL_Driver/stm32f0xx_hal_tim.o
                0x00000000080038d4                HAL_TIM_IC_CaptureCallback
 .text.HAL_TIM_PWM_PulseFinishedCallback
                0x00000000080038e4       0x10 ./Drivers/STM32F0xx_HAL_Driver/stm32f0xx_hal_tim.o
                0x00000000080038e4                HAL_TIM_PWM_PulseFinishedCallback
 .text.HAL_TIM_TriggerCallback
                0x00000000080038f4       0x10 ./Drivers/STM32F0xx_HAL_Driver/stm32f0xx_hal_tim.o
                0x00000000080038f4                HAL_TIM_TriggerCallback
 .text.TIM_Base_SetConfig
                0x0000000008003904       0xec ./Drivers/STM32F0xx_HAL_Driver/stm32f0xx_hal_tim.o
                0x0000000008003904                TIM_Base_SetConfig
 .text.HAL_TIMEx_CommutCallback
                0x00000000080039f0       0x10 ./Drivers/STM32F0xx_HAL_Driver/stm32f0xx_hal_tim_ex.o
                0x00000000080039f0                HAL_TIMEx_CommutCallback
 .text.HAL_TIMEx_BreakCallback
                0x0000000008003a00       0x10 ./Drivers/STM32F0xx_HAL_Driver/stm32f0xx_hal_tim_ex.o
                0x0000000008003a00                HAL_TIMEx_BreakCallback
 .text.HAL_UART_Init
                0x0000000008003a10       0xa8 ./Drivers/STM32F0xx_HAL_Driver/stm32f0xx_hal_uart.o
                0x0000000008003a10                HAL_UART_Init
 .text.HAL_UART_Transmit
                0x0000000008003ab8      0x152 ./Drivers/STM32F0xx_HAL_Driver/stm32f0xx_hal_uart.o
                0x0000000008003ab8                HAL_UART_Transmit
 *fill*         0x0000000008003c0a        0x2 
 .text.HAL_UART_Receive
                0x0000000008003c0c      0x1b8 ./Drivers/STM32F0xx_HAL_Driver/stm32f0xx_hal_uart.o
                0x0000000008003c0c                HAL_UART_Receive
 .text.HAL_UART_Receive_IT
                0x0000000008003dc4       0xc2 ./Drivers/STM32F0xx_HAL_Driver/stm32f0xx_hal_uart.o
                0x0000000008003dc4                HAL_UART_Receive_IT
 *fill*         0x0000000008003e86        0x2 
 .text.HAL_UART_IRQHandler
                0x0000000008003e88      0x580 ./Drivers/STM32F0xx_HAL_Driver/stm32f0xx_hal_uart.o
                0x0000000008003e88                HAL_UART_IRQHandler
 .text.HAL_UART_RxCpltCallback
                0x0000000008004408       0x10 ./Drivers/STM32F0xx_HAL_Driver/stm32f0xx_hal_uart.o
                0x0000000008004408                HAL_UART_RxCpltCallback
 .text.HAL_UART_ErrorCallback
                0x0000000008004418       0x10 ./Drivers/STM32F0xx_HAL_Driver/stm32f0xx_hal_uart.o
                0x0000000008004418                HAL_UART_ErrorCallback
 .text.HAL_UARTEx_RxEventCallback
                0x0000000008004428       0x16 ./Drivers/STM32F0xx_HAL_Driver/stm32f0xx_hal_uart.o
                0x0000000008004428                HAL_UARTEx_RxEventCallback
 *fill*         0x000000000800443e        0x2 
 .text.UART_SetConfig
                0x0000000008004440      0x280 ./Drivers/STM32F0xx_HAL_Driver/stm32f0xx_hal_uart.o
                0x0000000008004440                UART_SetConfig
 .text.UART_AdvFeatureConfig
                0x00000000080046c0      0x168 ./Drivers/STM32F0xx_HAL_Driver/stm32f0xx_hal_uart.o
                0x00000000080046c0                UART_AdvFeatureConfig
 .text.UART_CheckIdleState
                0x0000000008004828       0x90 ./Drivers/STM32F0xx_HAL_Driver/stm32f0xx_hal_uart.o
                0x0000000008004828                UART_CheckIdleState
 .text.UART_WaitOnFlagUntilTimeout
                0x00000000080048b8      0x188 ./Drivers/STM32F0xx_HAL_Driver/stm32f0xx_hal_uart.o
                0x00000000080048b8                UART_WaitOnFlagUntilTimeout
 .text.UART_Start_Receive_IT
                0x0000000008004a40      0x138 ./Drivers/STM32F0xx_HAL_Driver/stm32f0xx_hal_uart.o
                0x0000000008004a40                UART_Start_Receive_IT
 .text.UART_EndRxTransfer
                0x0000000008004b78       0xc4 ./Drivers/STM32F0xx_HAL_Driver/stm32f0xx_hal_uart.o
 .text.UART_DMAAbortOnError
                0x0000000008004c3c       0x2e ./Drivers/STM32F0xx_HAL_Driver/stm32f0xx_hal_uart.o
 .text.UART_EndTransmit_IT
                0x0000000008004c6a       0x56 ./Drivers/STM32F0xx_HAL_Driver/stm32f0xx_hal_uart.o
 .text.UART_RxISR_8BIT
                0x0000000008004cc0      0x168 ./Drivers/STM32F0xx_HAL_Driver/stm32f0xx_hal_uart.o
 .text.UART_RxISR_16BIT
                0x0000000008004e28      0x168 ./Drivers/STM32F0xx_HAL_Driver/stm32f0xx_hal_uart.o
 .text.makeFreeRtosPriority
                0x0000000008004f90       0x32 ./Middlewares/FreeRTOS/cmsis_os.o
 .text.inHandlerMode
                0x0000000008004fc2       0x1c ./Middlewares/FreeRTOS/cmsis_os.o
 .text.osKernelStart
                0x0000000008004fde       0x10 ./Middlewares/FreeRTOS/cmsis_os.o
                0x0000000008004fde                osKernelStart
 .text.osThreadCreate
                0x0000000008004fee       0x4c ./Middlewares/FreeRTOS/cmsis_os.o
                0x0000000008004fee                osThreadCreate
 .text.osThreadGetId
                0x000000000800503a        0xc ./Middlewares/FreeRTOS/cmsis_os.o
                0x000000000800503a                osThreadGetId
 .text.osThreadTerminate
                0x0000000008005046       0x1a ./Middlewares/FreeRTOS/cmsis_os.o
                0x0000000008005046                osThreadTerminate
 .text.osThreadYield
                0x0000000008005060       0x10 ./Middlewares/FreeRTOS/cmsis_os.o
                0x0000000008005060                osThreadYield
 .text.osDelay  0x0000000008005070       0x28 ./Middlewares/FreeRTOS/cmsis_os.o
                0x0000000008005070                osDelay
 .text.osSignalSet
                0x0000000008005098       0x74 ./Middlewares/FreeRTOS/cmsis_os.o
                0x0000000008005098                osSignalSet
 .text.osSignalWait
                0x000000000800510c       0xa8 ./Middlewares/FreeRTOS/cmsis_os.o
                0x000000000800510c                osSignalWait
 .text.vListInitialise
                0x00000000080051b4       0x3c ./Middlewares/FreeRTOS/list.o
                0x00000000080051b4                vListInitialise
 .text.vListInitialiseItem
                0x00000000080051f0       0x16 ./Middlewares/FreeRTOS/list.o
                0x00000000080051f0                vListInitialiseItem
 .text.vListInsertEnd
                0x0000000008005206       0x44 ./Middlewares/FreeRTOS/list.o
                0x0000000008005206                vListInsertEnd
 .text.vListInsert
                0x000000000800524a       0x6c ./Middlewares/FreeRTOS/list.o
                0x000000000800524a                vListInsert
 .text.uxListRemove
                0x00000000080052b6       0x50 ./Middlewares/FreeRTOS/list.o
                0x00000000080052b6                uxListRemove
 *fill*         0x0000000008005306        0x2 
 .text.pxPortInitialiseStack
                0x0000000008005308       0x54 ./Middlewares/FreeRTOS/port.o
                0x0000000008005308                pxPortInitialiseStack
 .text.prvTaskExitError
                0x000000000800535c       0x30 ./Middlewares/FreeRTOS/port.o
 .text.SVC_Handler
                0x000000000800538c        0xa ./Middlewares/FreeRTOS/port.o
                0x000000000800538c                SVC_Handler
 *fill*         0x0000000008005396        0xa 
 .text.vPortStartFirstTask
                0x00000000080053a0       0x38 ./Middlewares/FreeRTOS/port.o
 .text.xPortStartScheduler
                0x00000000080053d8       0x48 ./Middlewares/FreeRTOS/port.o
                0x00000000080053d8                xPortStartScheduler
 .text.vPortYield
                0x0000000008005420       0x20 ./Middlewares/FreeRTOS/port.o
                0x0000000008005420                vPortYield
 .text.vPortEnterCritical
                0x0000000008005440       0x24 ./Middlewares/FreeRTOS/port.o
                0x0000000008005440                vPortEnterCritical
 .text.vPortExitCritical
                0x0000000008005464       0x30 ./Middlewares/FreeRTOS/port.o
                0x0000000008005464                vPortExitCritical
 .text.ulSetInterruptMaskFromISR
                0x0000000008005494        0xc ./Middlewares/FreeRTOS/port.o
                0x0000000008005494                ulSetInterruptMaskFromISR
 .text.vClearInterruptMaskFromISR
                0x00000000080054a0        0x8 ./Middlewares/FreeRTOS/port.o
                0x00000000080054a0                vClearInterruptMaskFromISR
 *fill*         0x00000000080054a8        0x8 
 .text.PendSV_Handler
                0x00000000080054b0       0x48 ./Middlewares/FreeRTOS/port.o
                0x00000000080054b0                PendSV_Handler
 .text.SysTick_Handler
                0x00000000080054f8       0x34 ./Middlewares/FreeRTOS/port.o
                0x00000000080054f8                SysTick_Handler
 .text.prvSetupTimerInterrupt
                0x000000000800552c       0x44 ./Middlewares/FreeRTOS/port.o
 .text.xTaskCreateStatic
                0x0000000008005570       0x7e ./Middlewares/FreeRTOS/tasks.o
                0x0000000008005570                xTaskCreateStatic
 *fill*         0x00000000080055ee        0x2 
 .text.prvInitialiseNewTask
                0x00000000080055f0      0x114 ./Middlewares/FreeRTOS/tasks.o
 .text.prvAddNewTaskToReadyList
                0x0000000008005704       0xb8 ./Middlewares/FreeRTOS/tasks.o
 .text.vTaskDelete
                0x00000000080057bc       0xc8 ./Middlewares/FreeRTOS/tasks.o
                0x00000000080057bc                vTaskDelete
 .text.vTaskDelay
                0x0000000008005884       0x4c ./Middlewares/FreeRTOS/tasks.o
                0x0000000008005884                vTaskDelay
 .text.vTaskStartScheduler
                0x00000000080058d0       0xb0 ./Middlewares/FreeRTOS/tasks.o
                0x00000000080058d0                vTaskStartScheduler
 .text.vTaskSuspendAll
                0x0000000008005980       0x18 ./Middlewares/FreeRTOS/tasks.o
                0x0000000008005980                vTaskSuspendAll
 .text.xTaskResumeAll
                0x0000000008005998      0x10c ./Middlewares/FreeRTOS/tasks.o
                0x0000000008005998                xTaskResumeAll
 .text.xTaskIncrementTick
                0x0000000008005aa4      0x128 ./Middlewares/FreeRTOS/tasks.o
                0x0000000008005aa4                xTaskIncrementTick
 .text.vTaskSwitchContext
                0x0000000008005bcc       0xb4 ./Middlewares/FreeRTOS/tasks.o
                0x0000000008005bcc                vTaskSwitchContext
 .text.prvIdleTask
                0x0000000008005c80       0x12 ./Middlewares/FreeRTOS/tasks.o
 *fill*         0x0000000008005c92        0x2 
 .text.prvInitialiseTaskLists
                0x0000000008005c94       0x88 ./Middlewares/FreeRTOS/tasks.o
 .text.prvCheckTasksWaitingTermination
                0x0000000008005d1c       0x5c ./Middlewares/FreeRTOS/tasks.o
 .text.prvDeleteTCB
                0x0000000008005d78       0x1a ./Middlewares/FreeRTOS/tasks.o
 *fill*         0x0000000008005d92        0x2 
 .text.prvResetNextTaskUnblockTime
                0x0000000008005d94       0x48 ./Middlewares/FreeRTOS/tasks.o
 .text.xTaskNotifyWait
                0x0000000008005ddc       0xb0 ./Middlewares/FreeRTOS/tasks.o
                0x0000000008005ddc                xTaskNotifyWait
 .text.xTaskGenericNotify
                0x0000000008005e8c      0x118 ./Middlewares/FreeRTOS/tasks.o
                0x0000000008005e8c                xTaskGenericNotify
 .text.xTaskGenericNotifyFromISR
                0x0000000008005fa4      0x164 ./Middlewares/FreeRTOS/tasks.o
                0x0000000008005fa4                xTaskGenericNotifyFromISR
 .text.prvAddCurrentTaskToDelayedList
                0x0000000008006108       0xa8 ./Middlewares/FreeRTOS/tasks.o
 .text._ZN3Enc3RSAC2Ev
                0x00000000080061b0       0x24 ./lib/Src/Encryption.o
                0x00000000080061b0                Enc::RSA::RSA()
                0x00000000080061b0                Enc::RSA::RSA()
 .text._ZN3Enc3RSA7encryptEPKhjPhRj
                0x00000000080061d4       0x16 ./lib/Src/Encryption.o
                0x00000000080061d4                Enc::RSA::encrypt(unsigned char const*, unsigned int, unsigned char*, unsigned int&)
 .text._ZN3Enc3RSA7decryptEPKhjPhRj
                0x00000000080061ea       0x16 ./lib/Src/Encryption.o
                0x00000000080061ea                Enc::RSA::decrypt(unsigned char const*, unsigned int, unsigned char*, unsigned int&)
 .text._ZN3Enc10EncryptionC2Ev
                0x0000000008006200       0x1c ./lib/Src/Encryption.o
                0x0000000008006200                Enc::Encryption::Encryption()
                0x0000000008006200                Enc::Encryption::Encryption()
 .text._ZN3Enc10EncryptionD2Ev
                0x000000000800621c       0x1c ./lib/Src/Encryption.o
                0x000000000800621c                Enc::Encryption::~Encryption()
                0x000000000800621c                Enc::Encryption::~Encryption()
 .text._ZN3Enc10EncryptionD0Ev
                0x0000000008006238       0x24 ./lib/Src/Encryption.o
                0x0000000008006238                Enc::Encryption::~Encryption()
 .text._ZN3Enc10Encryption7encryptEPKhjPhRj
                0x000000000800625c       0x16 ./lib/Src/Encryption.o
                0x000000000800625c                Enc::Encryption::encrypt(unsigned char const*, unsigned int, unsigned char*, unsigned int&)
 .text._ZN3Enc10Encryption7decryptEPKhjPhRj
                0x0000000008006272       0x16 ./lib/Src/Encryption.o
                0x0000000008006272                Enc::Encryption::decrypt(unsigned char const*, unsigned int, unsigned char*, unsigned int&)
 .text._ZdlPvj  0x0000000008006288        0x8 /opt/st/stm32cubeide_1.9.0/plugins/com.st.stm32cube.ide.mcu.externaltools.gnu-tools-for-stm32.10.3-2021.10.linux64_1.0.0.202111181127/tools/bin/../lib/gcc/arm-none-eabi/10.3.1/../../../../arm-none-eabi/lib/thumb/v6-m/nofp/libstdc++_nano.a(del_ops.o)
                0x0000000008006288                operator delete(void*, unsigned int)
 .text.unlikely._ZSt25__throw_bad_function_callv
                0x0000000008006290        0x6 /opt/st/stm32cubeide_1.9.0/plugins/com.st.stm32cube.ide.mcu.externaltools.gnu-tools-for-stm32.10.3-2021.10.linux64_1.0.0.202111181127/tools/bin/../lib/gcc/arm-none-eabi/10.3.1/../../../../arm-none-eabi/lib/thumb/v6-m/nofp/libstdc++_nano.a(functional.o)
                0x0000000008006290                std::__throw_bad_function_call()
 .text._ZdlPv   0x0000000008006296        0x8 /opt/st/stm32cubeide_1.9.0/plugins/com.st.stm32cube.ide.mcu.externaltools.gnu-tools-for-stm32.10.3-2021.10.linux64_1.0.0.202111181127/tools/bin/../lib/gcc/arm-none-eabi/10.3.1/../../../../arm-none-eabi/lib/thumb/v6-m/nofp/libstdc++_nano.a(del_op.o)
                0x0000000008006296                operator delete(void*)
 .text.abort    0x000000000800629e        0xe /opt/st/stm32cubeide_1.9.0/plugins/com.st.stm32cube.ide.mcu.externaltools.gnu-tools-for-stm32.10.3-2021.10.linux64_1.0.0.202111181127/tools/bin/../lib/gcc/arm-none-eabi/10.3.1/../../../../arm-none-eabi/lib/thumb/v6-m/nofp/libc_nano.a(lib_a-abort.o)
                0x000000000800629e                abort
 .text.__errno  0x00000000080062ac        0xc /opt/st/stm32cubeide_1.9.0/plugins/com.st.stm32cube.ide.mcu.externaltools.gnu-tools-for-stm32.10.3-2021.10.linux64_1.0.0.202111181127/tools/bin/../lib/gcc/arm-none-eabi/10.3.1/../../../../arm-none-eabi/lib/thumb/v6-m/nofp/libc_nano.a(lib_a-errno.o)
                0x00000000080062ac                __errno
 .text.__libc_init_array
                0x00000000080062b8       0x48 /opt/st/stm32cubeide_1.9.0/plugins/com.st.stm32cube.ide.mcu.externaltools.gnu-tools-for-stm32.10.3-2021.10.linux64_1.0.0.202111181127/tools/bin/../lib/gcc/arm-none-eabi/10.3.1/../../../../arm-none-eabi/lib/thumb/v6-m/nofp/libc_nano.a(lib_a-init.o)
                0x00000000080062b8                __libc_init_array
 .text.__retarget_lock_acquire_recursive
                0x0000000008006300        0x2 /opt/st/stm32cubeide_1.9.0/plugins/com.st.stm32cube.ide.mcu.externaltools.gnu-tools-for-stm32.10.3-2021.10.linux64_1.0.0.202111181127/tools/bin/../lib/gcc/arm-none-eabi/10.3.1/../../../../arm-none-eabi/lib/thumb/v6-m/nofp/libc_nano.a(lib_a-lock.o)
                0x0000000008006300                __retarget_lock_acquire_recursive
 .text.__retarget_lock_release_recursive
                0x0000000008006302        0x2 /opt/st/stm32cubeide_1.9.0/plugins/com.st.stm32cube.ide.mcu.externaltools.gnu-tools-for-stm32.10.3-2021.10.linux64_1.0.0.202111181127/tools/bin/../lib/gcc/arm-none-eabi/10.3.1/../../../../arm-none-eabi/lib/thumb/v6-m/nofp/libc_nano.a(lib_a-lock.o)
                0x0000000008006302                __retarget_lock_release_recursive
 .text.free     0x0000000008006304       0x14 /opt/st/stm32cubeide_1.9.0/plugins/com.st.stm32cube.ide.mcu.externaltools.gnu-tools-for-stm32.10.3-2021.10.linux64_1.0.0.202111181127/tools/bin/../lib/gcc/arm-none-eabi/10.3.1/../../../../arm-none-eabi/lib/thumb/v6-m/nofp/libc_nano.a(lib_a-malloc.o)
                0x0000000008006304                free
 .text.memcpy   0x0000000008006318       0x12 /opt/st/stm32cubeide_1.9.0/plugins/com.st.stm32cube.ide.mcu.externaltools.gnu-tools-for-stm32.10.3-2021.10.linux64_1.0.0.202111181127/tools/bin/../lib/gcc/arm-none-eabi/10.3.1/../../../../arm-none-eabi/lib/thumb/v6-m/nofp/libc_nano.a(lib_a-memcpy-stub.o)
                0x0000000008006318                memcpy
 .text.memset   0x000000000800632a       0x10 /opt/st/stm32cubeide_1.9.0/plugins/com.st.stm32cube.ide.mcu.externaltools.gnu-tools-for-stm32.10.3-2021.10.linux64_1.0.0.202111181127/tools/bin/../lib/gcc/arm-none-eabi/10.3.1/../../../../arm-none-eabi/lib/thumb/v6-m/nofp/libc_nano.a(lib_a-memset.o)
                0x000000000800632a                memset
 *fill*         0x000000000800633a        0x2 
 .text._free_r  0x000000000800633c       0x94 /opt/st/stm32cubeide_1.9.0/plugins/com.st.stm32cube.ide.mcu.externaltools.gnu-tools-for-stm32.10.3-2021.10.linux64_1.0.0.202111181127/tools/bin/../lib/gcc/arm-none-eabi/10.3.1/../../../../arm-none-eabi/lib/thumb/v6-m/nofp/libc_nano.a(lib_a-nano-freer.o)
                0x000000000800633c                _free_r
 .text.cleanup_glue
                0x00000000080063d0       0x1a /opt/st/stm32cubeide_1.9.0/plugins/com.st.stm32cube.ide.mcu.externaltools.gnu-tools-for-stm32.10.3-2021.10.linux64_1.0.0.202111181127/tools/bin/../lib/gcc/arm-none-eabi/10.3.1/../../../../arm-none-eabi/lib/thumb/v6-m/nofp/libc_nano.a(lib_a-reent.o)
                0x00000000080063d0                cleanup_glue
 *fill*         0x00000000080063ea        0x2 
 .text._reclaim_reent
                0x00000000080063ec       0xcc /opt/st/stm32cubeide_1.9.0/plugins/com.st.stm32cube.ide.mcu.externaltools.gnu-tools-for-stm32.10.3-2021.10.linux64_1.0.0.202111181127/tools/bin/../lib/gcc/arm-none-eabi/10.3.1/../../../../arm-none-eabi/lib/thumb/v6-m/nofp/libc_nano.a(lib_a-reent.o)
                0x00000000080063ec                _reclaim_reent
 .text._raise_r
                0x00000000080064b8       0x54 /opt/st/stm32cubeide_1.9.0/plugins/com.st.stm32cube.ide.mcu.externaltools.gnu-tools-for-stm32.10.3-2021.10.linux64_1.0.0.202111181127/tools/bin/../lib/gcc/arm-none-eabi/10.3.1/../../../../arm-none-eabi/lib/thumb/v6-m/nofp/libc_nano.a(lib_a-signal.o)
                0x00000000080064b8                _raise_r
 .text.raise    0x000000000800650c       0x14 /opt/st/stm32cubeide_1.9.0/plugins/com.st.stm32cube.ide.mcu.externaltools.gnu-tools-for-stm32.10.3-2021.10.linux64_1.0.0.202111181127/tools/bin/../lib/gcc/arm-none-eabi/10.3.1/../../../../arm-none-eabi/lib/thumb/v6-m/nofp/libc_nano.a(lib_a-signal.o)
                0x000000000800650c                raise
 .text._kill_r  0x0000000008006520       0x24 /opt/st/stm32cubeide_1.9.0/plugins/com.st.stm32cube.ide.mcu.externaltools.gnu-tools-for-stm32.10.3-2021.10.linux64_1.0.0.202111181127/tools/bin/../lib/gcc/arm-none-eabi/10.3.1/../../../../arm-none-eabi/lib/thumb/v6-m/nofp/libc_nano.a(lib_a-signalr.o)
                0x0000000008006520                _kill_r
 .text._getpid_r
                0x0000000008006544        0x8 /opt/st/stm32cubeide_1.9.0/plugins/com.st.stm32cube.ide.mcu.externaltools.gnu-tools-for-stm32.10.3-2021.10.linux64_1.0.0.202111181127/tools/bin/../lib/gcc/arm-none-eabi/10.3.1/../../../../arm-none-eabi/lib/thumb/v6-m/nofp/libc_nano.a(lib_a-signalr.o)
                0x0000000008006544                _getpid_r
 .text.__malloc_lock
                0x000000000800654c       0x10 /opt/st/stm32cubeide_1.9.0/plugins/com.st.stm32cube.ide.mcu.externaltools.gnu-tools-for-stm32.10.3-2021.10.linux64_1.0.0.202111181127/tools/bin/../lib/gcc/arm-none-eabi/10.3.1/../../../../arm-none-eabi/lib/thumb/v6-m/nofp/libc_nano.a(lib_a-mlock.o)
                0x000000000800654c                __malloc_lock
 .text.__malloc_unlock
                0x000000000800655c       0x10 /opt/st/stm32cubeide_1.9.0/plugins/com.st.stm32cube.ide.mcu.externaltools.gnu-tools-for-stm32.10.3-2021.10.linux64_1.0.0.202111181127/tools/bin/../lib/gcc/arm-none-eabi/10.3.1/../../../../arm-none-eabi/lib/thumb/v6-m/nofp/libc_nano.a(lib_a-mlock.o)
                0x000000000800655c                __malloc_unlock
 *(.glue_7)
 .glue_7        0x000000000800656c        0x0 linker stubs
 *(.glue_7t)
 .glue_7t       0x000000000800656c        0x0 linker stubs
 *(.eh_frame)
 .eh_frame      0x000000000800656c        0x0 /opt/st/stm32cubeide_1.9.0/plugins/com.st.stm32cube.ide.mcu.externaltools.gnu-tools-for-stm32.10.3-2021.10.linux64_1.0.0.202111181127/tools/bin/../lib/gcc/arm-none-eabi/10.3.1/thumb/v6-m/nofp/crtbegin.o
 *(.init)
 .init          0x000000000800656c        0x4 /opt/st/stm32cubeide_1.9.0/plugins/com.st.stm32cube.ide.mcu.externaltools.gnu-tools-for-stm32.10.3-2021.10.linux64_1.0.0.202111181127/tools/bin/../lib/gcc/arm-none-eabi/10.3.1/thumb/v6-m/nofp/crti.o
                0x000000000800656c                _init
 .init          0x0000000008006570        0x8 /opt/st/stm32cubeide_1.9.0/plugins/com.st.stm32cube.ide.mcu.externaltools.gnu-tools-for-stm32.10.3-2021.10.linux64_1.0.0.202111181127/tools/bin/../lib/gcc/arm-none-eabi/10.3.1/thumb/v6-m/nofp/crtn.o
 *(.fini)
 .fini          0x0000000008006578        0x4 /opt/st/stm32cubeide_1.9.0/plugins/com.st.stm32cube.ide.mcu.externaltools.gnu-tools-for-stm32.10.3-2021.10.linux64_1.0.0.202111181127/tools/bin/../lib/gcc/arm-none-eabi/10.3.1/thumb/v6-m/nofp/crti.o
                0x0000000008006578                _fini
 .fini          0x000000000800657c        0x8 /opt/st/stm32cubeide_1.9.0/plugins/com.st.stm32cube.ide.mcu.externaltools.gnu-tools-for-stm32.10.3-2021.10.linux64_1.0.0.202111181127/tools/bin/../lib/gcc/arm-none-eabi/10.3.1/thumb/v6-m/nofp/crtn.o
                0x0000000008006584                . = ALIGN (0x4)
                0x0000000008006584                _etext = .

.vfp11_veneer   0x0000000008006584        0x0
 .vfp11_veneer  0x0000000008006584        0x0 linker stubs

.v4_bx          0x0000000008006584        0x0
 .v4_bx         0x0000000008006584        0x0 linker stubs

.iplt           0x0000000008006584        0x0
 .iplt          0x0000000008006584        0x0 /opt/st/stm32cubeide_1.9.0/plugins/com.st.stm32cube.ide.mcu.externaltools.gnu-tools-for-stm32.10.3-2021.10.linux64_1.0.0.202111181127/tools/bin/../lib/gcc/arm-none-eabi/10.3.1/thumb/v6-m/nofp/crtbegin.o

.rodata         0x0000000008006584      0x17c
                0x0000000008006584                . = ALIGN (0x4)
 *(.rodata)
 .rodata        0x0000000008006584        0x3 ./Core/Src/AppMain.o
 *fill*         0x0000000008006587        0x1 
 .rodata        0x0000000008006588       0x80 ./Core/Src/main.o
 .rodata        0x0000000008006608       0x20 ./Drivers/STM32F0xx_HAL_Driver/stm32f0xx_hal_rcc.o
 .rodata        0x0000000008006628        0x5 ./Middlewares/FreeRTOS/tasks.o
 *(.rodata*)
 *fill*         0x000000000800662d        0x3 
 .rodata.AHBPrescTable
                0x0000000008006630       0x10 ./Core/Src/system_stm32f0xx.o
                0x0000000008006630                AHBPrescTable
 .rodata.APBPrescTable
                0x0000000008006640        0x8 ./Core/Src/system_stm32f0xx.o
                0x0000000008006640                APBPrescTable
 .rodata.xTaskGenericNotify
                0x0000000008006648       0x14 ./Middlewares/FreeRTOS/tasks.o
 .rodata.xTaskGenericNotifyFromISR
                0x000000000800665c       0x14 ./Middlewares/FreeRTOS/tasks.o
 .rodata._ZTVN3Enc3RSAE
                0x0000000008006670       0x18 ./lib/Src/Encryption.o
                0x0000000008006670                vtable for Enc::RSA
 .rodata._ZTVN3Enc10EncryptionE
                0x0000000008006688       0x18 ./lib/Src/Encryption.o
                0x0000000008006688                vtable for Enc::Encryption
 .rodata.__sf_fake_stderr
                0x00000000080066a0       0x20 /opt/st/stm32cubeide_1.9.0/plugins/com.st.stm32cube.ide.mcu.externaltools.gnu-tools-for-stm32.10.3-2021.10.linux64_1.0.0.202111181127/tools/bin/../lib/gcc/arm-none-eabi/10.3.1/../../../../arm-none-eabi/lib/thumb/v6-m/nofp/libc_nano.a(lib_a-findfp.o)
                0x00000000080066a0                __sf_fake_stderr
 .rodata.__sf_fake_stdin
                0x00000000080066c0       0x20 /opt/st/stm32cubeide_1.9.0/plugins/com.st.stm32cube.ide.mcu.externaltools.gnu-tools-for-stm32.10.3-2021.10.linux64_1.0.0.202111181127/tools/bin/../lib/gcc/arm-none-eabi/10.3.1/../../../../arm-none-eabi/lib/thumb/v6-m/nofp/libc_nano.a(lib_a-findfp.o)
                0x00000000080066c0                __sf_fake_stdin
 .rodata.__sf_fake_stdout
                0x00000000080066e0       0x20 /opt/st/stm32cubeide_1.9.0/plugins/com.st.stm32cube.ide.mcu.externaltools.gnu-tools-for-stm32.10.3-2021.10.linux64_1.0.0.202111181127/tools/bin/../lib/gcc/arm-none-eabi/10.3.1/../../../../arm-none-eabi/lib/thumb/v6-m/nofp/libc_nano.a(lib_a-findfp.o)
                0x00000000080066e0                __sf_fake_stdout
                0x0000000008006700                . = ALIGN (0x4)

.rel.dyn        0x0000000008006700        0x0
 .rel.iplt      0x0000000008006700        0x0 /opt/st/stm32cubeide_1.9.0/plugins/com.st.stm32cube.ide.mcu.externaltools.gnu-tools-for-stm32.10.3-2021.10.linux64_1.0.0.202111181127/tools/bin/../lib/gcc/arm-none-eabi/10.3.1/thumb/v6-m/nofp/crtbegin.o

.ARM.extab      0x0000000008006700        0x0
                0x0000000008006700                . = ALIGN (0x4)
 *(.ARM.extab* .gnu.linkonce.armextab.*)
                0x0000000008006700                . = ALIGN (0x4)

.ARM            0x0000000008006700        0x0
                0x0000000008006700                . = ALIGN (0x4)
                0x0000000008006700                __exidx_start = .
 *(.ARM.exidx*)
                0x0000000008006700                __exidx_end = .
                0x0000000008006700                . = ALIGN (0x4)

.preinit_array  0x0000000008006700        0x0
                0x0000000008006700                . = ALIGN (0x4)
                0x0000000008006700                PROVIDE (__preinit_array_start = .)
 *(.preinit_array*)
                0x0000000008006700                PROVIDE (__preinit_array_end = .)
                0x0000000008006700                . = ALIGN (0x4)

.init_array     0x0000000008006700        0x8
                0x0000000008006700                . = ALIGN (0x4)
                0x0000000008006700                PROVIDE (__init_array_start = .)
 *(SORT_BY_NAME(.init_array.*))
 *(.init_array*)
 .init_array    0x0000000008006700        0x4 /opt/st/stm32cubeide_1.9.0/plugins/com.st.stm32cube.ide.mcu.externaltools.gnu-tools-for-stm32.10.3-2021.10.linux64_1.0.0.202111181127/tools/bin/../lib/gcc/arm-none-eabi/10.3.1/thumb/v6-m/nofp/crtbegin.o
 .init_array    0x0000000008006704        0x4 ./Core/Src/AppMain.o
                0x0000000008006708                PROVIDE (__init_array_end = .)
                0x0000000008006708                . = ALIGN (0x4)

.fini_array     0x0000000008006708        0x8
                0x0000000008006708                . = ALIGN (0x4)
                [!provide]                        PROVIDE (__fini_array_start = .)
 *(SORT_BY_NAME(.fini_array.*))
 *(.fini_array*)
 .fini_array    0x0000000008006708        0x4 /opt/st/stm32cubeide_1.9.0/plugins/com.st.stm32cube.ide.mcu.externaltools.gnu-tools-for-stm32.10.3-2021.10.linux64_1.0.0.202111181127/tools/bin/../lib/gcc/arm-none-eabi/10.3.1/thumb/v6-m/nofp/crtbegin.o
 .fini_array    0x000000000800670c        0x4 ./Core/Src/AppMain.o
                [!provide]                        PROVIDE (__fini_array_end = .)
                0x0000000008006710                . = ALIGN (0x4)
                0x0000000008006710                _sidata = LOADADDR (.data)

.data           0x0000000020000000       0x80 load address 0x0000000008006710
                0x0000000020000000                . = ALIGN (0x4)
                0x0000000020000000                _sdata = .
 *(.data)
 *(.data*)
 .data.helloWorld
                0x0000000020000000        0xf ./Core/Src/AppMain.o
                0x0000000020000000                helloWorld
 *fill*         0x000000002000000f        0x1 
 .data.SystemCoreClock
                0x0000000020000010        0x4 ./Core/Src/system_stm32f0xx.o
                0x0000000020000010                SystemCoreClock
 .data.uwTickFreq
                0x0000000020000014        0x1 ./Drivers/STM32F0xx_HAL_Driver/stm32f0xx_hal.o
                0x0000000020000014                uwTickFreq
 *fill*         0x0000000020000015        0x3 
 .data.uxCriticalNesting
                0x0000000020000018        0x4 ./Middlewares/FreeRTOS/port.o
 .data._impure_ptr
                0x000000002000001c        0x4 /opt/st/stm32cubeide_1.9.0/plugins/com.st.stm32cube.ide.mcu.externaltools.gnu-tools-for-stm32.10.3-2021.10.linux64_1.0.0.202111181127/tools/bin/../lib/gcc/arm-none-eabi/10.3.1/../../../../arm-none-eabi/lib/thumb/v6-m/nofp/libc_nano.a(lib_a-impure.o)
                0x000000002000001c                _impure_ptr
 .data.impure_data
                0x0000000020000020       0x60 /opt/st/stm32cubeide_1.9.0/plugins/com.st.stm32cube.ide.mcu.externaltools.gnu-tools-for-stm32.10.3-2021.10.linux64_1.0.0.202111181127/tools/bin/../lib/gcc/arm-none-eabi/10.3.1/../../../../arm-none-eabi/lib/thumb/v6-m/nofp/libc_nano.a(lib_a-impure.o)
 *(.RamFunc)
 *(.RamFunc*)
                0x0000000020000080                . = ALIGN (0x4)
                0x0000000020000080                _edata = .

.igot.plt       0x0000000020000080        0x0 load address 0x0000000008006790
 .igot.plt      0x0000000020000080        0x0 /opt/st/stm32cubeide_1.9.0/plugins/com.st.stm32cube.ide.mcu.externaltools.gnu-tools-for-stm32.10.3-2021.10.linux64_1.0.0.202111181127/tools/bin/../lib/gcc/arm-none-eabi/10.3.1/thumb/v6-m/nofp/crtbegin.o
                0x0000000020000080                . = ALIGN (0x4)

.bss            0x0000000020000080     0x1550 load address 0x0000000008006790
                0x0000000020000080                _sbss = .
                0x0000000020000080                __bss_start__ = _sbss
 *(.bss)
 .bss           0x0000000020000080       0x1c /opt/st/stm32cubeide_1.9.0/plugins/com.st.stm32cube.ide.mcu.externaltools.gnu-tools-for-stm32.10.3-2021.10.linux64_1.0.0.202111181127/tools/bin/../lib/gcc/arm-none-eabi/10.3.1/thumb/v6-m/nofp/crtbegin.o
 *(.bss*)
 .bss.rsaEnc    0x000000002000009c        0x4 ./Core/Src/AppMain.o
                0x000000002000009c                rsaEnc
 .bss.KQ130F    0x00000000200000a0      0x410 ./Core/Src/AppMain.o
                0x00000000200000a0                KQ130F
 .bss.xIdleTaskTCBBuffer
                0x00000000200004b0       0xac ./Core/Src/freertos.o
 .bss.xIdleStack
                0x000000002000055c      0x100 ./Core/Src/freertos.o
 .bss.hcrc      0x000000002000065c       0x1c ./Core/Src/main.o
                0x000000002000065c                hcrc
 .bss.hi2c1     0x0000000020000678       0x7c ./Core/Src/main.o
                0x0000000020000678                hi2c1
 .bss.hiwdg     0x00000000200006f4       0x10 ./Core/Src/main.o
                0x00000000200006f4                hiwdg
 .bss.hrtc      0x0000000020000704       0x20 ./Core/Src/main.o
                0x0000000020000704                hrtc
 .bss.huart1    0x0000000020000724       0x84 ./Core/Src/main.o
                0x0000000020000724                huart1
 .bss.huart2    0x00000000200007a8       0x84 ./Core/Src/main.o
                0x00000000200007a8                huart2
 .bss.hdma_usart1_rx
                0x000000002000082c       0x44 ./Core/Src/main.o
                0x000000002000082c                hdma_usart1_rx
 .bss.hdma_usart1_tx
                0x0000000020000870       0x44 ./Core/Src/main.o
                0x0000000020000870                hdma_usart1_tx
 .bss.hdma_usart2_tx
                0x00000000200008b4       0x44 ./Core/Src/main.o
                0x00000000200008b4                hdma_usart2_tx
 .bss.hdma_usart2_rx
                0x00000000200008f8       0x44 ./Core/Src/main.o
                0x00000000200008f8                hdma_usart2_rx
 .bss.defaultTaskHandle
                0x000000002000093c        0x4 ./Core/Src/main.o
                0x000000002000093c                defaultTaskHandle
 .bss.defaultTaskBuffer
                0x0000000020000940      0x100 ./Core/Src/main.o
                0x0000000020000940                defaultTaskBuffer
 .bss.defaultTaskControlBlock
                0x0000000020000a40       0xac ./Core/Src/main.o
                0x0000000020000a40                defaultTaskControlBlock
 .bss.plNICHandleTaskHandle
                0x0000000020000aec        0x4 ./Core/Src/main.o
                0x0000000020000aec                plNICHandleTaskHandle
 .bss.plNICHandleTaskBuffer
                0x0000000020000af0      0x400 ./Core/Src/main.o
                0x0000000020000af0                plNICHandleTaskBuffer
 .bss.plNICHandleTaskControlBlock
                0x0000000020000ef0       0xac ./Core/Src/main.o
                0x0000000020000ef0                plNICHandleTaskControlBlock
 .bss.testCaseTaskHandle
                0x0000000020000f9c        0x4 ./Core/Src/main.o
                0x0000000020000f9c                testCaseTaskHandle
 .bss.testCaseTaskBuffer
                0x0000000020000fa0      0x400 ./Core/Src/main.o
                0x0000000020000fa0                testCaseTaskBuffer
 .bss.testCaseTaskControlBlock
                0x00000000200013a0       0xac ./Core/Src/main.o
                0x00000000200013a0                testCaseTaskControlBlock
 .bss.htim17    0x000000002000144c       0x48 ./Core/Src/stm32f0xx_hal_timebase_tim.o
                0x000000002000144c                htim17
 .bss.uwTick    0x0000000020001494        0x4 ./Drivers/STM32F0xx_HAL_Driver/stm32f0xx_hal.o
                0x0000000020001494                uwTick
 .bss.pxCurrentTCB
                0x0000000020001498        0x4 ./Middlewares/FreeRTOS/tasks.o
                0x0000000020001498                pxCurrentTCB
 .bss.pxReadyTasksLists
                0x000000002000149c       0x8c ./Middlewares/FreeRTOS/tasks.o
 .bss.xDelayedTaskList1
                0x0000000020001528       0x14 ./Middlewares/FreeRTOS/tasks.o
 .bss.xDelayedTaskList2
                0x000000002000153c       0x14 ./Middlewares/FreeRTOS/tasks.o
 .bss.pxDelayedTaskList
                0x0000000020001550        0x4 ./Middlewares/FreeRTOS/tasks.o
 .bss.pxOverflowDelayedTaskList
                0x0000000020001554        0x4 ./Middlewares/FreeRTOS/tasks.o
 .bss.xPendingReadyList
                0x0000000020001558       0x14 ./Middlewares/FreeRTOS/tasks.o
 .bss.xTasksWaitingTermination
                0x000000002000156c       0x14 ./Middlewares/FreeRTOS/tasks.o
 .bss.uxDeletedTasksWaitingCleanUp
                0x0000000020001580        0x4 ./Middlewares/FreeRTOS/tasks.o
 .bss.xSuspendedTaskList
                0x0000000020001584       0x14 ./Middlewares/FreeRTOS/tasks.o
 .bss.uxCurrentNumberOfTasks
                0x0000000020001598        0x4 ./Middlewares/FreeRTOS/tasks.o
 .bss.xTickCount
                0x000000002000159c        0x4 ./Middlewares/FreeRTOS/tasks.o
 .bss.uxTopReadyPriority
                0x00000000200015a0        0x4 ./Middlewares/FreeRTOS/tasks.o
 .bss.xSchedulerRunning
                0x00000000200015a4        0x4 ./Middlewares/FreeRTOS/tasks.o
 .bss.uxPendedTicks
                0x00000000200015a8        0x4 ./Middlewares/FreeRTOS/tasks.o
 .bss.xYieldPending
                0x00000000200015ac        0x4 ./Middlewares/FreeRTOS/tasks.o
 .bss.xNumOfOverflows
                0x00000000200015b0        0x4 ./Middlewares/FreeRTOS/tasks.o
 .bss.uxTaskNumber
                0x00000000200015b4        0x4 ./Middlewares/FreeRTOS/tasks.o
 .bss.xNextTaskUnblockTime
                0x00000000200015b8        0x4 ./Middlewares/FreeRTOS/tasks.o
 .bss.xIdleTaskHandle
                0x00000000200015bc        0x4 ./Middlewares/FreeRTOS/tasks.o
 .bss.uxSchedulerSuspended
                0x00000000200015c0        0x4 ./Middlewares/FreeRTOS/tasks.o
 .bss.__lock___malloc_recursive_mutex
                0x00000000200015c4        0x1 /opt/st/stm32cubeide_1.9.0/plugins/com.st.stm32cube.ide.mcu.externaltools.gnu-tools-for-stm32.10.3-2021.10.linux64_1.0.0.202111181127/tools/bin/../lib/gcc/arm-none-eabi/10.3.1/../../../../arm-none-eabi/lib/thumb/v6-m/nofp/libc_nano.a(lib_a-lock.o)
                0x00000000200015c4                __lock___malloc_recursive_mutex
 *fill*         0x00000000200015c5        0x3 
 .bss.__malloc_free_list
                0x00000000200015c8        0x4 /opt/st/stm32cubeide_1.9.0/plugins/com.st.stm32cube.ide.mcu.externaltools.gnu-tools-for-stm32.10.3-2021.10.linux64_1.0.0.202111181127/tools/bin/../lib/gcc/arm-none-eabi/10.3.1/../../../../arm-none-eabi/lib/thumb/v6-m/nofp/libc_nano.a(lib_a-nano-mallocr.o)
                0x00000000200015c8                __malloc_free_list
 .bss.errno     0x00000000200015cc        0x4 /opt/st/stm32cubeide_1.9.0/plugins/com.st.stm32cube.ide.mcu.externaltools.gnu-tools-for-stm32.10.3-2021.10.linux64_1.0.0.202111181127/tools/bin/../lib/gcc/arm-none-eabi/10.3.1/../../../../arm-none-eabi/lib/thumb/v6-m/nofp/libc_nano.a(lib_a-reent.o)
                0x00000000200015cc                errno
 *(COMMON)
                0x00000000200015d0                . = ALIGN (0x4)
                0x00000000200015d0                _ebss = .
                0x00000000200015d0                __bss_end__ = _ebss

._user_heap_stack
                0x00000000200015d0      0x600 load address 0x0000000008006790
                0x00000000200015d0                . = ALIGN (0x8)
                [!provide]                        PROVIDE (end = .)
                0x00000000200015d0                PROVIDE (_end = .)
                0x00000000200017d0                . = (. + _Min_Heap_Size)
 *fill*         0x00000000200015d0      0x200 
                0x0000000020001bd0                . = (. + _Min_Stack_Size)
 *fill*         0x00000000200017d0      0x400 
                0x0000000020001bd0                . = ALIGN (0x8)

/DISCARD/
 libc.a(*)
 libm.a(*)
 libgcc.a(*)

.ARM.attributes
                0x0000000000000000       0x28
 *(.ARM.attributes)
 .ARM.attributes
                0x0000000000000000       0x1e /opt/st/stm32cubeide_1.9.0/plugins/com.st.stm32cube.ide.mcu.externaltools.gnu-tools-for-stm32.10.3-2021.10.linux64_1.0.0.202111181127/tools/bin/../lib/gcc/arm-none-eabi/10.3.1/thumb/v6-m/nofp/crti.o
 .ARM.attributes
                0x000000000000001e       0x2c /opt/st/stm32cubeide_1.9.0/plugins/com.st.stm32cube.ide.mcu.externaltools.gnu-tools-for-stm32.10.3-2021.10.linux64_1.0.0.202111181127/tools/bin/../lib/gcc/arm-none-eabi/10.3.1/thumb/v6-m/nofp/crtbegin.o
 .ARM.attributes
                0x000000000000004a       0x2c ./Core/Src/AppMain.o
 .ARM.attributes
                0x0000000000000076       0x2c ./Core/Src/freertos.o
 .ARM.attributes
                0x00000000000000a2       0x2c ./Core/Src/main.o
 .ARM.attributes
                0x00000000000000ce       0x2c ./Core/Src/stm32f0xx_hal_msp.o
 .ARM.attributes
                0x00000000000000fa       0x2c ./Core/Src/stm32f0xx_hal_timebase_tim.o
 .ARM.attributes
                0x0000000000000126       0x2c ./Core/Src/stm32f0xx_it.o
 .ARM.attributes
                0x0000000000000152       0x2c ./Core/Src/syscalls.o
 .ARM.attributes
                0x000000000000017e       0x2c ./Core/Src/system_stm32f0xx.o
 .ARM.attributes
                0x00000000000001aa       0x21 ./Core/Startup/startup_stm32f030c8tx.o
 .ARM.attributes
                0x00000000000001cb       0x2c ./Drivers/STM32F0xx_HAL_Driver/stm32f0xx_hal.o
 .ARM.attributes
                0x00000000000001f7       0x2c ./Drivers/STM32F0xx_HAL_Driver/stm32f0xx_hal_cortex.o
 .ARM.attributes
                0x0000000000000223       0x2c ./Drivers/STM32F0xx_HAL_Driver/stm32f0xx_hal_crc.o
 .ARM.attributes
                0x000000000000024f       0x2c ./Drivers/STM32F0xx_HAL_Driver/stm32f0xx_hal_dma.o
 .ARM.attributes
                0x000000000000027b       0x2c ./Drivers/STM32F0xx_HAL_Driver/stm32f0xx_hal_gpio.o
 .ARM.attributes
                0x00000000000002a7       0x2c ./Drivers/STM32F0xx_HAL_Driver/stm32f0xx_hal_i2c.o
 .ARM.attributes
                0x00000000000002d3       0x2c ./Drivers/STM32F0xx_HAL_Driver/stm32f0xx_hal_i2c_ex.o
 .ARM.attributes
                0x00000000000002ff       0x2c ./Drivers/STM32F0xx_HAL_Driver/stm32f0xx_hal_iwdg.o
 .ARM.attributes
                0x000000000000032b       0x2c ./Drivers/STM32F0xx_HAL_Driver/stm32f0xx_hal_pwr.o
 .ARM.attributes
                0x0000000000000357       0x2c ./Drivers/STM32F0xx_HAL_Driver/stm32f0xx_hal_rcc.o
 .ARM.attributes
                0x0000000000000383       0x2c ./Drivers/STM32F0xx_HAL_Driver/stm32f0xx_hal_rcc_ex.o
 .ARM.attributes
                0x00000000000003af       0x2c ./Drivers/STM32F0xx_HAL_Driver/stm32f0xx_hal_rtc.o
 .ARM.attributes
                0x00000000000003db       0x2c ./Drivers/STM32F0xx_HAL_Driver/stm32f0xx_hal_tim.o
 .ARM.attributes
                0x0000000000000407       0x2c ./Drivers/STM32F0xx_HAL_Driver/stm32f0xx_hal_tim_ex.o
 .ARM.attributes
                0x0000000000000433       0x2c ./Drivers/STM32F0xx_HAL_Driver/stm32f0xx_hal_uart.o
 .ARM.attributes
                0x000000000000045f       0x2c ./Middlewares/FreeRTOS/cmsis_os.o
 .ARM.attributes
                0x000000000000048b       0x2c ./Middlewares/FreeRTOS/list.o
 .ARM.attributes
                0x00000000000004b7       0x2c ./Middlewares/FreeRTOS/port.o
 .ARM.attributes
                0x00000000000004e3       0x2c ./Middlewares/FreeRTOS/tasks.o
 .ARM.attributes
                0x000000000000050f       0x2c ./lib/Src/Encryption.o
 .ARM.attributes
                0x000000000000053b       0x2c /opt/st/stm32cubeide_1.9.0/plugins/com.st.stm32cube.ide.mcu.externaltools.gnu-tools-for-stm32.10.3-2021.10.linux64_1.0.0.202111181127/tools/bin/../lib/gcc/arm-none-eabi/10.3.1/../../../../arm-none-eabi/lib/thumb/v6-m/nofp/libstdc++_nano.a(del_ops.o)
 .ARM.attributes
                0x0000000000000567       0x2c /opt/st/stm32cubeide_1.9.0/plugins/com.st.stm32cube.ide.mcu.externaltools.gnu-tools-for-stm32.10.3-2021.10.linux64_1.0.0.202111181127/tools/bin/../lib/gcc/arm-none-eabi/10.3.1/../../../../arm-none-eabi/lib/thumb/v6-m/nofp/libstdc++_nano.a(functional.o)
 .ARM.attributes
                0x0000000000000593       0x2c /opt/st/stm32cubeide_1.9.0/plugins/com.st.stm32cube.ide.mcu.externaltools.gnu-tools-for-stm32.10.3-2021.10.linux64_1.0.0.202111181127/tools/bin/../lib/gcc/arm-none-eabi/10.3.1/../../../../arm-none-eabi/lib/thumb/v6-m/nofp/libstdc++_nano.a(del_op.o)
 .ARM.attributes
                0x00000000000005bf       0x2c /opt/st/stm32cubeide_1.9.0/plugins/com.st.stm32cube.ide.mcu.externaltools.gnu-tools-for-stm32.10.3-2021.10.linux64_1.0.0.202111181127/tools/bin/../lib/gcc/arm-none-eabi/10.3.1/../../../../arm-none-eabi/lib/thumb/v6-m/nofp/libc_nano.a(lib_a-abort.o)
 .ARM.attributes
                0x00000000000005eb       0x2c /opt/st/stm32cubeide_1.9.0/plugins/com.st.stm32cube.ide.mcu.externaltools.gnu-tools-for-stm32.10.3-2021.10.linux64_1.0.0.202111181127/tools/bin/../lib/gcc/arm-none-eabi/10.3.1/../../../../arm-none-eabi/lib/thumb/v6-m/nofp/libc_nano.a(lib_a-errno.o)
 .ARM.attributes
                0x0000000000000617       0x2c /opt/st/stm32cubeide_1.9.0/plugins/com.st.stm32cube.ide.mcu.externaltools.gnu-tools-for-stm32.10.3-2021.10.linux64_1.0.0.202111181127/tools/bin/../lib/gcc/arm-none-eabi/10.3.1/../../../../arm-none-eabi/lib/thumb/v6-m/nofp/libc_nano.a(lib_a-findfp.o)
 .ARM.attributes
                0x0000000000000643       0x2c /opt/st/stm32cubeide_1.9.0/plugins/com.st.stm32cube.ide.mcu.externaltools.gnu-tools-for-stm32.10.3-2021.10.linux64_1.0.0.202111181127/tools/bin/../lib/gcc/arm-none-eabi/10.3.1/../../../../arm-none-eabi/lib/thumb/v6-m/nofp/libc_nano.a(lib_a-impure.o)
 .ARM.attributes
                0x000000000000066f       0x2c /opt/st/stm32cubeide_1.9.0/plugins/com.st.stm32cube.ide.mcu.externaltools.gnu-tools-for-stm32.10.3-2021.10.linux64_1.0.0.202111181127/tools/bin/../lib/gcc/arm-none-eabi/10.3.1/../../../../arm-none-eabi/lib/thumb/v6-m/nofp/libc_nano.a(lib_a-init.o)
 .ARM.attributes
                0x000000000000069b       0x2c /opt/st/stm32cubeide_1.9.0/plugins/com.st.stm32cube.ide.mcu.externaltools.gnu-tools-for-stm32.10.3-2021.10.linux64_1.0.0.202111181127/tools/bin/../lib/gcc/arm-none-eabi/10.3.1/../../../../arm-none-eabi/lib/thumb/v6-m/nofp/libc_nano.a(lib_a-lock.o)
 .ARM.attributes
                0x00000000000006c7       0x2c /opt/st/stm32cubeide_1.9.0/plugins/com.st.stm32cube.ide.mcu.externaltools.gnu-tools-for-stm32.10.3-2021.10.linux64_1.0.0.202111181127/tools/bin/../lib/gcc/arm-none-eabi/10.3.1/../../../../arm-none-eabi/lib/thumb/v6-m/nofp/libc_nano.a(lib_a-malloc.o)
 .ARM.attributes
                0x00000000000006f3       0x2c /opt/st/stm32cubeide_1.9.0/plugins/com.st.stm32cube.ide.mcu.externaltools.gnu-tools-for-stm32.10.3-2021.10.linux64_1.0.0.202111181127/tools/bin/../lib/gcc/arm-none-eabi/10.3.1/../../../../arm-none-eabi/lib/thumb/v6-m/nofp/libc_nano.a(lib_a-memcpy-stub.o)
 .ARM.attributes
                0x000000000000071f       0x2c /opt/st/stm32cubeide_1.9.0/plugins/com.st.stm32cube.ide.mcu.externaltools.gnu-tools-for-stm32.10.3-2021.10.linux64_1.0.0.202111181127/tools/bin/../lib/gcc/arm-none-eabi/10.3.1/../../../../arm-none-eabi/lib/thumb/v6-m/nofp/libc_nano.a(lib_a-memset.o)
 .ARM.attributes
                0x000000000000074b       0x2c /opt/st/stm32cubeide_1.9.0/plugins/com.st.stm32cube.ide.mcu.externaltools.gnu-tools-for-stm32.10.3-2021.10.linux64_1.0.0.202111181127/tools/bin/../lib/gcc/arm-none-eabi/10.3.1/../../../../arm-none-eabi/lib/thumb/v6-m/nofp/libc_nano.a(lib_a-nano-freer.o)
 .ARM.attributes
                0x0000000000000777       0x2c /opt/st/stm32cubeide_1.9.0/plugins/com.st.stm32cube.ide.mcu.externaltools.gnu-tools-for-stm32.10.3-2021.10.linux64_1.0.0.202111181127/tools/bin/../lib/gcc/arm-none-eabi/10.3.1/../../../../arm-none-eabi/lib/thumb/v6-m/nofp/libc_nano.a(lib_a-nano-mallocr.o)
 .ARM.attributes
                0x00000000000007a3       0x2c /opt/st/stm32cubeide_1.9.0/plugins/com.st.stm32cube.ide.mcu.externaltools.gnu-tools-for-stm32.10.3-2021.10.linux64_1.0.0.202111181127/tools/bin/../lib/gcc/arm-none-eabi/10.3.1/../../../../arm-none-eabi/lib/thumb/v6-m/nofp/libc_nano.a(lib_a-reent.o)
 .ARM.attributes
                0x00000000000007cf       0x2c /opt/st/stm32cubeide_1.9.0/plugins/com.st.stm32cube.ide.mcu.externaltools.gnu-tools-for-stm32.10.3-2021.10.linux64_1.0.0.202111181127/tools/bin/../lib/gcc/arm-none-eabi/10.3.1/../../../../arm-none-eabi/lib/thumb/v6-m/nofp/libc_nano.a(lib_a-signal.o)
 .ARM.attributes
                0x00000000000007fb       0x2c /opt/st/stm32cubeide_1.9.0/plugins/com.st.stm32cube.ide.mcu.externaltools.gnu-tools-for-stm32.10.3-2021.10.linux64_1.0.0.202111181127/tools/bin/../lib/gcc/arm-none-eabi/10.3.1/../../../../arm-none-eabi/lib/thumb/v6-m/nofp/libc_nano.a(lib_a-signalr.o)
 .ARM.attributes
                0x0000000000000827       0x1c /opt/st/stm32cubeide_1.9.0/plugins/com.st.stm32cube.ide.mcu.externaltools.gnu-tools-for-stm32.10.3-2021.10.linux64_1.0.0.202111181127/tools/bin/../lib/gcc/arm-none-eabi/10.3.1/../../../../arm-none-eabi/lib/thumb/v6-m/nofp/libc_nano.a(lib_a-strlen.o)
 .ARM.attributes
                0x0000000000000843       0x2c /opt/st/stm32cubeide_1.9.0/plugins/com.st.stm32cube.ide.mcu.externaltools.gnu-tools-for-stm32.10.3-2021.10.linux64_1.0.0.202111181127/tools/bin/../lib/gcc/arm-none-eabi/10.3.1/../../../../arm-none-eabi/lib/thumb/v6-m/nofp/libc_nano.a(lib_a-mlock.o)
 .ARM.attributes
                0x000000000000086f       0x1e /opt/st/stm32cubeide_1.9.0/plugins/com.st.stm32cube.ide.mcu.externaltools.gnu-tools-for-stm32.10.3-2021.10.linux64_1.0.0.202111181127/tools/bin/../lib/gcc/arm-none-eabi/10.3.1/thumb/v6-m/nofp/libgcc.a(_udivsi3.o)
 .ARM.attributes
                0x000000000000088d       0x1e /opt/st/stm32cubeide_1.9.0/plugins/com.st.stm32cube.ide.mcu.externaltools.gnu-tools-for-stm32.10.3-2021.10.linux64_1.0.0.202111181127/tools/bin/../lib/gcc/arm-none-eabi/10.3.1/thumb/v6-m/nofp/libgcc.a(_dvmd_tls.o)
 .ARM.attributes
                0x00000000000008ab       0x1e /opt/st/stm32cubeide_1.9.0/plugins/com.st.stm32cube.ide.mcu.externaltools.gnu-tools-for-stm32.10.3-2021.10.linux64_1.0.0.202111181127/tools/bin/../lib/gcc/arm-none-eabi/10.3.1/thumb/v6-m/nofp/crtn.o
OUTPUT(KQ130F_STM32F030_modem.elf elf32-littlearm)
LOAD linker stubs
LOAD /opt/st/stm32cubeide_1.9.0/plugins/com.st.stm32cube.ide.mcu.externaltools.gnu-tools-for-stm32.10.3-2021.10.linux64_1.0.0.202111181127/tools/bin/../lib/gcc/arm-none-eabi/10.3.1/../../../../arm-none-eabi/lib/thumb/v6-m/nofp/libc.a
LOAD /opt/st/stm32cubeide_1.9.0/plugins/com.st.stm32cube.ide.mcu.externaltools.gnu-tools-for-stm32.10.3-2021.10.linux64_1.0.0.202111181127/tools/bin/../lib/gcc/arm-none-eabi/10.3.1/../../../../arm-none-eabi/lib/thumb/v6-m/nofp/libm.a
LOAD /opt/st/stm32cubeide_1.9.0/plugins/com.st.stm32cube.ide.mcu.externaltools.gnu-tools-for-stm32.10.3-2021.10.linux64_1.0.0.202111181127/tools/bin/../lib/gcc/arm-none-eabi/10.3.1/thumb/v6-m/nofp/libgcc.a

.debug_info     0x0000000000000000    0x1c3f3
 .debug_info    0x0000000000000000     0x2cee ./Core/Src/AppMain.o
 .debug_info    0x0000000000002cee      0x98a ./Core/Src/freertos.o
 .debug_info    0x0000000000003678     0x2baa ./Core/Src/main.o
 .debug_info    0x0000000000006222     0x1369 ./Core/Src/stm32f0xx_hal_msp.o
 .debug_info    0x000000000000758b      0x972 ./Core/Src/stm32f0xx_hal_timebase_tim.o
 .debug_info    0x0000000000007efd      0xa8a ./Core/Src/stm32f0xx_it.o
 .debug_info    0x0000000000008987      0x6e0 ./Core/Src/syscalls.o
 .debug_info    0x0000000000009067      0x269 ./Core/Src/system_stm32f0xx.o
 .debug_info    0x00000000000092d0       0x22 ./Core/Startup/startup_stm32f030c8tx.o
 .debug_info    0x00000000000092f2      0x6bb ./Drivers/STM32F0xx_HAL_Driver/stm32f0xx_hal.o
 .debug_info    0x00000000000099ad      0x6f9 ./Drivers/STM32F0xx_HAL_Driver/stm32f0xx_hal_cortex.o
 .debug_info    0x000000000000a0a6      0x52b ./Drivers/STM32F0xx_HAL_Driver/stm32f0xx_hal_crc.o
 .debug_info    0x000000000000a5d1      0x752 ./Drivers/STM32F0xx_HAL_Driver/stm32f0xx_hal_dma.o
 .debug_info    0x000000000000ad23      0x613 ./Drivers/STM32F0xx_HAL_Driver/stm32f0xx_hal_gpio.o
 .debug_info    0x000000000000b336     0x23e6 ./Drivers/STM32F0xx_HAL_Driver/stm32f0xx_hal_i2c.o
 .debug_info    0x000000000000d71c      0x90d ./Drivers/STM32F0xx_HAL_Driver/stm32f0xx_hal_i2c_ex.o
 .debug_info    0x000000000000e029      0x209 ./Drivers/STM32F0xx_HAL_Driver/stm32f0xx_hal_iwdg.o
 .debug_info    0x000000000000e232      0x3cb ./Drivers/STM32F0xx_HAL_Driver/stm32f0xx_hal_pwr.o
 .debug_info    0x000000000000e5fd      0x888 ./Drivers/STM32F0xx_HAL_Driver/stm32f0xx_hal_rcc.o
 .debug_info    0x000000000000ee85      0x37b ./Drivers/STM32F0xx_HAL_Driver/stm32f0xx_hal_rcc_ex.o
 .debug_info    0x000000000000f200      0xb2e ./Drivers/STM32F0xx_HAL_Driver/stm32f0xx_hal_rtc.o
 .debug_info    0x000000000000fd2e     0x2b69 ./Drivers/STM32F0xx_HAL_Driver/stm32f0xx_hal_tim.o
 .debug_info    0x0000000000012897     0x158e ./Drivers/STM32F0xx_HAL_Driver/stm32f0xx_hal_tim_ex.o
 .debug_info    0x0000000000013e25     0x3b92 ./Drivers/STM32F0xx_HAL_Driver/stm32f0xx_hal_uart.o
 .debug_info    0x00000000000179b7     0x2157 ./Middlewares/FreeRTOS/cmsis_os.o
 .debug_info    0x0000000000019b0e      0x2cb ./Middlewares/FreeRTOS/list.o
 .debug_info    0x0000000000019dd9      0x29e ./Middlewares/FreeRTOS/port.o
 .debug_info    0x000000000001a077     0x1c88 ./Middlewares/FreeRTOS/tasks.o
 .debug_info    0x000000000001bcff      0x6f4 ./lib/Src/Encryption.o

.debug_abbrev   0x0000000000000000     0x4451
 .debug_abbrev  0x0000000000000000      0xa0a ./Core/Src/AppMain.o
 .debug_abbrev  0x0000000000000a0a      0x169 ./Core/Src/freertos.o
 .debug_abbrev  0x0000000000000b73      0x569 ./Core/Src/main.o
 .debug_abbrev  0x00000000000010dc      0x254 ./Core/Src/stm32f0xx_hal_msp.o
 .debug_abbrev  0x0000000000001330      0x1f9 ./Core/Src/stm32f0xx_hal_timebase_tim.o
 .debug_abbrev  0x0000000000001529      0x182 ./Core/Src/stm32f0xx_it.o
 .debug_abbrev  0x00000000000016ab      0x1b3 ./Core/Src/syscalls.o
 .debug_abbrev  0x000000000000185e      0x116 ./Core/Src/system_stm32f0xx.o
 .debug_abbrev  0x0000000000001974       0x12 ./Core/Startup/startup_stm32f030c8tx.o
 .debug_abbrev  0x0000000000001986      0x23f ./Drivers/STM32F0xx_HAL_Driver/stm32f0xx_hal.o
 .debug_abbrev  0x0000000000001bc5      0x283 ./Drivers/STM32F0xx_HAL_Driver/stm32f0xx_hal_cortex.o
 .debug_abbrev  0x0000000000001e48      0x18b ./Drivers/STM32F0xx_HAL_Driver/stm32f0xx_hal_crc.o
 .debug_abbrev  0x0000000000001fd3      0x1e9 ./Drivers/STM32F0xx_HAL_Driver/stm32f0xx_hal_dma.o
 .debug_abbrev  0x00000000000021bc      0x1bb ./Drivers/STM32F0xx_HAL_Driver/stm32f0xx_hal_gpio.o
 .debug_abbrev  0x0000000000002377      0x267 ./Drivers/STM32F0xx_HAL_Driver/stm32f0xx_hal_i2c.o
 .debug_abbrev  0x00000000000025de      0x1c1 ./Drivers/STM32F0xx_HAL_Driver/stm32f0xx_hal_i2c_ex.o
 .debug_abbrev  0x000000000000279f      0x14a ./Drivers/STM32F0xx_HAL_Driver/stm32f0xx_hal_iwdg.o
 .debug_abbrev  0x00000000000028e9      0x13b ./Drivers/STM32F0xx_HAL_Driver/stm32f0xx_hal_pwr.o
 .debug_abbrev  0x0000000000002a24      0x283 ./Drivers/STM32F0xx_HAL_Driver/stm32f0xx_hal_rcc.o
 .debug_abbrev  0x0000000000002ca7      0x169 ./Drivers/STM32F0xx_HAL_Driver/stm32f0xx_hal_rcc_ex.o
 .debug_abbrev  0x0000000000002e10      0x1cb ./Drivers/STM32F0xx_HAL_Driver/stm32f0xx_hal_rtc.o
 .debug_abbrev  0x0000000000002fdb      0x26e ./Drivers/STM32F0xx_HAL_Driver/stm32f0xx_hal_tim.o
 .debug_abbrev  0x0000000000003249      0x276 ./Drivers/STM32F0xx_HAL_Driver/stm32f0xx_hal_tim_ex.o
 .debug_abbrev  0x00000000000034bf      0x2b6 ./Drivers/STM32F0xx_HAL_Driver/stm32f0xx_hal_uart.o