../Core/Src/main.cpp:77:6:void ledFunc(void*)	16	static
../Core/Src/main.cpp:87:5:int main()	48	static
../Core/Src/main.cpp:171:6:void SystemClock_Config()	88	static
../Core/Src/main.cpp:223:13:void MX_CRC_Init()	8	static
../Core/Src/main.cpp:249:13:void MX_RTC_Init()	16	static
../Core/Src/main.cpp:307:13:void MX_USART1_UART_Init()	8	static
../Core/Src/main.cpp:340:13:void MX_USART3_UART_Init()	8	static
../Core/Src/main.cpp:373:13:void MX_GPIO_Init()	40	static
../Core/Src/main.cpp:412:6:void StartDefaultTask(void*)	16	static
../Core/Src/main.cpp:431:6:void HAL_TIM_PeriodElapsedCallback(TIM_HandleTypeDef*)	16	static
../Core/Src/main.cpp:448:6:void Error_Handler()	4	static,ignoring_inline_asm
