../Drivers/STM32F0xx_HAL_Driver/Src/stm32f0xx_hal_rtc.c:188:19:HAL_RTC_Init	16	static
../Drivers/STM32F0xx_HAL_Driver/Src/stm32f0xx_hal_rtc.c:309:19:HAL_RTC_DeInit	16	static
../Drivers/STM32F0xx_HAL_Driver/Src/stm32f0xx_hal_rtc.c:637:13:HAL_RTC_MspInit	16	static
../Drivers/STM32F0xx_HAL_Driver/Src/stm32f0xx_hal_rtc.c:652:13:HAL_RTC_MspDeInit	16	static
../Drivers/STM32F0xx_HAL_Driver/Src/stm32f0xx_hal_rtc.c:692:19:HAL_RTC_SetTime	40	static
../Drivers/STM32F0xx_HAL_Driver/Src/stm32f0xx_hal_rtc.c:826:19:HAL_RTC_GetTime	32	static
../Drivers/STM32F0xx_HAL_Driver/Src/stm32f0xx_hal_rtc.c:870:19:HAL_RTC_SetDate	40	static
../Drivers/STM32F0xx_HAL_Driver/Src/stm32f0xx_hal_rtc.c:979:19:HAL_RTC_GetDate	32	static
../Drivers/STM32F0xx_HAL_Driver/Src/stm32f0xx_hal_rtc.c:1013:6:HAL_RTC_DST_Add1Hour	16	static
../Drivers/STM32F0xx_HAL_Driver/Src/stm32f0xx_hal_rtc.c:1027:6:HAL_RTC_DST_Sub1Hour	16	static
../Drivers/STM32F0xx_HAL_Driver/Src/stm32f0xx_hal_rtc.c:1041:6:HAL_RTC_DST_SetStoreOperation	16	static
../Drivers/STM32F0xx_HAL_Driver/Src/stm32f0xx_hal_rtc.c:1054:6:HAL_RTC_DST_ClearStoreOperation	16	static
../Drivers/STM32F0xx_HAL_Driver/Src/stm32f0xx_hal_rtc.c:1066:10:HAL_RTC_DST_ReadStoreOperation	16	static
../Drivers/STM32F0xx_HAL_Driver/Src/stm32f0xx_hal_rtc.c:1098:19:HAL_RTC_SetAlarm	48	static
../Drivers/STM32F0xx_HAL_Driver/Src/stm32f0xx_hal_rtc.c:1243:19:HAL_RTC_SetAlarm_IT	48	static
../Drivers/STM32F0xx_HAL_Driver/Src/stm32f0xx_hal_rtc.c:1387:19:HAL_RTC_DeactivateAlarm	24	static
../Drivers/STM32F0xx_HAL_Driver/Src/stm32f0xx_hal_rtc.c:1449:19:HAL_RTC_GetAlarm	32	static
../Drivers/STM32F0xx_HAL_Driver/Src/stm32f0xx_hal_rtc.c:1488:6:HAL_RTC_AlarmIRQHandler	16	static
../Drivers/STM32F0xx_HAL_Driver/Src/stm32f0xx_hal_rtc.c:1520:13:HAL_RTC_AlarmAEventCallback	16	static
../Drivers/STM32F0xx_HAL_Driver/Src/stm32f0xx_hal_rtc.c:1536:19:HAL_RTC_PollForAlarmAEvent	24	static
../Drivers/STM32F0xx_HAL_Driver/Src/stm32f0xx_hal_rtc.c:1595:19:HAL_RTC_WaitForSynchro	24	static
../Drivers/STM32F0xx_HAL_Driver/Src/stm32f0xx_hal_rtc.c:1639:21:HAL_RTC_GetState	16	static
../Drivers/STM32F0xx_HAL_Driver/Src/stm32f0xx_hal_rtc.c:1663:19:RTC_EnterInitMode	24	static
../Drivers/STM32F0xx_HAL_Driver/Src/stm32f0xx_hal_rtc.c:1694:9:RTC_ByteToBcd2	24	static
../Drivers/STM32F0xx_HAL_Driver/Src/stm32f0xx_hal_rtc.c:1712:9:RTC_Bcd2ToByte	24	static
