../Core/Src/main.c:78:5:main	8	static
../Core/Src/main.c:129:6:SystemClock_Config	96	static
../Core/Src/main.c:184:13:MX_IWDG_Init	8	static
../Core/Src/main.c:213:13:MX_RTC_Init	32	static
../Core/Src/main.c:276:13:MX_USART1_UART_Init	8	static
../Core/Src/main.c:311:13:MX_USART2_UART_Init	8	static
../Core/Src/main.c:344:13:MX_DMA_Init	16	static
../Core/Src/main.c:365:13:MX_GPIO_Init	56	static
../Core/Src/main.c:423:6:HAL_TIM_PeriodElapsedCallback	16	static
../Core/Src/main.c:440:6:Error_Handler	8	static,ignoring_inline_asm
