../Core/Src/main.c:80:6:HAL_UART_RxCpltCallback	16	static
../Core/Src/main.c:88:6:HAL_UART_TxCpltCallback	16	static
../Core/Src/main.c:96:20:handleTransmissionToPL	32	static
../Core/Src/main.c:116:20:handleTransmissionToPc	24	static
../Core/Src/main.c:130:20:handleBufferRecycle	16	static
../Core/Src/main.c:138:20:handleReceptionOfPC	24	static
../Core/Src/main.c:165:20:handleReceptionOfPL	16	static
../Core/Src/main.c:183:5:main	8	static
../Core/Src/main.c:252:6:SystemClock_Config	96	static
../Core/Src/main.c:298:13:MX_USART1_UART_Init	8	static
../Core/Src/main.c:333:13:MX_USART2_UART_Init	8	static
../Core/Src/main.c:368:13:MX_GPIO_Init	56	static
../Core/Src/main.c:426:6:HAL_TIM_PeriodElapsedCallback	16	static
../Core/Src/main.c:443:6:Error_Handler	8	static,ignoring_inline_asm
