13:13:39 **** Clean-only build of configuration Debug for project KQ130F_STM32F030_modem ****
make -j4 clean 
rm -rf ./lib/Src/Encryption.d ./lib/Src/Encryption.o ./lib/Src/Encryption.su ./lib/Src/rsa.d ./lib/Src/rsa.o ./lib/Src/rsa.su
rm -rf ./Middlewares/FreeRTOS/cmsis_os.d ./Middlewares/FreeRTOS/cmsis_os.o ./Middlewares/FreeRTOS/cmsis_os.su ./Middlewares/FreeRTOS/croutine.d ./Middlewares/FreeRTOS/croutine.o ./Middlewares/FreeRTOS/croutine.su ./Middlewares/FreeRTOS/event_groups.d ./Middlewares/FreeRTOS/event_groups.o ./Middlewares/FreeRTOS/event_groups.su ./Middlewares/FreeRTOS/list.d ./Middlewares/FreeRTOS/list.o ./Middlewares/FreeRTOS/list.su ./Middlewares/FreeRTOS/port.d ./Middlewares/FreeRTOS/port.o ./Middlewares/FreeRTOS/port.su ./Middlewares/FreeRTOS/queue.d ./Middlewares/FreeRTOS/queue.o ./Middlewares/FreeRTOS/queue.su ./Middlewares/FreeRTOS/stream_buffer.d ./Middlewares/FreeRTOS/stream_buffer.o ./Middlewares/FreeRTOS/stream_buffer.su ./Middlewares/FreeRTOS/tasks.d ./Middlewares/FreeRTOS/tasks.o ./Middlewares/FreeRTOS/tasks.su ./Middlewares/FreeRTOS/timers.d ./Middlewares/FreeRTOS/timers.o ./Middlewares/FreeRTOS/timers.su
rm -rf ./Drivers/STM32F0xx_HAL_Driver/stm32f0xx_hal.d ./Drivers/STM32F0xx_HAL_Driver/stm32f0xx_hal.o ./Drivers/STM32F0xx_HAL_Driver/stm32f0xx_hal.su ./Drivers/STM32F0xx_HAL_Driver/stm32f0xx_hal_cortex.d ./Drivers/STM32F0xx_HAL_Driver/stm32f0xx_hal_cortex.o ./Drivers/STM32F0xx_HAL_Driver/stm32f0xx_hal_cortex.su ./Drivers/STM32F0xx_HAL_Driver/stm32f0xx_hal_crc.d ./Drivers/STM32F0xx_HAL_Driver/stm32f0xx_hal_crc.o ./Drivers/STM32F0xx_HAL_Driver/stm32f0xx_hal_crc.su ./Drivers/STM32F0xx_HAL_Driver/stm32f0xx_hal_crc_ex.d ./Drivers/STM32F0xx_HAL_Driver/stm32f0xx_hal_crc_ex.o ./Drivers/STM32F0xx_HAL_Driver/stm32f0xx_hal_crc_ex.su ./Drivers/STM32F0xx_HAL_Driver/stm32f0xx_hal_dma.d ./Drivers/STM32F0xx_HAL_Driver/stm32f0xx_hal_dma.o ./Drivers/STM32F0xx_HAL_Driver/stm32f0xx_hal_dma.su ./Drivers/STM32F0xx_HAL_Driver/stm32f0xx_hal_exti.d ./Drivers/STM32F0xx_HAL_Driver/stm32f0xx_hal_exti.o ./Drivers/STM32F0xx_HAL_Driver/stm32f0xx_hal_exti.su ./Drivers/STM32F0xx_HAL_Driver/stm32f0xx_hal_flash.d ./Drivers/STM32F0xx_HAL_Driver/stm32f0xx_hal_flash.o ./Drivers/STM32F0xx_HAL_Driver/stm32f0xx_hal_flash.su ./Drivers/STM32F0xx_HAL_Driver/stm32f0xx_hal_flash_ex.d ./Drivers/STM32F0xx_HAL_Driver/stm32f0xx_hal_flash_ex.o ./Drivers/STM32F0xx_HAL_Driver/stm32f0xx_hal_flash_ex.su ./Drivers/STM32F0xx_HAL_Driver/stm32f0xx_hal_gpio.d ./Drivers/STM32F0xx_HAL_Driver/stm32f0xx_hal_gpio.o ./Drivers/STM32F0xx_HAL_Driver/stm32f0xx_hal_gpio.su ./Drivers/STM32F0xx_HAL_Driver/stm32f0xx_hal_i2c.d ./Drivers/STM32F0xx_HAL_Driver/stm32f0xx_hal_i2c.o ./Drivers/STM32F0xx_HAL_Driver/stm32f0xx_hal_i2c.su ./Drivers/STM32F0xx_HAL_Driver/stm32f0xx_hal_i2c_ex.d ./Drivers/STM32F0xx_HAL_Driver/stm32f0xx_hal_i2c_ex.o ./Drivers/STM32F0xx_HAL_Driver/stm32f0xx_hal_i2c_ex.su ./Drivers/STM32F0xx_HAL_Driver/stm32f0xx_hal_iwdg.d ./Drivers/STM32F0xx_HAL_Driver/stm32f0xx_hal_iwdg.o ./Drivers/STM32F0xx_HAL_Driver/stm32f0xx_hal_iwdg.su ./Drivers/STM32F0xx_HAL_Driver/stm32f0xx_hal_pwr.d ./Drivers/STM32F0xx_HAL_Driver/stm32f0xx_hal_pwr.o ./Drivers/STM32F0xx_HAL_Driver/stm32f0xx_hal_pwr.su ./Drivers/STM32F0xx_HAL_Driver/stm32f0xx_hal_pwr_ex.d ./Drivers/STM32F0xx_HAL_Driver/stm32f0xx_hal_pwr_ex.o ./Drivers/STM32F0xx_HAL_Driver/stm32f0xx_hal_pwr_ex.su ./Drivers/STM32F0xx_HAL_Driver/stm32f0xx_hal_rcc.d ./Drivers/STM32F0xx_HAL_Driver/stm32f0xx_hal_rcc.o ./Drivers/STM32F0xx_HAL_Driver/stm32f0xx_hal_rcc.su ./Drivers/STM32F0xx_HAL_Driver/stm32f0xx_hal_rcc_ex.d ./Drivers/STM32F0xx_HAL_Driver/stm32f0xx_hal_rcc_ex.o ./Drivers/STM32F0xx_HAL_Driver/stm32f0xx_hal_rcc_ex.su ./Drivers/STM32F0xx_HAL_Driver/stm32f0xx_hal_rtc.d ./Drivers/STM32F0xx_HAL_Driver/stm32f0xx_hal_rtc.o ./Drivers/STM32F0xx_HAL_Driver/stm32f0xx_hal_rtc.su ./Drivers/STM32F0xx_HAL_Driver/stm32f0xx_hal_rtc_ex.d ./Drivers/STM32F0xx_HAL_Driver/stm32f0xx_hal_rtc_ex.o ./Drivers/STM32F0xx_HAL_Driver/stm32f0xx_hal_rtc_ex.su ./Drivers/STM32F0xx_HAL_Driver/stm32f0xx_hal_tim.d ./Drivers/STM32F0xx_HAL_Driver/stm32f0xx_hal_tim.o ./Drivers/STM32F0xx_HAL_Driver/stm32f0xx_hal_tim.su ./Drivers/STM32F0xx_HAL_Driver/stm32f0xx_hal_tim_ex.d ./Drivers/STM32F0xx_HAL_Driver/stm32f0xx_hal_tim_ex.o ./Drivers/STM32F0xx_HAL_Driver/stm32f0xx_hal_tim_ex.su ./Drivers/STM32F0xx_HAL_Driver/stm32f0xx_hal_uart.d ./Drivers/STM32F0xx_HAL_Driver/stm32f0xx_hal_uart.o ./Drivers/STM32F0xx_HAL_Driver/stm32f0xx_hal_uart.su ./Drivers/STM32F0xx_HAL_Driver/stm32f0xx_hal_uart_ex.d ./Drivers/STM32F0xx_HAL_Driver/stm32f0xx_hal_uart_ex.o ./Drivers/STM32F0xx_HAL_Driver/stm32f0xx_hal_uart_ex.su
rm -rf ./Core/Startup/startup_stm32f030c8tx.d ./Core/Startup/startup_stm32f030c8tx.o
rm -rf ./Core/Src/AppMain.d ./Core/Src/AppMain.o ./Core/Src/AppMain.su ./Core/Src/freertos.d ./Core/Src/freertos.o ./Core/Src/freertos.su ./Core/Src/main.d ./Core/Src/main.o ./Core/Src/main.su ./Core/Src/stm32f0xx_hal_msp.d ./Core/Src/stm32f0xx_hal_msp.o ./Core/Src/stm32f0xx_hal_msp.su ./Core/Src/stm32f0xx_hal_timebase_tim.d ./Core/Src/stm32f0xx_hal_timebase_tim.o ./Core/Src/stm32f0xx_hal_timebase_tim.su ./Core/Src/stm32f0xx_it.d ./Core/Src/stm32f0xx_it.o ./Core/Src/stm32f0xx_it.su ./Core/Src/syscalls.d ./Core/Src/syscalls.o ./Core/Src/syscalls.su ./Core/Src/sysmem.d ./Core/Src/sysmem.o ./Core/Src/sysmem.su ./Core/Src/system_stm32f0xx.d ./Core/Src/system_stm32f0xx.o ./Core/Src/system_stm32f0xx.su
rm -rf KQ130F_STM32F030_modem.elf KQ130F_STM32F030_modem.list KQ130F_STM32F030_modem.map default.size.stdout
 
13:13:41 **** Build of configuration Debug for project KQ130F_STM32F030_modem ****
make -j4 all 
arm-none-eabi-g++ "../lib/Src/Encryption.cpp" -mcpu=cortex-m0 -std=gnu++14 -g3 -DDEBUG -DUSE_HAL_DRIVER -DSTM32F030x8 -c -I"C:/Users/Lidoma/Desktop/plNIC/KQ130F_STM32F030_modem/lib/Inc" -I../Core/Inc -I/home/lidoma/STM32Cube/Repository/STM32Cube_FW_F0_V1.11.3/Drivers/STM32F0xx_HAL_Driver/Inc -I/home/lidoma/STM32Cube/Repository/STM32Cube_FW_F0_V1.11.3/Drivers/STM32F0xx_HAL_Driver/Inc/Legacy -I/home/lidoma/STM32Cube/Repository/STM32Cube_FW_F0_V1.11.3/Middlewares/Third_Party/FreeRTOS/Source/include -I/home/lidoma/STM32Cube/Repository/STM32Cube_FW_F0_V1.11.3/Middlewares/Third_Party/FreeRTOS/Source/CMSIS_RTOS -I/home/lidoma/STM32Cube/Repository/STM32Cube_FW_F0_V1.11.3/Middlewares/Third_Party/FreeRTOS/Source/portable/GCC/ARM_CM0 -I/home/lidoma/STM32Cube/Repository/STM32Cube_FW_F0_V1.11.3/Drivers/CMSIS/Device/ST/STM32F0xx/Include -I/home/lidoma/STM32Cube/Repository/STM32Cube_FW_F0_V1.11.3/Drivers/CMSIS/Include -I../Drivers/STM32F0xx_HAL_Driver/Inc -I../Drivers/STM32F0xx_HAL_Driver/Inc/Legacy -I../Middlewares/Third_Party/FreeRTOS/Source/include -I../Middlewares/Third_Party/FreeRTOS/Source/CMSIS_RTOS -I../Middlewares/Third_Party/FreeRTOS/Source/portable/GCC/ARM_CM0 -I../Drivers/CMSIS/Device/ST/STM32F0xx/Include -I../Drivers/CMSIS/Include -O0 -ffunction-sections -fdata-sections -fno-exceptions -fno-rtti -fno-use-cxa-atexit -Wall -fstack-usage -MMD -MP -MF"lib/Src/Encryption.d" -MT"lib/Src/Encryption.o" --specs=nano.specs -mfloat-abi=soft -mthumb -o "lib/Src/Encryption.o"
arm-none-eabi-gcc "../lib/Src/rsa.c" -mcpu=cortex-m0 -std=gnu11 -g3 -DDEBUG -DUSE_HAL_DRIVER -DSTM32F030x8 -c -I"C:/Users/Lidoma/Desktop/plNIC/KQ130F_STM32F030_modem/lib/Inc" -I../Core/Inc -I/home/lidoma/STM32Cube/Repository/STM32Cube_FW_F0_V1.11.3/Drivers/STM32F0xx_HAL_Driver/Inc -I/home/lidoma/STM32Cube/Repository/STM32Cube_FW_F0_V1.11.3/Drivers/STM32F0xx_HAL_Driver/Inc/Legacy -I/home/lidoma/STM32Cube/Repository/STM32Cube_FW_F0_V1.11.3/Middlewares/Third_Party/FreeRTOS/Source/include -I/home/lidoma/STM32Cube/Repository/STM32Cube_FW_F0_V1.11.3/Middlewares/Third_Party/FreeRTOS/Source/CMSIS_RTOS -I/home/lidoma/STM32Cube/Repository/STM32Cube_FW_F0_V1.11.3/Middlewares/Third_Party/FreeRTOS/Source/portable/GCC/ARM_CM0 -I/home/lidoma/STM32Cube/Repository/STM32Cube_FW_F0_V1.11.3/Drivers/CMSIS/Device/ST/STM32F0xx/Include -I/home/lidoma/STM32Cube/Repository/STM32Cube_FW_F0_V1.11.3/Drivers/CMSIS/Include -I../Drivers/STM32F0xx_HAL_Driver/Inc -I../Drivers/STM32F0xx_HAL_Driver/Inc/Legacy -I../Middlewares/Third_Party/FreeRTOS/Source/include -I../Middlewares/Third_Party/FreeRTOS/Source/CMSIS_RTOS -I../Middlewares/Third_Party/FreeRTOS/Source/portable/GCC/ARM_CM0 -I../Drivers/CMSIS/Device/ST/STM32F0xx/Include -I../Drivers/CMSIS/Include -O0 -ffunction-sections -fdata-sections -Wall -fstack-usage -MMD -MP -MF"lib/Src/rsa.d" -MT"lib/Src/rsa.o" --specs=nano.specs -mfloat-abi=soft -mthumb -o "lib/Src/rsa.o"
arm-none-eabi-gcc "../Middlewares/Third_Party/FreeRTOS/Source/portable/GCC/ARM_CM0/port.c" -mcpu=cortex-m0 -std=gnu11 -g3 -DDEBUG -DUSE_HAL_DRIVER -DSTM32F030x8 -c -I"C:/Users/Lidoma/Desktop/plNIC/KQ130F_STM32F030_modem/lib/Inc" -I../Core/Inc -I/home/lidoma/STM32Cube/Repository/STM32Cube_FW_F0_V1.11.3/Drivers/STM32F0xx_HAL_Driver/Inc -I/home/lidoma/STM32Cube/Repository/STM32Cube_FW_F0_V1.11.3/Drivers/STM32F0xx_HAL_Driver/Inc/Legacy -I/home/lidoma/STM32Cube/Repository/STM32Cube_FW_F0_V1.11.3/Middlewares/Third_Party/FreeRTOS/Source/include -I/home/lidoma/STM32Cube/Repository/STM32Cube_FW_F0_V1.11.3/Middlewares/Third_Party/FreeRTOS/Source/CMSIS_RTOS -I/home/lidoma/STM32Cube/Repository/STM32Cube_FW_F0_V1.11.3/Middlewares/Third_Party/FreeRTOS/Source/portable/GCC/ARM_CM0 -I/home/lidoma/STM32Cube/Repository/STM32Cube_FW_F0_V1.11.3/Drivers/CMSIS/Device/ST/STM32F0xx/Include -I/home/lidoma/STM32Cube/Repository/STM32Cube_FW_F0_V1.11.3/Drivers/CMSIS/Include -I../Drivers/STM32F0xx_HAL_Driver/Inc -I../Drivers/STM32F0xx_HAL_Driver/Inc/Legacy -I../Middlewares/Third_Party/FreeRTOS/Source/include -I../Middlewares/Third_Party/FreeRTOS/Source/CMSIS_RTOS -I../Middlewares/Third_Party/FreeRTOS/Source/portable/GCC/ARM_CM0 -I../Drivers/CMSIS/Device/ST/STM32F0xx/Include -I../Drivers/CMSIS/Include -O0 -ffunction-sections -fdata-sections -Wall -fstack-usage -MMD -MP -MF"Middlewares/Third_Party/FreeRTOS/Source/portable/GCC/ARM_CM0/port.d" -MT"Middlewares/Third_Party/FreeRTOS/Source/portable/GCC/ARM_CM0/port.o" --specs=nano.specs -mfloat-abi=soft -mthumb -o "Middlewares/Third_Party/FreeRTOS/Source/portable/GCC/ARM_CM0/port.o"
arm-none-eabi-gcc "../Middlewares/Third_Party/FreeRTOS/Source/CMSIS_RTOS/cmsis_os.c" -mcpu=cortex-m0 -std=gnu11 -g3 -DDEBUG -DUSE_HAL_DRIVER -DSTM32F030x8 -c -I"C:/Users/Lidoma/Desktop/plNIC/KQ130F_STM32F030_modem/lib/Inc" -I../Core/Inc -I/home/lidoma/STM32Cube/Repository/STM32Cube_FW_F0_V1.11.3/Drivers/STM32F0xx_HAL_Driver/Inc -I/home/lidoma/STM32Cube/Repository/STM32Cube_FW_F0_V1.11.3/Drivers/STM32F0xx_HAL_Driver/Inc/Legacy -I/home/lidoma/STM32Cube/Repository/STM32Cube_FW_F0_V1.11.3/Middlewares/Third_Party/FreeRTOS/Source/include -I/home/lidoma/STM32Cube/Repository/STM32Cube_FW_F0_V1.11.3/Middlewares/Third_Party/FreeRTOS/Source/CMSIS_RTOS -I/home/lidoma/STM32Cube/Repository/STM32Cube_FW_F0_V1.11.3/Middlewares/Third_Party/FreeRTOS/Source/portable/GCC/ARM_CM0 -I/home/lidoma/STM32Cube/Repository/STM32Cube_FW_F0_V1.11.3/Drivers/CMSIS/Device/ST/STM32F0xx/Include -I/home/lidoma/STM32Cube/Repository/STM32Cube_FW_F0_V1.11.3/Drivers/CMSIS/Include -I../Drivers/STM32F0xx_HAL_Driver/Inc -I../Drivers/STM32F0xx_HAL_Driver/Inc/Legacy -I../Middlewares/Third_Party/FreeRTOS/Source/include -I../Middlewares/Third_Party/FreeRTOS/Source/CMSIS_RTOS -I../Middlewares/Third_Party/FreeRTOS/Source/portable/GCC/ARM_CM0 -I../Drivers/CMSIS/Device/ST/STM32F0xx/Include -I../Drivers/CMSIS/Include -O0 -ffunction-sections -fdata-sections -Wall -fstack-usage -MMD -MP -MF"Middlewares/Third_Party/FreeRTOS/Source/CMSIS_RTOS/cmsis_os.d" -MT"Middlewares/Third_Party/FreeRTOS/Source/CMSIS_RTOS/cmsis_os.o" --specs=nano.specs -mfloat-abi=soft -mthumb -o "Middlewares/Third_Party/FreeRTOS/Source/CMSIS_RTOS/cmsis_os.o"
arm-none-eabi-gcc "../Middlewares/Third_Party/FreeRTOS/Source/croutine.c" -mcpu=cortex-m0 -std=gnu11 -g3 -DDEBUG -DUSE_HAL_DRIVER -DSTM32F030x8 -c -I"C:/Users/Lidoma/Desktop/plNIC/KQ130F_STM32F030_modem/lib/Inc" -I../Core/Inc -I/home/lidoma/STM32Cube/Repository/STM32Cube_FW_F0_V1.11.3/Drivers/STM32F0xx_HAL_Driver/Inc -I/home/lidoma/STM32Cube/Repository/STM32Cube_FW_F0_V1.11.3/Drivers/STM32F0xx_HAL_Driver/Inc/Legacy -I/home/lidoma/STM32Cube/Repository/STM32Cube_FW_F0_V1.11.3/Middlewares/Third_Party/FreeRTOS/Source/include -I/home/lidoma/STM32Cube/Repository/STM32Cube_FW_F0_V1.11.3/Middlewares/Third_Party/FreeRTOS/Source/CMSIS_RTOS -I/home/lidoma/STM32Cube/Repository/STM32Cube_FW_F0_V1.11.3/Middlewares/Third_Party/FreeRTOS/Source/portable/GCC/ARM_CM0 -I/home/lidoma/STM32Cube/Repository/STM32Cube_FW_F0_V1.11.3/Drivers/CMSIS/Device/ST/STM32F0xx/Include -I/home/lidoma/STM32Cube/Repository/STM32Cube_FW_F0_V1.11.3/Drivers/CMSIS/Include -I../Drivers/STM32F0xx_HAL_Driver/Inc -I../Drivers/STM32F0xx_HAL_Driver/Inc/Legacy -I../Middlewares/Third_Party/FreeRTOS/Source/include -I../Middlewares/Third_Party/FreeRTOS/Source/CMSIS_RTOS -I../Middlewares/Third_Party/FreeRTOS/Source/portable/GCC/ARM_CM0 -I../Drivers/CMSIS/Device/ST/STM32F0xx/Include -I../Drivers/CMSIS/Include -O0 -ffunction-sections -fdata-sections -Wall -fstack-usage -MMD -MP -MF"Middlewares/Third_Party/FreeRTOS/Source/croutine.d" -MT"Middlewares/Third_Party/FreeRTOS/Source/croutine.o" --specs=nano.specs -mfloat-abi=soft -mthumb -o "Middlewares/Third_Party/FreeRTOS/Source/croutine.o"
arm-none-eabi-gcc "../Middlewares/Third_Party/FreeRTOS/Source/event_groups.c" -mcpu=cortex-m0 -std=gnu11 -g3 -DDEBUG -DUSE_HAL_DRIVER -DSTM32F030x8 -c -I"C:/Users/Lidoma/Desktop/plNIC/KQ130F_STM32F030_modem/lib/Inc" -I../Core/Inc -I/home/lidoma/STM32Cube/Repository/STM32Cube_FW_F0_V1.11.3/Drivers/STM32F0xx_HAL_Driver/Inc -I/home/lidoma/STM32Cube/Repository/STM32Cube_FW_F0_V1.11.3/Drivers/STM32F0xx_HAL_Driver/Inc/Legacy -I/home/lidoma/STM32Cube/Repository/STM32Cube_FW_F0_V1.11.3/Middlewares/Third_Party/FreeRTOS/Source/include -I/home/lidoma/STM32Cube/Repository/STM32Cube_FW_F0_V1.11.3/Middlewares/Third_Party/FreeRTOS/Source/CMSIS_RTOS -I/home/lidoma/STM32Cube/Repository/STM32Cube_FW_F0_V1.11.3/Middlewares/Third_Party/FreeRTOS/Source/portable/GCC/ARM_CM0 -I/home/lidoma/STM32Cube/Repository/STM32Cube_FW_F0_V1.11.3/Drivers/CMSIS/Device/ST/STM32F0xx/Include -I/home/lidoma/STM32Cube/Repository/STM32Cube_FW_F0_V1.11.3/Drivers/CMSIS/Include -I../Drivers/STM32F0xx_HAL_Driver/Inc -I../Drivers/STM32F0xx_HAL_Driver/Inc/Legacy -I../Middlewares/Third_Party/FreeRTOS/Source/include -I../Middlewares/Third_Party/FreeRTOS/Source/CMSIS_RTOS -I../Middlewares/Third_Party/FreeRTOS/Source/portable/GCC/ARM_CM0 -I../Drivers/CMSIS/Device/ST/STM32F0xx/Include -I../Drivers/CMSIS/Include -O0 -ffunction-sections -fdata-sections -Wall -fstack-usage -MMD -MP -MF"Middlewares/Third_Party/FreeRTOS/Source/event_groups.d" -MT"Middlewares/Third_Party/FreeRTOS/Source/event_groups.o" --specs=nano.specs -mfloat-abi=soft -mthumb -o "Middlewares/Third_Party/FreeRTOS/Source/event_groups.o"
arm-none-eabi-gcc "../Middlewares/Third_Party/FreeRTOS/Source/list.c" -mcpu=cortex-m0 -std=gnu11 -g3 -DDEBUG -DUSE_HAL_DRIVER -DSTM32F030x8 -c -I"C:/Users/Lidoma/Desktop/plNIC/KQ130F_STM32F030_modem/lib/Inc" -I../Core/Inc -I/home/lidoma/STM32Cube/Repository/STM32Cube_FW_F0_V1.11.3/Drivers/STM32F0xx_HAL_Driver/Inc -I/home/lidoma/STM32Cube/Repository/STM32Cube_FW_F0_V1.11.3/Drivers/STM32F0xx_HAL_Driver/Inc/Legacy -I/home/lidoma/STM32Cube/Repository/STM32Cube_FW_F0_V1.11.3/Middlewares/Third_Party/FreeRTOS/Source/include -I/home/lidoma/STM32Cube/Repository/STM32Cube_FW_F0_V1.11.3/Middlewares/Third_Party/FreeRTOS/Source/CMSIS_RTOS -I/home/lidoma/STM32Cube/Repository/STM32Cube_FW_F0_V1.11.3/Middlewares/Third_Party/FreeRTOS/Source/portable/GCC/ARM_CM0 -I/home/lidoma/STM32Cube/Repository/STM32Cube_FW_F0_V1.11.3/Drivers/CMSIS/Device/ST/STM32F0xx/Include -I/home/lidoma/STM32Cube/Repository/STM32Cube_FW_F0_V1.11.3/Drivers/CMSIS/Include -I../Drivers/STM32F0xx_HAL_Driver/Inc -I../Drivers/STM32F0xx_HAL_Driver/Inc/Legacy -I../Middlewares/Third_Party/FreeRTOS/Source/include -I../Middlewares/Third_Party/FreeRTOS/Source/CMSIS_RTOS -I../Middlewares/Third_Party/FreeRTOS/Source/portable/GCC/ARM_CM0 -I../Drivers/CMSIS/Device/ST/STM32F0xx/Include -I../Drivers/CMSIS/Include -O0 -ffunction-sections -fdata-sections -Wall -fstack-usage -MMD -MP -MF"Middlewares/Third_Party/FreeRTOS/Source/list.d" -MT"Middlewares/Third_Party/FreeRTOS/Source/list.o" --specs=nano.specs -mfloat-abi=soft -mthumb -o "Middlewares/Third_Party/FreeRTOS/Source/list.o"
arm-none-eabi-gcc "../Middlewares/Third_Party/FreeRTOS/Source/queue.c" -mcpu=cortex-m0 -std=gnu11 -g3 -DDEBUG -DUSE_HAL_DRIVER -DSTM32F030x8 -c -I"C:/Users/Lidoma/Desktop/plNIC/KQ130F_STM32F030_modem/lib/Inc" -I../Core/Inc -I/home/lidoma/STM32Cube/Repository/STM32Cube_FW_F0_V1.11.3/Drivers/STM32F0xx_HAL_Driver/Inc -I/home/lidoma/STM32Cube/Repository/STM32Cube_FW_F0_V1.11.3/Drivers/STM32F0xx_HAL_Driver/Inc/Legacy -I/home/lidoma/STM32Cube/Repository/STM32Cube_FW_F0_V1.11.3/Middlewares/Third_Party/FreeRTOS/Source/include -I/home/lidoma/STM32Cube/Repository/STM32Cube_FW_F0_V1.11.3/Middlewares/Third_Party/FreeRTOS/Source/CMSIS_RTOS -I/home/lidoma/STM32Cube/Repository/STM32Cube_FW_F0_V1.11.3/Middlewares/Third_Party/FreeRTOS/Source/portable/GCC/ARM_CM0 -I/home/lidoma/STM32Cube/Repository/STM32Cube_FW_F0_V1.11.3/Drivers/CMSIS/Device/ST/STM32F0xx/Include -I/home/lidoma/STM32Cube/Repository/STM32Cube_FW_F0_V1.11.3/Drivers/CMSIS/Include -I../Drivers/STM32F0xx_HAL_Driver/Inc -I../Drivers/STM32F0xx_HAL_Driver/Inc/Legacy -I../Middlewares/Third_Party/FreeRTOS/Source/include -I../Middlewares/Third_Party/FreeRTOS/Source/CMSIS_RTOS -I../Middlewares/Third_Party/FreeRTOS/Source/portable/GCC/ARM_CM0 -I../Drivers/CMSIS/Device/ST/STM32F0xx/Include -I../Drivers/CMSIS/Include -O0 -ffunction-sections -fdata-sections -Wall -fstack-usage -MMD -MP -MF"Middlewares/Third_Party/FreeRTOS/Source/queue.d" -MT"Middlewares/Third_Party/FreeRTOS/Source/queue.o" --specs=nano.specs -mfloat-abi=soft -mthumb -o "Middlewares/Third_Party/FreeRTOS/Source/queue.o"
arm-none-eabi-gcc "../Middlewares/Third_Party/FreeRTOS/Source/stream_buffer.c" -mcpu=cortex-m0 -std=gnu11 -g3 -DDEBUG -DUSE_HAL_DRIVER -DSTM32F030x8 -c -I"C:/Users/Lidoma/Desktop/plNIC/KQ130F_STM32F030_modem/lib/Inc" -I../Core/Inc -I/home/lidoma/STM32Cube/Repository/STM32Cube_FW_F0_V1.11.3/Drivers/STM32F0xx_HAL_Driver/Inc -I/home/lidoma/STM32Cube/Repository/STM32Cube_FW_F0_V1.11.3/Drivers/STM32F0xx_HAL_Driver/Inc/Legacy -I/home/lidoma/STM32Cube/Repository/STM32Cube_FW_F0_V1.11.3/Middlewares/Third_Party/FreeRTOS/Source/include -I/home/lidoma/STM32Cube/Repository/STM32Cube_FW_F0_V1.11.3/Middlewares/Third_Party/FreeRTOS/Source/CMSIS_RTOS -I/home/lidoma/STM32Cube/Repository/STM32Cube_FW_F0_V1.11.3/Middlewares/Third_Party/FreeRTOS/Source/portable/GCC/ARM_CM0 -I/home/lidoma/STM32Cube/Repository/STM32Cube_FW_F0_V1.11.3/Drivers/CMSIS/Device/ST/STM32F0xx/Include -I/home/lidoma/STM32Cube/Repository/STM32Cube_FW_F0_V1.11.3/Drivers/CMSIS/Include -I../Drivers/STM32F0xx_HAL_Driver/Inc -I../Drivers/STM32F0xx_HAL_Driver/Inc/Legacy -I../Middlewares/Third_Party/FreeRTOS/Source/include -I../Middlewares/Third_Party/FreeRTOS/Source/CMSIS_RTOS -I../Middlewares/Third_Party/FreeRTOS/Source/portable/GCC/ARM_CM0 -I../Drivers/CMSIS/Device/ST/STM32F0xx/Include -I../Drivers/CMSIS/Include -O0 -ffunction-sections -fdata-sections -Wall -fstack-usage -MMD -MP -MF"Middlewares/Third_Party/FreeRTOS/Source/stream_buffer.d" -MT"Middlewares/Third_Party/FreeRTOS/Source/stream_buffer.o" --specs=nano.specs -mfloat-abi=soft -mthumb -o "Middlewares/Third_Party/FreeRTOS/Source/stream_buffer.o"
arm-none-eabi-gcc "../Middlewares/Third_Party/FreeRTOS/Source/tasks.c" -mcpu=cortex-m0 -std=gnu11 -g3 -DDEBUG -DUSE_HAL_DRIVER -DSTM32F030x8 -c -I"C:/Users/Lidoma/Desktop/plNIC/KQ130F_STM32F030_modem/lib/Inc" -I../Core/Inc -I/home/lidoma/STM32Cube/Repository/STM32Cube_FW_F0_V1.11.3/Drivers/STM32F0xx_HAL_Driver/Inc -I/home/lidoma/STM32Cube/Repository/STM32Cube_FW_F0_V1.11.3/Drivers/STM32F0xx_HAL_Driver/Inc/Legacy -I/home/lidoma/STM32Cube/Repository/STM32Cube_FW_F0_V1.11.3/Middlewares/Third_Party/FreeRTOS/Source/include -I/home/lidoma/STM32Cube/Repository/STM32Cube_FW_F0_V1.11.3/Middlewares/Third_Party/FreeRTOS/Source/CMSIS_RTOS -I/home/lidoma/STM32Cube/Repository/STM32Cube_FW_F0_V1.11.3/Middlewares/Third_Party/FreeRTOS/Source/portable/GCC/ARM_CM0 -I/home/lidoma/STM32Cube/Repository/STM32Cube_FW_F0_V1.11.3/Drivers/CMSIS/Device/ST/STM32F0xx/Include -I/home/lidoma/STM32Cube/Repository/STM32Cube_FW_F0_V1.11.3/Drivers/CMSIS/Include -I../Drivers/STM32F0xx_HAL_Driver/Inc -I../Drivers/STM32F0xx_HAL_Driver/Inc/Legacy -I../Middlewares/Third_Party/FreeRTOS/Source/include -I../Middlewares/Third_Party/FreeRTOS/Source/CMSIS_RTOS -I../Middlewares/Third_Party/FreeRTOS/Source/portable/GCC/ARM_CM0 -I../Drivers/CMSIS/Device/ST/STM32F0xx/Include -I../Drivers/CMSIS/Include -O0 -ffunction-sections -fdata-sections -Wall -fstack-usage -MMD -MP -MF"Middlewares/Third_Party/FreeRTOS/Source/tasks.d" -MT"Middlewares/Third_Party/FreeRTOS/Source/tasks.o" --specs=nano.specs -mfloat-abi=soft -mthumb -o "Middlewares/Third_Party/FreeRTOS/Source/tasks.o"
arm-none-eabi-gcc "../Middlewares/Third_Party/FreeRTOS/Source/timers.c" -mcpu=cortex-m0 -std=gnu11 -g3 -DDEBUG -DUSE_HAL_DRIVER -DSTM32F030x8 -c -I"C:/Users/Lidoma/Desktop/plNIC/KQ130F_STM32F030_modem/lib/Inc" -I../Core/Inc -I/home/lidoma/STM32Cube/Repository/STM32Cube_FW_F0_V1.11.3/Drivers/STM32F0xx_HAL_Driver/Inc -I/home/lidoma/STM32Cube/Repository/STM32Cube_FW_F0_V1.11.3/Drivers/STM32F0xx_HAL_Driver/Inc/Legacy -I/home/lidoma/STM32Cube/Repository/STM32Cube_FW_F0_V1.11.3/Middlewares/Third_Party/FreeRTOS/Source/include -I/home/lidoma/STM32Cube/Repository/STM32Cube_FW_F0_V1.11.3/Middlewares/Third_Party/FreeRTOS/Source/CMSIS_RTOS -I/home/lidoma/STM32Cube/Repository/STM32Cube_FW_F0_V1.11.3/Middlewares/Third_Party/FreeRTOS/Source/portable/GCC/ARM_CM0 -I/home/lidoma/STM32Cube/Repository/STM32Cube_FW_F0_V1.11.3/Drivers/CMSIS/Device/ST/STM32F0xx/Include -I/home/lidoma/STM32Cube/Repository/STM32Cube_FW_F0_V1.11.3/Drivers/CMSIS/Include -I../Drivers/STM32F0xx_HAL_Driver/Inc -I../Drivers/STM32F0xx_HAL_Driver/Inc/Legacy -I../Middlewares/Third_Party/FreeRTOS/Source/include -I../Middlewares/Third_Party/FreeRTOS/Source/CMSIS_RTOS -I../Middlewares/Third_Party/FreeRTOS/Source/portable/GCC/ARM_CM0 -I../Drivers/CMSIS/Device/ST/STM32F0xx/Include -I../Drivers/CMSIS/Include -O0 -ffunction-sections -fdata-sections -Wall -fstack-usage -MMD -MP -MF"Middlewares/Third_Party/FreeRTOS/Source/timers.d" -MT"Middlewares/Third_Party/FreeRTOS/Source/timers.o" --specs=nano.specs -mfloat-abi=soft -mthumb -o "Middlewares/Third_Party/FreeRTOS/Source/timers.o"
arm-none-eabi-gcc "../Drivers/STM32F0xx_HAL_Driver/Src/stm32f0xx_hal.c" -mcpu=cortex-m0 -std=gnu11 -g3 -DDEBUG -DUSE_HAL_DRIVER -DSTM32F030x8 -c -I"C:/Users/Lidoma/Desktop/plNIC/KQ130F_STM32F030_modem/lib/Inc" -I../Core/Inc -I/home/lidoma/STM32Cube/Repository/STM32Cube_FW_F0_V1.11.3/Drivers/STM32F0xx_HAL_Driver/Inc -I/home/lidoma/STM32Cube/Repository/STM32Cube_FW_F0_V1.11.3/Drivers/STM32F0xx_HAL_Driver/Inc/Legacy -I/home/lidoma/STM32Cube/Repository/STM32Cube_FW_F0_V1.11.3/Middlewares/Third_Party/FreeRTOS/Source/include -I/home/lidoma/STM32Cube/Repository/STM32Cube_FW_F0_V1.11.3/Middlewares/Third_Party/FreeRTOS/Source/CMSIS_RTOS -I/home/lidoma/STM32Cube/Repository/STM32Cube_FW_F0_V1.11.3/Middlewares/Third_Party/FreeRTOS/Source/portable/GCC/ARM_CM0 -I/home/lidoma/STM32Cube/Repository/STM32Cube_FW_F0_V1.11.3/Drivers/CMSIS/Device/ST/STM32F0xx/Include -I/home/lidoma/STM32Cube/Repository/STM32Cube_FW_F0_V1.11.3/Drivers/CMSIS/Include -I../Drivers/STM32F0xx_HAL_Driver/Inc -I../Drivers/STM32F0xx_HAL_Driver/Inc/Legacy -I../Middlewares/Third_Party/FreeRTOS/Source/include -I../Middlewares/Third_Party/FreeRTOS/Source/CMSIS_RTOS -I../Middlewares/Third_Party/FreeRTOS/Source/portable/GCC/ARM_CM0 -I../Drivers/CMSIS/Device/ST/STM32F0xx/Include -I../Drivers/CMSIS/Include -O0 -ffunction-sections -fdata-sections -Wall -fstack-usage -MMD -MP -MF"Drivers/STM32F0xx_HAL_Driver/Src/stm32f0xx_hal.d" -MT"Drivers/STM32F0xx_HAL_Driver/Src/stm32f0xx_hal.o" --specs=nano.specs -mfloat-abi=soft -mthumb -o "Drivers/STM32F0xx_HAL_Driver/Src/stm32f0xx_hal.o"
arm-none-eabi-gcc "../Drivers/STM32F0xx_HAL_Driver/Src/stm32f0xx_hal_cortex.c" -mcpu=cortex-m0 -std=gnu11 -g3 -DDEBUG -DUSE_HAL_DRIVER -DSTM32F030x8 -c -I"C:/Users/Lidoma/Desktop/plNIC/KQ130F_STM32F030_modem/lib/Inc" -I../Core/Inc -I/home/lidoma/STM32Cube/Repository/STM32Cube_FW_F0_V1.11.3/Drivers/STM32F0xx_HAL_Driver/Inc -I/home/lidoma/STM32Cube/Repository/STM32Cube_FW_F0_V1.11.3/Drivers/STM32F0xx_HAL_Driver/Inc/Legacy -I/home/lidoma/STM32Cube/Repository/STM32Cube_FW_F0_V1.11.3/Middlewares/Third_Party/FreeRTOS/Source/include -I/home/lidoma/STM32Cube/Repository/STM32Cube_FW_F0_V1.11.3/Middlewares/Third_Party/FreeRTOS/Source/CMSIS_RTOS -I/home/lidoma/STM32Cube/Repository/STM32Cube_FW_F0_V1.11.3/Middlewares/Third_Party/FreeRTOS/Source/portable/GCC/ARM_CM0 -I/home/lidoma/STM32Cube/Repository/STM32Cube_FW_F0_V1.11.3/Drivers/CMSIS/Device/ST/STM32F0xx/Include -I/home/lidoma/STM32Cube/Repository/STM32Cube_FW_F0_V1.11.3/Drivers/CMSIS/Include -I../Drivers/STM32F0xx_HAL_Driver/Inc -I../Drivers/STM32F0xx_HAL_Driver/Inc/Legacy -I../Middlewares/Third_Party/FreeRTOS/Source/include -I../Middlewares/Third_Party/FreeRTOS/Source/CMSIS_RTOS -I../Middlewares/Third_Party/FreeRTOS/Source/portable/GCC/ARM_CM0 -I../Drivers/CMSIS/Device/ST/STM32F0xx/Include -I../Drivers/CMSIS/Include -O0 -ffunction-sections -fdata-sections -Wall -fstack-usage -MMD -MP -MF"Drivers/STM32F0xx_HAL_Driver/Src/stm32f0xx_hal_cortex.d" -MT"Drivers/STM32F0xx_HAL_Driver/Src/stm32f0xx_hal_cortex.o" --specs=nano.specs -mfloat-abi=soft -mthumb -o "Drivers/STM32F0xx_HAL_Driver/Src/stm32f0xx_hal_cortex.o"
arm-none-eabi-gcc "../Drivers/STM32F0xx_HAL_Driver/Src/stm32f0xx_hal_crc.c" -mcpu=cortex-m0 -std=gnu11 -g3 -DDEBUG -DUSE_HAL_DRIVER -DSTM32F030x8 -c -I"C:/Users/Lidoma/Desktop/plNIC/KQ130F_STM32F030_modem/lib/Inc" -I../Core/Inc -I/home/lidoma/STM32Cube/Repository/STM32Cube_FW_F0_V1.11.3/Drivers/STM32F0xx_HAL_Driver/Inc -I/home/lidoma/STM32Cube/Repository/STM32Cube_FW_F0_V1.11.3/Drivers/STM32F0xx_HAL_Driver/Inc/Legacy -I/home/lidoma/STM32Cube/Repository/STM32Cube_FW_F0_V1.11.3/Middlewares/Third_Party/FreeRTOS/Source/include -I/home/lidoma/STM32Cube/Repository/STM32Cube_FW_F0_V1.11.3/Middlewares/Third_Party/FreeRTOS/Source/CMSIS_RTOS -I/home/lidoma/STM32Cube/Repository/STM32Cube_FW_F0_V1.11.3/Middlewares/Third_Party/FreeRTOS/Source/portable/GCC/ARM_CM0 -I/home/lidoma/STM32Cube/Repository/STM32Cube_FW_F0_V1.11.3/Drivers/CMSIS/Device/ST/STM32F0xx/Include -I/home/lidoma/STM32Cube/Repository/STM32Cube_FW_F0_V1.11.3/Drivers/CMSIS/Include -I../Drivers/STM32F0xx_HAL_Driver/Inc -I../Drivers/STM32F0xx_HAL_Driver/Inc/Legacy -I../Middlewares/Third_Party/FreeRTOS/Source/include -I../Middlewares/Third_Party/FreeRTOS/Source/CMSIS_RTOS -I../Middlewares/Third_Party/FreeRTOS/Source/portable/GCC/ARM_CM0 -I../Drivers/CMSIS/Device/ST/STM32F0xx/Include -I../Drivers/CMSIS/Include -O0 -ffunction-sections -fdata-sections -Wall -fstack-usage -MMD -MP -MF"Drivers/STM32F0xx_HAL_Driver/Src/stm32f0xx_hal_crc.d" -MT"Drivers/STM32F0xx_HAL_Driver/Src/stm32f0xx_hal_crc.o" --specs=nano.specs -mfloat-abi=soft -mthumb -o "Drivers/STM32F0xx_HAL_Driver/Src/stm32f0xx_hal_crc.o"
arm-none-eabi-gcc "../Drivers/STM32F0xx_HAL_Driver/Src/stm32f0xx_hal_crc_ex.c" -mcpu=cortex-m0 -std=gnu11 -g3 -DDEBUG -DUSE_HAL_DRIVER -DSTM32F030x8 -c -I"C:/Users/Lidoma/Desktop/plNIC/KQ130F_STM32F030_modem/lib/Inc" -I../Core/Inc -I/home/lidoma/STM32Cube/Repository/STM32Cube_FW_F0_V1.11.3/Drivers/STM32F0xx_HAL_Driver/Inc -I/home/lidoma/STM32Cube/Repository/STM32Cube_FW_F0_V1.11.3/Drivers/STM32F0xx_HAL_Driver/Inc/Legacy -I/home/lidoma/STM32Cube/Repository/STM32Cube_FW_F0_V1.11.3/Middlewares/Third_Party/FreeRTOS/Source/include -I/home/lidoma/STM32Cube/Repository/STM32Cube_FW_F0_V1.11.3/Middlewares/Third_Party/FreeRTOS/Source/CMSIS_RTOS -I/home/lidoma/STM32Cube/Repository/STM32Cube_FW_F0_V1.11.3/Middlewares/Third_Party/FreeRTOS/Source/portable/GCC/ARM_CM0 -I/home/lidoma/STM32Cube/Repository/STM32Cube_FW_F0_V1.11.3/Drivers/CMSIS/Device/ST/STM32F0xx/Include -I/home/lidoma/STM32Cube/Repository/STM32Cube_FW_F0_V1.11.3/Drivers/CMSIS/Include -I../Drivers/STM32F0xx_HAL_Driver/Inc -I../Drivers/STM32F0xx_HAL_Driver/Inc/Legacy -I../Middlewares/Third_Party/FreeRTOS/Source/include -I../Middlewares/Third_Party/FreeRTOS/Source/CMSIS_RTOS -I../Middlewares/Third_Party/FreeRTOS/Source/portable/GCC/ARM_CM0 -I../Drivers/CMSIS/Device/ST/STM32F0xx/Include -I../Drivers/CMSIS/Include -O0 -ffunction-sections -fdata-sections -Wall -fstack-usage -MMD -MP -MF"Drivers/STM32F0xx_HAL_Driver/Src/stm32f0xx_hal_crc_ex.d" -MT"Drivers/STM32F0xx_HAL_Driver/Src/stm32f0xx_hal_crc_ex.o" --specs=nano.specs -mfloat-abi=soft -mthumb -o "Drivers/STM32F0xx_HAL_Driver/Src/stm32f0xx_hal_crc_ex.o"
In file included from ../Drivers/STM32F0xx_HAL_Driver/Inc/stm32f0xx_hal_def.h:30,
                 from ../Drivers/STM32F0xx_HAL_Driver/Inc/stm32f0xx_hal_rcc.h:29,
                 from ../Core/Inc/stm32f0xx_hal_conf.h:193,
                 from ../Drivers/STM32F0xx_HAL_Driver/Inc/stm32f0xx_hal.h:30,
                 from ../Drivers/STM32F0xx_HAL_Driver/Src/stm32f0xx_hal_crc.c:46:
../Drivers/STM32F0xx_HAL_Driver/Src/stm32f0xx_hal_crc.c: In function 'HAL_CRC_DeInit':
../Drivers/CMSIS/Device/ST/STM32F0xx/Include/stm32f0xx.h:198:41: warning: overflow in conversion from 'int' to 'uint8_t' {aka 'volatile unsigned char'} changes value from '(int)hcrc->Instance->IDR & -256' to '0' [-Woverflow]
  198 | #define CLEAR_BIT(REG, BIT)   ((REG) &= ~(BIT))
      |                                         ^
../Drivers/STM32F0xx_HAL_Driver/Src/stm32f0xx_hal_crc.c:205:3: note: in expansion of macro 'CLEAR_BIT'
  205 |   CLEAR_BIT(hcrc->Instance->IDR, CRC_IDR_IDR);
      |   ^~~~~~~~~
arm-none-eabi-gcc "../Drivers/STM32F0xx_HAL_Driver/Src/stm32f0xx_hal_dma.c" -mcpu=cortex-m0 -std=gnu11 -g3 -DDEBUG -DUSE_HAL_DRIVER -DSTM32F030x8 -c -I"C:/Users/Lidoma/Desktop/plNIC/KQ130F_STM32F030_modem/lib/Inc" -I../Core/Inc -I/home/lidoma/STM32Cube/Repository/STM32Cube_FW_F0_V1.11.3/Drivers/STM32F0xx_HAL_Driver/Inc -I/home/lidoma/STM32Cube/Repository/STM32Cube_FW_F0_V1.11.3/Drivers/STM32F0xx_HAL_Driver/Inc/Legacy -I/home/lidoma/STM32Cube/Repository/STM32Cube_FW_F0_V1.11.3/Middlewares/Third_Party/FreeRTOS/Source/include -I/home/lidoma/STM32Cube/Repository/STM32Cube_FW_F0_V1.11.3/Middlewares/Third_Party/FreeRTOS/Source/CMSIS_RTOS -I/home/lidoma/STM32Cube/Repository/STM32Cube_FW_F0_V1.11.3/Middlewares/Third_Party/FreeRTOS/Source/portable/GCC/ARM_CM0 -I/home/lidoma/STM32Cube/Repository/STM32Cube_FW_F0_V1.11.3/Drivers/CMSIS/Device/ST/STM32F0xx/Include -I/home/lidoma/STM32Cube/Repository/STM32Cube_FW_F0_V1.11.3/Drivers/CMSIS/Include -I../Drivers/STM32F0xx_HAL_Driver/Inc -I../Drivers/STM32F0xx_HAL_Driver/Inc/Legacy -I../Middlewares/Third_Party/FreeRTOS/Source/include -I../Middlewares/Third_Party/FreeRTOS/Source/CMSIS_RTOS -I../Middlewares/Third_Party/FreeRTOS/Source/portable/GCC/ARM_CM0 -I../Drivers/CMSIS/Device/ST/STM32F0xx/Include -I../Drivers/CMSIS/Include -O0 -ffunction-sections -fdata-sections -Wall -fstack-usage -MMD -MP -MF"Drivers/STM32F0xx_HAL_Driver/Src/stm32f0xx_hal_dma.d" -MT"Drivers/STM32F0xx_HAL_Driver/Src/stm32f0xx_hal_dma.o" --specs=nano.specs -mfloat-abi=soft -mthumb -o "Drivers/STM32F0xx_HAL_Driver/Src/stm32f0xx_hal_dma.o"
arm-none-eabi-gcc "../Drivers/STM32F0xx_HAL_Driver/Src/stm32f0xx_hal_exti.c" -mcpu=cortex-m0 -std=gnu11 -g3 -DDEBUG -DUSE_HAL_DRIVER -DSTM32F030x8 -c -I"C:/Users/Lidoma/Desktop/plNIC/KQ130F_STM32F030_modem/lib/Inc" -I../Core/Inc -I/home/lidoma/STM32Cube/Repository/STM32Cube_FW_F0_V1.11.3/Drivers/STM32F0xx_HAL_Driver/Inc -I/home/lidoma/STM32Cube/Repository/STM32Cube_FW_F0_V1.11.3/Drivers/STM32F0xx_HAL_Driver/Inc/Legacy -I/home/lidoma/STM32Cube/Repository/STM32Cube_FW_F0_V1.11.3/Middlewares/Third_Party/FreeRTOS/Source/include -I/home/lidoma/STM32Cube/Repository/STM32Cube_FW_F0_V1.11.3/Middlewares/Third_Party/FreeRTOS/Source/CMSIS_RTOS -I/home/lidoma/STM32Cube/Repository/STM32Cube_FW_F0_V1.11.3/Middlewares/Third_Party/FreeRTOS/Source/portable/GCC/ARM_CM0 -I/home/lidoma/STM32Cube/Repository/STM32Cube_FW_F0_V1.11.3/Drivers/CMSIS/Device/ST/STM32F0xx/Include -I/home/lidoma/STM32Cube/Repository/STM32Cube_FW_F0_V1.11.3/Drivers/CMSIS/Include -I../Drivers/STM32F0xx_HAL_Driver/Inc -I../Drivers/STM32F0xx_HAL_Driver/Inc/Legacy -I../Middlewares/Third_Party/FreeRTOS/Source/include -I../Middlewares/Third_Party/FreeRTOS/Source/CMSIS_RTOS -I../Middlewares/Third_Party/FreeRTOS/Source/portable/GCC/ARM_CM0 -I../Drivers/CMSIS/Device/ST/STM32F0xx/Include -I../Drivers/CMSIS/Include -O0 -ffunction-sections -fdata-sections -Wall -fstack-usage -MMD -MP -MF"Drivers/STM32F0xx_HAL_Driver/Src/stm32f0xx_hal_exti.d" -MT"Drivers/STM32F0xx_HAL_Driver/Src/stm32f0xx_hal_exti.o" --specs=nano.specs -mfloat-abi=soft -mthumb -o "Drivers/STM32F0xx_HAL_Driver/Src/stm32f0xx_hal_exti.o"
arm-none-eabi-gcc "../Drivers/STM32F0xx_HAL_Driver/Src/stm32f0xx_hal_flash.c" -mcpu=cortex-m0 -std=gnu11 -g3 -DDEBUG -DUSE_HAL_DRIVER -DSTM32F030x8 -c -I"C:/Users/Lidoma/Desktop/plNIC/KQ130F_STM32F030_modem/lib/Inc" -I../Core/Inc -I/home/lidoma/STM32Cube/Repository/STM32Cube_FW_F0_V1.11.3/Drivers/STM32F0xx_HAL_Driver/Inc -I/home/lidoma/STM32Cube/Repository/STM32Cube_FW_F0_V1.11.3/Drivers/STM32F0xx_HAL_Driver/Inc/Legacy -I/home/lidoma/STM32Cube/Repository/STM32Cube_FW_F0_V1.11.3/Middlewares/Third_Party/FreeRTOS/Source/include -I/home/lidoma/STM32Cube/Repository/STM32Cube_FW_F0_V1.11.3/Middlewares/Third_Party/FreeRTOS/Source/CMSIS_RTOS -I/home/lidoma/STM32Cube/Repository/STM32Cube_FW_F0_V1.11.3/Middlewares/Third_Party/FreeRTOS/Source/portable/GCC/ARM_CM0 -I/home/lidoma/STM32Cube/Repository/STM32Cube_FW_F0_V1.11.3/Drivers/CMSIS/Device/ST/STM32F0xx/Include -I/home/lidoma/STM32Cube/Repository/STM32Cube_FW_F0_V1.11.3/Drivers/CMSIS/Include -I../Drivers/STM32F0xx_HAL_Driver/Inc -I../Drivers/STM32F0xx_HAL_Driver/Inc/Legacy -I../Middlewares/Third_Party/FreeRTOS/Source/include -I../Middlewares/Third_Party/FreeRTOS/Source/CMSIS_RTOS -I../Middlewares/Third_Party/FreeRTOS/Source/portable/GCC/ARM_CM0 -I../Drivers/CMSIS/Device/ST/STM32F0xx/Include -I../Drivers/CMSIS/Include -O0 -ffunction-sections -fdata-sections -Wall -fstack-usage -MMD -MP -MF"Drivers/STM32F0xx_HAL_Driver/Src/stm32f0xx_hal_flash.d" -MT"Drivers/STM32F0xx_HAL_Driver/Src/stm32f0xx_hal_flash.o" --specs=nano.specs -mfloat-abi=soft -mthumb -o "Drivers/STM32F0xx_HAL_Driver/Src/stm32f0xx_hal_flash.o"
arm-none-eabi-gcc "../Drivers/STM32F0xx_HAL_Driver/Src/stm32f0xx_hal_flash_ex.c" -mcpu=cortex-m0 -std=gnu11 -g3 -DDEBUG -DUSE_HAL_DRIVER -DSTM32F030x8 -c -I"C:/Users/Lidoma/Desktop/plNIC/KQ130F_STM32F030_modem/lib/Inc" -I../Core/Inc -I/home/lidoma/STM32Cube/Repository/STM32Cube_FW_F0_V1.11.3/Drivers/STM32F0xx_HAL_Driver/Inc -I/home/lidoma/STM32Cube/Repository/STM32Cube_FW_F0_V1.11.3/Drivers/STM32F0xx_HAL_Driver/Inc/Legacy -I/home/lidoma/STM32Cube/Repository/STM32Cube_FW_F0_V1.11.3/Middlewares/Third_Party/FreeRTOS/Source/include -I/home/lidoma/STM32Cube/Repository/STM32Cube_FW_F0_V1.11.3/Middlewares/Third_Party/FreeRTOS/Source/CMSIS_RTOS -I/home/lidoma/STM32Cube/Repository/STM32Cube_FW_F0_V1.11.3/Middlewares/Third_Party/FreeRTOS/Source/portable/GCC/ARM_CM0 -I/home/lidoma/STM32Cube/Repository/STM32Cube_FW_F0_V1.11.3/Drivers/CMSIS/Device/ST/STM32F0xx/Include -I/home/lidoma/STM32Cube/Repository/STM32Cube_FW_F0_V1.11.3/Drivers/CMSIS/Include -I../Drivers/STM32F0xx_HAL_Driver/Inc -I../Drivers/STM32F0xx_HAL_Driver/Inc/Legacy -I../Middlewares/Third_Party/FreeRTOS/Source/include -I../Middlewares/Third_Party/FreeRTOS/Source/CMSIS_RTOS -I../Middlewares/Third_Party/FreeRTOS/Source/portable/GCC/ARM_CM0 -I../Drivers/CMSIS/Device/ST/STM32F0xx/Include -I../Drivers/CMSIS/Include -O0 -ffunction-sections -fdata-sections -Wall -fstack-usage -MMD -MP -MF"Drivers/STM32F0xx_HAL_Driver/Src/stm32f0xx_hal_flash_ex.d" -MT"Drivers/STM32F0xx_HAL_Driver/Src/stm32f0xx_hal_flash_ex.o" --specs=nano.specs -mfloat-abi=soft -mthumb -o "Drivers/STM32F0xx_HAL_Driver/Src/stm32f0xx_hal_flash_ex.o"
arm-none-eabi-gcc "../Drivers/STM32F0xx_HAL_Driver/Src/stm32f0xx_hal_gpio.c" -mcpu=cortex-m0 -std=gnu11 -g3 -DDEBUG -DUSE_HAL_DRIVER -DSTM32F030x8 -c -I"C:/Users/Lidoma/Desktop/plNIC/KQ130F_STM32F030_modem/lib/Inc" -I../Core/Inc -I/home/lidoma/STM32Cube/Repository/STM32Cube_FW_F0_V1.11.3/Drivers/STM32F0xx_HAL_Driver/Inc -I/home/lidoma/STM32Cube/Repository/STM32Cube_FW_F0_V1.11.3/Drivers/STM32F0xx_HAL_Driver/Inc/Legacy -I/home/lidoma/STM32Cube/Repository/STM32Cube_FW_F0_V1.11.3/Middlewares/Third_Party/FreeRTOS/Source/include -I/home/lidoma/STM32Cube/Repository/STM32Cube_FW_F0_V1.11.3/Middlewares/Third_Party/FreeRTOS/Source/CMSIS_RTOS -I/home/lidoma/STM32Cube/Repository/STM32Cube_FW_F0_V1.11.3/Middlewares/Third_Party/FreeRTOS/Source/portable/GCC/ARM_CM0 -I/home/lidoma/STM32Cube/Repository/STM32Cube_FW_F0_V1.11.3/Drivers/CMSIS/Device/ST/STM32F0xx/Include -I/home/lidoma/STM32Cube/Repository/STM32Cube_FW_F0_V1.11.3/Drivers/CMSIS/Include -I../Drivers/STM32F0xx_HAL_Driver/Inc -I../Drivers/STM32F0xx_HAL_Driver/Inc/Legacy -I../Middlewares/Third_Party/FreeRTOS/Source/include -I../Middlewares/Third_Party/FreeRTOS/Source/CMSIS_RTOS -I../Middlewares/Third_Party/FreeRTOS/Source/portable/GCC/ARM_CM0 -I../Drivers/CMSIS/Device/ST/STM32F0xx/Include -I../Drivers/CMSIS/Include -O0 -ffunction-sections -fdata-sections -Wall -fstack-usage -MMD -MP -MF"Drivers/STM32F0xx_HAL_Driver/Src/stm32f0xx_hal_gpio.d" -MT"Drivers/STM32F0xx_HAL_Driver/Src/stm32f0xx_hal_gpio.o" --specs=nano.specs -mfloat-abi=soft -mthumb -o "Drivers/STM32F0xx_HAL_Driver/Src/stm32f0xx_hal_gpio.o"
arm-none-eabi-gcc "../Drivers/STM32F0xx_HAL_Driver/Src/stm32f0xx_hal_i2c.c" -mcpu=cortex-m0 -std=gnu11 -g3 -DDEBUG -DUSE_HAL_DRIVER -DSTM32F030x8 -c -I"C:/Users/Lidoma/Desktop/plNIC/KQ130F_STM32F030_modem/lib/Inc" -I../Core/Inc -I/home/lidoma/STM32Cube/Repository/STM32Cube_FW_F0_V1.11.3/Drivers/STM32F0xx_HAL_Driver/Inc -I/home/lidoma/STM32Cube/Repository/STM32Cube_FW_F0_V1.11.3/Drivers/STM32F0xx_HAL_Driver/Inc/Legacy -I/home/lidoma/STM32Cube/Repository/STM32Cube_FW_F0_V1.11.3/Middlewares/Third_Party/FreeRTOS/Source/include -I/home/lidoma/STM32Cube/Repository/STM32Cube_FW_F0_V1.11.3/Middlewares/Third_Party/FreeRTOS/Source/CMSIS_RTOS -I/home/lidoma/STM32Cube/Repository/STM32Cube_FW_F0_V1.11.3/Middlewares/Third_Party/FreeRTOS/Source/portable/GCC/ARM_CM0 -I/home/lidoma/STM32Cube/Repository/STM32Cube_FW_F0_V1.11.3/Drivers/CMSIS/Device/ST/STM32F0xx/Include -I/home/lidoma/STM32Cube/Repository/STM32Cube_FW_F0_V1.11.3/Drivers/CMSIS/Include -I../Drivers/STM32F0xx_HAL_Driver/Inc -I../Drivers/STM32F0xx_HAL_Driver/Inc/Legacy -I../Middlewares/Third_Party/FreeRTOS/Source/include -I../Middlewares/Third_Party/FreeRTOS/Source/CMSIS_RTOS -I../Middlewares/Third_Party/FreeRTOS/Source/portable/GCC/ARM_CM0 -I../Drivers/CMSIS/Device/ST/STM32F0xx/Include -I../Drivers/CMSIS/Include -O0 -ffunction-sections -fdata-sections -Wall -fstack-usage -MMD -MP -MF"Drivers/STM32F0xx_HAL_Driver/Src/stm32f0xx_hal_i2c.d" -MT"Drivers/STM32F0xx_HAL_Driver/Src/stm32f0xx_hal_i2c.o" --specs=nano.specs -mfloat-abi=soft -mthumb -o "Drivers/STM32F0xx_HAL_Driver/Src/stm32f0xx_hal_i2c.o"
arm-none-eabi-gcc "../Drivers/STM32F0xx_HAL_Driver/Src/stm32f0xx_hal_i2c_ex.c" -mcpu=cortex-m0 -std=gnu11 -g3 -DDEBUG -DUSE_HAL_DRIVER -DSTM32F030x8 -c -I"C:/Users/Lidoma/Desktop/plNIC/KQ130F_STM32F030_modem/lib/Inc" -I../Core/Inc -I/home/lidoma/STM32Cube/Repository/STM32Cube_FW_F0_V1.11.3/Drivers/STM32F0xx_HAL_Driver/Inc -I/home/lidoma/STM32Cube/Repository/STM32Cube_FW_F0_V1.11.3/Drivers/STM32F0xx_HAL_Driver/Inc/Legacy -I/home/lidoma/STM32Cube/Repository/STM32Cube_FW_F0_V1.11.3/Middlewares/Third_Party/FreeRTOS/Source/include -I/home/lidoma/STM32Cube/Repository/STM32Cube_FW_F0_V1.11.3/Middlewares/Third_Party/FreeRTOS/Source/CMSIS_RTOS -I/home/lidoma/STM32Cube/Repository/STM32Cube_FW_F0_V1.11.3/Middlewares/Third_Party/FreeRTOS/Source/portable/GCC/ARM_CM0 -I/home/lidoma/STM32Cube/Repository/STM32Cube_FW_F0_V1.11.3/Drivers/CMSIS/Device/ST/STM32F0xx/Include -I/home/lidoma/STM32Cube/Repository/STM32Cube_FW_F0_V1.11.3/Drivers/CMSIS/Include -I../Drivers/STM32F0xx_HAL_Driver/Inc -I../Drivers/STM32F0xx_HAL_Driver/Inc/Legacy -I../Middlewares/Third_Party/FreeRTOS/Source/include -I../Middlewares/Third_Party/FreeRTOS/Source/CMSIS_RTOS -I../Middlewares/Third_Party/FreeRTOS/Source/portable/GCC/ARM_CM0 -I../Drivers/CMSIS/Device/ST/STM32F0xx/Include -I../Drivers/CMSIS/Include -O0 -ffunction-sections -fdata-sections -Wall -fstack-usage -MMD -MP -MF"Drivers/STM32F0xx_HAL_Driver/Src/stm32f0xx_hal_i2c_ex.d" -MT"Drivers/STM32F0xx_HAL_Driver/Src/stm32f0xx_hal_i2c_ex.o" --specs=nano.specs -mfloat-abi=soft -mthumb -o "Drivers/STM32F0xx_HAL_Driver/Src/stm32f0xx_hal_i2c_ex.o"
arm-none-eabi-gcc "../Drivers/STM32F0xx_HAL_Driver/Src/stm32f0xx_hal_iwdg.c" -mcpu=cortex-m0 -std=gnu11 -g3 -DDEBUG -DUSE_HAL_DRIVER -DSTM32F030x8 -c -I"C:/Users/Lidoma/Desktop/plNIC/KQ130F_STM32F030_modem/lib/Inc" -I../Core/Inc -I/home/lidoma/STM32Cube/Repository/STM32Cube_FW_F0_V1.11.3/Drivers/STM32F0xx_HAL_Driver/Inc -I/home/lidoma/STM32Cube/Repository/STM32Cube_FW_F0_V1.11.3/Drivers/STM32F0xx_HAL_Driver/Inc/Legacy -I/home/lidoma/STM32Cube/Repository/STM32Cube_FW_F0_V1.11.3/Middlewares/Third_Party/FreeRTOS/Source/include -I/home/lidoma/STM32Cube/Repository/STM32Cube_FW_F0_V1.11.3/Middlewares/Third_Party/FreeRTOS/Source/CMSIS_RTOS -I/home/lidoma/STM32Cube/Repository/STM32Cube_FW_F0_V1.11.3/Middlewares/Third_Party/FreeRTOS/Source/portable/GCC/ARM_CM0 -I/home/lidoma/STM32Cube/Repository/STM32Cube_FW_F0_V1.11.3/Drivers/CMSIS/Device/ST/STM32F0xx/Include -I/home/lidoma/STM32Cube/Repository/STM32Cube_FW_F0_V1.11.3/Drivers/CMSIS/Include -I../Drivers/STM32F0xx_HAL_Driver/Inc -I../Drivers/STM32F0xx_HAL_Driver/Inc/Legacy -I../Middlewares/Third_Party/FreeRTOS/Source/include -I../Middlewares/Third_Party/FreeRTOS/Source/CMSIS_RTOS -I../Middlewares/Third_Party/FreeRTOS/Source/portable/GCC/ARM_CM0 -I../Drivers/CMSIS/Device/ST/STM32F0xx/Include -I../Drivers/CMSIS/Include -O0 -ffunction-sections -fdata-sections -Wall -fstack-usage -MMD -MP -MF"Drivers/STM32F0xx_HAL_Driver/Src/stm32f0xx_hal_iwdg.d" -MT"Drivers/STM32F0xx_HAL_Driver/Src/stm32f0xx_hal_iwdg.o" --specs=nano.specs -mfloat-abi=soft -mthumb -o "Drivers/STM32F0xx_HAL_Driver/Src/stm32f0xx_hal_iwdg.o"
arm-none-eabi-gcc "../Drivers/STM32F0xx_HAL_Driver/Src/stm32f0xx_hal_pwr.c" -mcpu=cortex-m0 -std=gnu11 -g3 -DDEBUG -DUSE_HAL_DRIVER -DSTM32F030x8 -c -I"C:/Users/Lidoma/Desktop/plNIC/KQ130F_STM32F030_modem/lib/Inc" -I../Core/Inc -I/home/lidoma/STM32Cube/Repository/STM32Cube_FW_F0_V1.11.3/Drivers/STM32F0xx_HAL_Driver/Inc -I/home/lidoma/STM32Cube/Repository/STM32Cube_FW_F0_V1.11.3/Drivers/STM32F0xx_HAL_Driver/Inc/Legacy -I/home/lidoma/STM32Cube/Repository/STM32Cube_FW_F0_V1.11.3/Middlewares/Third_Party/FreeRTOS/Source/include -I/home/lidoma/STM32Cube/Repository/STM32Cube_FW_F0_V1.11.3/Middlewares/Third_Party/FreeRTOS/Source/CMSIS_RTOS -I/home/lidoma/STM32Cube/Repository/STM32Cube_FW_F0_V1.11.3/Middlewares/Third_Party/FreeRTOS/Source/portable/GCC/ARM_CM0 -I/home/lidoma/STM32Cube/Repository/STM32Cube_FW_F0_V1.11.3/Drivers/CMSIS/Device/ST/STM32F0xx/Include -I/home/lidoma/STM32Cube/Repository/STM32Cube_FW_F0_V1.11.3/Drivers/CMSIS/Include -I../Drivers/STM32F0xx_HAL_Driver/Inc -I../Drivers/STM32F0xx_HAL_Driver/Inc/Legacy -I../Middlewares/Third_Party/FreeRTOS/Source/include -I../Middlewares/Third_Party/FreeRTOS/Source/CMSIS_RTOS -I../Middlewares/Third_Party/FreeRTOS/Source/portable/GCC/ARM_CM0 -I../Drivers/CMSIS/Device/ST/STM32F0xx/Include -I../Drivers/CMSIS/Include -O0 -ffunction-sections -fdata-sections -Wall -fstack-usage -MMD -MP -MF"Drivers/STM32F0xx_HAL_Driver/Src/stm32f0xx_hal_pwr.d" -MT"Drivers/STM32F0xx_HAL_Driver/Src/stm32f0xx_hal_pwr.o" --specs=nano.specs -mfloat-abi=soft -mthumb -o "Drivers/STM32F0xx_HAL_Driver/Src/stm32f0xx_hal_pwr.o"
arm-none-eabi-gcc "../Drivers/STM32F0xx_HAL_Driver/Src/stm32f0xx_hal_pwr_ex.c" -mcpu=cortex-m0 -std=gnu11 -g3 -DDEBUG -DUSE_HAL_DRIVER -DSTM32F030x8 -c -I"C:/Users/Lidoma/Desktop/plNIC/KQ130F_STM32F030_modem/lib/Inc" -I../Core/Inc -I/home/lidoma/STM32Cube/Repository/STM32Cube_FW_F0_V1.11.3/Drivers/STM32F0xx_HAL_Driver/Inc -I/home/lidoma/STM32Cube/Repository/STM32Cube_FW_F0_V1.11.3/Drivers/STM32F0xx_HAL_Driver/Inc/Legacy -I/home/lidoma/STM32Cube/Repository/STM32Cube_FW_F0_V1.11.3/Middlewares/Third_Party/FreeRTOS/Source/include -I/home/lidoma/STM32Cube/Repository/STM32Cube_FW_F0_V1.11.3/Middlewares/Third_Party/FreeRTOS/Source/CMSIS_RTOS -I/home/lidoma/STM32Cube/Repository/STM32Cube_FW_F0_V1.11.3/Middlewares/Third_Party/FreeRTOS/Source/portable/GCC/ARM_CM0 -I/home/lidoma/STM32Cube/Repository/STM32Cube_FW_F0_V1.11.3/Drivers/CMSIS/Device/ST/STM32F0xx/Include -I/home/lidoma/STM32Cube/Repository/STM32Cube_FW_F0_V1.11.3/Drivers/CMSIS/Include -I../Drivers/STM32F0xx_HAL_Driver/Inc -I../Drivers/STM32F0xx_HAL_Driver/Inc/Legacy -I../Middlewares/Third_Party/FreeRTOS/Source/include -I../Middlewares/Third_Party/FreeRTOS/Source/CMSIS_RTOS -I../Middlewares/Third_Party/FreeRTOS/Source/portable/GCC/ARM_CM0 -I../Drivers/CMSIS/Device/ST/STM32F0xx/Include -I../Drivers/CMSIS/Include -O0 -ffunction-sections -fdata-sections -Wall -fstack-usage -MMD -MP -MF"Drivers/STM32F0xx_HAL_Driver/Src/stm32f0xx_hal_pwr_ex.d" -MT"Drivers/STM32F0xx_HAL_Driver/Src/stm32f0xx_hal_pwr_ex.o" --specs=nano.specs -mfloat-abi=soft -mthumb -o "Drivers/STM32F0xx_HAL_Driver/Src/stm32f0xx_hal_pwr_ex.o"
arm-none-eabi-gcc "../Drivers/STM32F0xx_HAL_Driver/Src/stm32f0xx_hal_rcc.c" -mcpu=cortex-m0 -std=gnu11 -g3 -DDEBUG -DUSE_HAL_DRIVER -DSTM32F030x8 -c -I"C:/Users/Lidoma/Desktop/plNIC/KQ130F_STM32F030_modem/lib/Inc" -I../Core/Inc -I/home/lidoma/STM32Cube/Repository/STM32Cube_FW_F0_V1.11.3/Drivers/STM32F0xx_HAL_Driver/Inc -I/home/lidoma/STM32Cube/Repository/STM32Cube_FW_F0_V1.11.3/Drivers/STM32F0xx_HAL_Driver/Inc/Legacy -I/home/lidoma/STM32Cube/Repository/STM32Cube_FW_F0_V1.11.3/Middlewares/Third_Party/FreeRTOS/Source/include -I/home/lidoma/STM32Cube/Repository/STM32Cube_FW_F0_V1.11.3/Middlewares/Third_Party/FreeRTOS/Source/CMSIS_RTOS -I/home/lidoma/STM32Cube/Repository/STM32Cube_FW_F0_V1.11.3/Middlewares/Third_Party/FreeRTOS/Source/portable/GCC/ARM_CM0 -I/home/lidoma/STM32Cube/Repository/STM32Cube_FW_F0_V1.11.3/Drivers/CMSIS/Device/ST/STM32F0xx/Include -I/home/lidoma/STM32Cube/Repository/STM32Cube_FW_F0_V1.11.3/Drivers/CMSIS/Include -I../Drivers/STM32F0xx_HAL_Driver/Inc -I../Drivers/STM32F0xx_HAL_Driver/Inc/Legacy -I../Middlewares/Third_Party/FreeRTOS/Source/include -I../Middlewares/Third_Party/FreeRTOS/Source/CMSIS_RTOS -I../Middlewares/Third_Party/FreeRTOS/Source/portable/GCC/ARM_CM0 -I../Drivers/CMSIS/Device/ST/STM32F0xx/Include -I../Drivers/CMSIS/Include -O0 -ffunction-sections -fdata-sections -Wall -fstack-usage -MMD -MP -MF"Drivers/STM32F0xx_HAL_Driver/Src/stm32f0xx_hal_rcc.d" -MT"Drivers/STM32F0xx_HAL_Driver/Src/stm32f0xx_hal_rcc.o" --specs=nano.specs -mfloat-abi=soft -mthumb -o "Drivers/STM32F0xx_HAL_Driver/Src/stm32f0xx_hal_rcc.o"
arm-none-eabi-gcc "../Drivers/STM32F0xx_HAL_Driver/Src/stm32f0xx_hal_rcc_ex.c" -mcpu=cortex-m0 -std=gnu11 -g3 -DDEBUG -DUSE_HAL_DRIVER -DSTM32F030x8 -c -I"C:/Users/Lidoma/Desktop/plNIC/KQ130F_STM32F030_modem/lib/Inc" -I../Core/Inc -I/home/lidoma/STM32Cube/Repository/STM32Cube_FW_F0_V1.11.3/Drivers/STM32F0xx_HAL_Driver/Inc -I/home/lidoma/STM32Cube/Repository/STM32Cube_FW_F0_V1.11.3/Drivers/STM32F0xx_HAL_Driver/Inc/Legacy -I/home/lidoma/STM32Cube/Repository/STM32Cube_FW_F0_V1.11.3/Middlewares/Third_Party/FreeRTOS/Source/include -I/home/lidoma/STM32Cube/Repository/STM32Cube_FW_F0_V1.11.3/Middlewares/Third_Party/FreeRTOS/Source/CMSIS_RTOS -I/home/lidoma/STM32Cube/Repository/STM32Cube_FW_F0_V1.11.3/Middlewares/Third_Party/FreeRTOS/Source/portable/GCC/ARM_CM0 -I/home/lidoma/STM32Cube/Repository/STM32Cube_FW_F0_V1.11.3/Drivers/CMSIS/Device/ST/STM32F0xx/Include -I/home/lidoma/STM32Cube/Repository/STM32Cube_FW_F0_V1.11.3/Drivers/CMSIS/Include -I../Drivers/STM32F0xx_HAL_Driver/Inc -I../Drivers/STM32F0xx_HAL_Driver/Inc/Legacy -I../Middlewares/Third_Party/FreeRTOS/Source/include -I../Middlewares/Third_Party/FreeRTOS/Source/CMSIS_RTOS -I../Middlewares/Third_Party/FreeRTOS/Source/portable/GCC/ARM_CM0 -I../Drivers/CMSIS/Device/ST/STM32F0xx/Include -I../Drivers/CMSIS/Include -O0 -ffunction-sections -fdata-sections -Wall -fstack-usage -MMD -MP -MF"Drivers/STM32F0xx_HAL_Driver/Src/stm32f0xx_hal_rcc_ex.d" -MT"Drivers/STM32F0xx_HAL_Driver/Src/stm32f0xx_hal_rcc_ex.o" --specs=nano.specs -mfloat-abi=soft -mthumb -o "Drivers/STM32F0xx_HAL_Driver/Src/stm32f0xx_hal_rcc_ex.o"
arm-none-eabi-gcc "../Drivers/STM32F0xx_HAL_Driver/Src/stm32f0xx_hal_rtc.c" -mcpu=cortex-m0 -std=gnu11 -g3 -DDEBUG -DUSE_HAL_DRIVER -DSTM32F030x8 -c -I"C:/Users/Lidoma/Desktop/plNIC/KQ130F_STM32F030_modem/lib/Inc" -I../Core/Inc -I/home/lidoma/STM32Cube/Repository/STM32Cube_FW_F0_V1.11.3/Drivers/STM32F0xx_HAL_Driver/Inc -I/home/lidoma/STM32Cube/Repository/STM32Cube_FW_F0_V1.11.3/Drivers/STM32F0xx_HAL_Driver/Inc/Legacy -I/home/lidoma/STM32Cube/Repository/STM32Cube_FW_F0_V1.11.3/Middlewares/Third_Party/FreeRTOS/Source/include -I/home/lidoma/STM32Cube/Repository/STM32Cube_FW_F0_V1.11.3/Middlewares/Third_Party/FreeRTOS/Source/CMSIS_RTOS -I/home/lidoma/STM32Cube/Repository/STM32Cube_FW_F0_V1.11.3/Middlewares/Third_Party/FreeRTOS/Source/portable/GCC/ARM_CM0 -I/home/lidoma/STM32Cube/Repository/STM32Cube_FW_F0_V1.11.3/Drivers/CMSIS/Device/ST/STM32F0xx/Include -I/home/lidoma/STM32Cube/Repository/STM32Cube_FW_F0_V1.11.3/Drivers/CMSIS/Include -I../Drivers/STM32F0xx_HAL_Driver/Inc -I../Drivers/STM32F0xx_HAL_Driver/Inc/Legacy -I../Middlewares/Third_Party/FreeRTOS/Source/include -I../Middlewares/Third_Party/FreeRTOS/Source/CMSIS_RTOS -I../Middlewares/Third_Party/FreeRTOS/Source/portable/GCC/ARM_CM0 -I../Drivers/CMSIS/Device/ST/STM32F0xx/Include -I../Drivers/CMSIS/Include -O0 -ffunction-sections -fdata-sections -Wall -fstack-usage -MMD -MP -MF"Drivers/STM32F0xx_HAL_Driver/Src/stm32f0xx_hal_rtc.d" -MT"Drivers/STM32F0xx_HAL_Driver/Src/stm32f0xx_hal_rtc.o" --specs=nano.specs -mfloat-abi=soft -mthumb -o "Drivers/STM32F0xx_HAL_Driver/Src/stm32f0xx_hal_rtc.o"
arm-none-eabi-gcc "../Drivers/STM32F0xx_HAL_Driver/Src/stm32f0xx_hal_rtc_ex.c" -mcpu=cortex-m0 -std=gnu11 -g3 -DDEBUG -DUSE_HAL_DRIVER -DSTM32F030x8 -c -I"C:/Users/Lidoma/Desktop/plNIC/KQ130F_STM32F030_modem/lib/Inc" -I../Core/Inc -I/home/lidoma/STM32Cube/Repository/STM32Cube_FW_F0_V1.11.3/Drivers/STM32F0xx_HAL_Driver/Inc -I/home/lidoma/STM32Cube/Repository/STM32Cube_FW_F0_V1.11.3/Drivers/STM32F0xx_HAL_Driver/Inc/Legacy -I/home/lidoma/STM32Cube/Repository/STM32Cube_FW_F0_V1.11.3/Middlewares/Third_Party/FreeRTOS/Source/include -I/home/lidoma/STM32Cube/Repository/STM32Cube_FW_F0_V1.11.3/Middlewares/Third_Party/FreeRTOS/Source/CMSIS_RTOS -I/home/lidoma/STM32Cube/Repository/STM32Cube_FW_F0_V1.11.3/Middlewares/Third_Party/FreeRTOS/Source/portable/GCC/ARM_CM0 -I/home/lidoma/STM32Cube/Repository/STM32Cube_FW_F0_V1.11.3/Drivers/CMSIS/Device/ST/STM32F0xx/Include -I/home/lidoma/STM32Cube/Repository/STM32Cube_FW_F0_V1.11.3/Drivers/CMSIS/Include -I../Drivers/STM32F0xx_HAL_Driver/Inc -I../Drivers/STM32F0xx_HAL_Driver/Inc/Legacy -I../Middlewares/Third_Party/FreeRTOS/Source/include -I../Middlewares/Third_Party/FreeRTOS/Source/CMSIS_RTOS -I../Middlewares/Third_Party/FreeRTOS/Source/portable/GCC/ARM_CM0 -I../Drivers/CMSIS/Device/ST/STM32F0xx/Include -I../Drivers/CMSIS/Include -O0 -ffunction-sections -fdata-sections -Wall -fstack-usage -MMD -MP -MF"Drivers/STM32F0xx_HAL_Driver/Src/stm32f0xx_hal_rtc_ex.d" -MT"Drivers/STM32F0xx_HAL_Driver/Src/stm32f0xx_hal_rtc_ex.o" --specs=nano.specs -mfloat-abi=soft -mthumb -o "Drivers/STM32F0xx_HAL_Driver/Src/stm32f0xx_hal_rtc_ex.o"
arm-none-eabi-gcc "../Drivers/STM32F0xx_HAL_Driver/Src/stm32f0xx_hal_tim.c" -mcpu=cortex-m0 -std=gnu11 -g3 -DDEBUG -DUSE_HAL_DRIVER -DSTM32F030x8 -c -I"C:/Users/Lidoma/Desktop/plNIC/KQ130F_STM32F030_modem/lib/Inc" -I../Core/Inc -I/home/lidoma/STM32Cube/Repository/STM32Cube_FW_F0_V1.11.3/Drivers/STM32F0xx_HAL_Driver/Inc -I/home/lidoma/STM32Cube/Repository/STM32Cube_FW_F0_V1.11.3/Drivers/STM32F0xx_HAL_Driver/Inc/Legacy -I/home/lidoma/STM32Cube/Repository/STM32Cube_FW_F0_V1.11.3/Middlewares/Third_Party/FreeRTOS/Source/include -I/home/lidoma/STM32Cube/Repository/STM32Cube_FW_F0_V1.11.3/Middlewares/Third_Party/FreeRTOS/Source/CMSIS_RTOS -I/home/lidoma/STM32Cube/Repository/STM32Cube_FW_F0_V1.11.3/Middlewares/Third_Party/FreeRTOS/Source/portable/GCC/ARM_CM0 -I/home/lidoma/STM32Cube/Repository/STM32Cube_FW_F0_V1.11.3/Drivers/CMSIS/Device/ST/STM32F0xx/Include -I/home/lidoma/STM32Cube/Repository/STM32Cube_FW_F0_V1.11.3/Drivers/CMSIS/Include -I../Drivers/STM32F0xx_HAL_Driver/Inc -I../Drivers/STM32F0xx_HAL_Driver/Inc/Legacy -I../Middlewares/Third_Party/FreeRTOS/Source/include -I../Middlewares/Third_Party/FreeRTOS/Source/CMSIS_RTOS -I../Middlewares/Third_Party/FreeRTOS/Source/portable/GCC/ARM_CM0 -I../Drivers/CMSIS/Device/ST/STM32F0xx/Include -I../Drivers/CMSIS/Include -O0 -ffunction-sections -fdata-sections -Wall -fstack-usage -MMD -MP -MF"Drivers/STM32F0xx_HAL_Driver/Src/stm32f0xx_hal_tim.d" -MT"Drivers/STM32F0xx_HAL_Driver/Src/stm32f0xx_hal_tim.o" --specs=nano.specs -mfloat-abi=soft -mthumb -o "Drivers/STM32F0xx_HAL_Driver/Src/stm32f0xx_hal_tim.o"
arm-none-eabi-gcc "../Drivers/STM32F0xx_HAL_Driver/Src/stm32f0xx_hal_tim_ex.c" -mcpu=cortex-m0 -std=gnu11 -g3 -DDEBUG -DUSE_HAL_DRIVER -DSTM32F030x8 -c -I"C:/Users/Lidoma/Desktop/plNIC/KQ130F_STM32F030_modem/lib/Inc" -I../Core/Inc -I/home/lidoma/STM32Cube/Repository/STM32Cube_FW_F0_V1.11.3/Drivers/STM32F0xx_HAL_Driver/Inc -I/home/lidoma/STM32Cube/Repository/STM32Cube_FW_F0_V1.11.3/Drivers/STM32F0xx_HAL_Driver/Inc/Legacy -I/home/lidoma/STM32Cube/Repository/STM32Cube_FW_F0_V1.11.3/Middlewares/Third_Party/FreeRTOS/Source/include -I/home/lidoma/STM32Cube/Repository/STM32Cube_FW_F0_V1.11.3/Middlewares/Third_Party/FreeRTOS/Source/CMSIS_RTOS -I/home/lidoma/STM32Cube/Repository/STM32Cube_FW_F0_V1.11.3/Middlewares/Third_Party/FreeRTOS/Source/portable/GCC/ARM_CM0 -I/home/lidoma/STM32Cube/Repository/STM32Cube_FW_F0_V1.11.3/Drivers/CMSIS/Device/ST/STM32F0xx/Include -I/home/lidoma/STM32Cube/Repository/STM32Cube_FW_F0_V1.11.3/Drivers/CMSIS/Include -I../Drivers/STM32F0xx_HAL_Driver/Inc -I../Drivers/STM32F0xx_HAL_Driver/Inc/Legacy -I../Middlewares/Third_Party/FreeRTOS/Source/include -I../Middlewares/Third_Party/FreeRTOS/Source/CMSIS_RTOS -I../Middlewares/Third_Party/FreeRTOS/Source/portable/GCC/ARM_CM0 -I../Drivers/CMSIS/Device/ST/STM32F0xx/Include -I../Drivers/CMSIS/Include -O0 -ffunction-sections -fdata-sections -Wall -fstack-usage -MMD -MP -MF"Drivers/STM32F0xx_HAL_Driver/Src/stm32f0xx_hal_tim_ex.d" -MT"Drivers/STM32F0xx_HAL_Driver/Src/stm32f0xx_hal_tim_ex.o" --specs=nano.specs -mfloat-abi=soft -mthumb -o "Drivers/STM32F0xx_HAL_Driver/Src/stm32f0xx_hal_tim_ex.o"
arm-none-eabi-gcc "../Drivers/STM32F0xx_HAL_Driver/Src/stm32f0xx_hal_uart.c" -mcpu=cortex-m0 -std=gnu11 -g3 -DDEBUG -DUSE_HAL_DRIVER -DSTM32F030x8 -c -I"C:/Users/Lidoma/Desktop/plNIC/KQ130F_STM32F030_modem/lib/Inc" -I../Core/Inc -I/home/lidoma/STM32Cube/Repository/STM32Cube_FW_F0_V1.11.3/Drivers/STM32F0xx_HAL_Driver/Inc -I/home/lidoma/STM32Cube/Repository/STM32Cube_FW_F0_V1.11.3/Drivers/STM32F0xx_HAL_Driver/Inc/Legacy -I/home/lidoma/STM32Cube/Repository/STM32Cube_FW_F0_V1.11.3/Middlewares/Third_Party/FreeRTOS/Source/include -I/home/lidoma/STM32Cube/Repository/STM32Cube_FW_F0_V1.11.3/Middlewares/Third_Party/FreeRTOS/Source/CMSIS_RTOS -I/home/lidoma/STM32Cube/Repository/STM32Cube_FW_F0_V1.11.3/Middlewares/Third_Party/FreeRTOS/Source/portable/GCC/ARM_CM0 -I/home/lidoma/STM32Cube/Repository/STM32Cube_FW_F0_V1.11.3/Drivers/CMSIS/Device/ST/STM32F0xx/Include -I/home/lidoma/STM32Cube/Repository/STM32Cube_FW_F0_V1.11.3/Drivers/CMSIS/Include -I../Drivers/STM32F0xx_HAL_Driver/Inc -I../Drivers/STM32F0xx_HAL_Driver/Inc/Legacy -I../Middlewares/Third_Party/FreeRTOS/Source/include -I../Middlewares/Third_Party/FreeRTOS/Source/CMSIS_RTOS -I../Middlewares/Third_Party/FreeRTOS/Source/portable/GCC/ARM_CM0 -I../Drivers/CMSIS/Device/ST/STM32F0xx/Include -I../Drivers/CMSIS/Include -O0 -ffunction-sections -fdata-sections -Wall -fstack-usage -MMD -MP -MF"Drivers/STM32F0xx_HAL_Driver/Src/stm32f0xx_hal_uart.d" -MT"Drivers/STM32F0xx_HAL_Driver/Src/stm32f0xx_hal_uart.o" --specs=nano.specs -mfloat-abi=soft -mthumb -o "Drivers/STM32F0xx_HAL_Driver/Src/stm32f0xx_hal_uart.o"
arm-none-eabi-gcc "../Drivers/STM32F0xx_HAL_Driver/Src/stm32f0xx_hal_uart_ex.c" -mcpu=cortex-m0 -std=gnu11 -g3 -DDEBUG -DUSE_HAL_DRIVER -DSTM32F030x8 -c -I"C:/Users/Lidoma/Desktop/plNIC/KQ130F_STM32F030_modem/lib/Inc" -I../Core/Inc -I/home/lidoma/STM32Cube/Repository/STM32Cube_FW_F0_V1.11.3/Drivers/STM32F0xx_HAL_Driver/Inc -I/home/lidoma/STM32Cube/Repository/STM32Cube_FW_F0_V1.11.3/Drivers/STM32F0xx_HAL_Driver/Inc/Legacy -I/home/lidoma/STM32Cube/Repository/STM32Cube_FW_F0_V1.11.3/Middlewares/Third_Party/FreeRTOS/Source/include -I/home/lidoma/STM32Cube/Repository/STM32Cube_FW_F0_V1.11.3/Middlewares/Third_Party/FreeRTOS/Source/CMSIS_RTOS -I/home/lidoma/STM32Cube/Repository/STM32Cube_FW_F0_V1.11.3/Middlewares/Third_Party/FreeRTOS/Source/portable/GCC/ARM_CM0 -I/home/lidoma/STM32Cube/Repository/STM32Cube_FW_F0_V1.11.3/Drivers/CMSIS/Device/ST/STM32F0xx/Include -I/home/lidoma/STM32Cube/Repository/STM32Cube_FW_F0_V1.11.3/Drivers/CMSIS/Include -I../Drivers/STM32F0xx_HAL_Driver/Inc -I../Drivers/STM32F0xx_HAL_Driver/Inc/Legacy -I../Middlewares/Third_Party/FreeRTOS/Source/include -I../Middlewares/Third_Party/FreeRTOS/Source/CMSIS_RTOS -I../Middlewares/Third_Party/FreeRTOS/Source/portable/GCC/ARM_CM0 -I../Drivers/CMSIS/Device/ST/STM32F0xx/Include -I../Drivers/CMSIS/Include -O0 -ffunction-sections -fdata-sections -Wall -fstack-usage -MMD -MP -MF"Drivers/STM32F0xx_HAL_Driver/Src/stm32f0xx_hal_uart_ex.d" -MT"Drivers/STM32F0xx_HAL_Driver/Src/stm32f0xx_hal_uart_ex.o" --specs=nano.specs -mfloat-abi=soft -mthumb -o "Drivers/STM32F0xx_HAL_Driver/Src/stm32f0xx_hal_uart_ex.o"
arm-none-eabi-gcc -mcpu=cortex-m0 -g3 -DDEBUG -c -I"C:/Users/Lidoma/Desktop/plNIC/KQ130F_STM32F030_modem/lib/Inc" -x assembler-with-cpp -MMD -MP -MF"Core/Startup/startup_stm32f030c8tx.d" -MT"Core/Startup/startup_stm32f030c8tx.o" --specs=nano.specs -mfloat-abi=soft -mthumb -o "Core/Startup/startup_stm32f030c8tx.o" "../Core/Startup/startup_stm32f030c8tx.s"
arm-none-eabi-g++ "../Core/Src/AppMain.cpp" -mcpu=cortex-m0 -std=gnu++14 -g3 -DDEBUG -DUSE_HAL_DRIVER -DSTM32F030x8 -c -I"C:/Users/Lidoma/Desktop/plNIC/KQ130F_STM32F030_modem/lib/Inc" -I../Core/Inc -I/home/lidoma/STM32Cube/Repository/STM32Cube_FW_F0_V1.11.3/Drivers/STM32F0xx_HAL_Driver/Inc -I/home/lidoma/STM32Cube/Repository/STM32Cube_FW_F0_V1.11.3/Drivers/STM32F0xx_HAL_Driver/Inc/Legacy -I/home/lidoma/STM32Cube/Repository/STM32Cube_FW_F0_V1.11.3/Middlewares/Third_Party/FreeRTOS/Source/include -I/home/lidoma/STM32Cube/Repository/STM32Cube_FW_F0_V1.11.3/Middlewares/Third_Party/FreeRTOS/Source/CMSIS_RTOS -I/home/lidoma/STM32Cube/Repository/STM32Cube_FW_F0_V1.11.3/Middlewares/Third_Party/FreeRTOS/Source/portable/GCC/ARM_CM0 -I/home/lidoma/STM32Cube/Repository/STM32Cube_FW_F0_V1.11.3/Drivers/CMSIS/Device/ST/STM32F0xx/Include -I/home/lidoma/STM32Cube/Repository/STM32Cube_FW_F0_V1.11.3/Drivers/CMSIS/Include -I../Drivers/STM32F0xx_HAL_Driver/Inc -I../Drivers/STM32F0xx_HAL_Driver/Inc/Legacy -I../Middlewares/Third_Party/FreeRTOS/Source/include -I../Middlewares/Third_Party/FreeRTOS/Source/CMSIS_RTOS -I../Middlewares/Third_Party/FreeRTOS/Source/portable/GCC/ARM_CM0 -I../Drivers/CMSIS/Device/ST/STM32F0xx/Include -I../Drivers/CMSIS/Include -O0 -ffunction-sections -fdata-sections -fno-exceptions -fno-rtti -fno-use-cxa-atexit -Wall -fstack-usage -MMD -MP -MF"Core/Src/AppMain.d" -MT"Core/Src/AppMain.o" --specs=nano.specs -mfloat-abi=soft -mthumb -o "Core/Src/AppMain.o"
arm-none-eabi-gcc "../Core/Src/freertos.c" -mcpu=cortex-m0 -std=gnu11 -g3 -DDEBUG -DUSE_HAL_DRIVER -DSTM32F030x8 -c -I"C:/Users/Lidoma/Desktop/plNIC/KQ130F_STM32F030_modem/lib/Inc" -I../Core/Inc -I/home/lidoma/STM32Cube/Repository/STM32Cube_FW_F0_V1.11.3/Drivers/STM32F0xx_HAL_Driver/Inc -I/home/lidoma/STM32Cube/Repository/STM32Cube_FW_F0_V1.11.3/Drivers/STM32F0xx_HAL_Driver/Inc/Legacy -I/home/lidoma/STM32Cube/Repository/STM32Cube_FW_F0_V1.11.3/Middlewares/Third_Party/FreeRTOS/Source/include -I/home/lidoma/STM32Cube/Repository/STM32Cube_FW_F0_V1.11.3/Middlewares/Third_Party/FreeRTOS/Source/CMSIS_RTOS -I/home/lidoma/STM32Cube/Repository/STM32Cube_FW_F0_V1.11.3/Middlewares/Third_Party/FreeRTOS/Source/portable/GCC/ARM_CM0 -I/home/lidoma/STM32Cube/Repository/STM32Cube_FW_F0_V1.11.3/Drivers/CMSIS/Device/ST/STM32F0xx/Include -I/home/lidoma/STM32Cube/Repository/STM32Cube_FW_F0_V1.11.3/Drivers/CMSIS/Include -I../Drivers/STM32F0xx_HAL_Driver/Inc -I../Drivers/STM32F0xx_HAL_Driver/Inc/Legacy -I../Middlewares/Third_Party/FreeRTOS/Source/include -I../Middlewares/Third_Party/FreeRTOS/Source/CMSIS_RTOS -I../Middlewares/Third_Party/FreeRTOS/Source/portable/GCC/ARM_CM0 -I../Drivers/CMSIS/Device/ST/STM32F0xx/Include -I../Drivers/CMSIS/Include -O0 -ffunction-sections -fdata-sections -Wall -fstack-usage -MMD -MP -MF"Core/Src/freertos.d" -MT"Core/Src/freertos.o" --specs=nano.specs -mfloat-abi=soft -mthumb -o "Core/Src/freertos.o"
arm-none-eabi-g++ "../Core/Src/main.cpp" -mcpu=cortex-m0 -std=gnu++14 -g3 -DDEBUG -DUSE_HAL_DRIVER -DSTM32F030x8 -c -I"C:/Users/Lidoma/Desktop/plNIC/KQ130F_STM32F030_modem/lib/Inc" -I../Core/Inc -I/home/lidoma/STM32Cube/Repository/STM32Cube_FW_F0_V1.11.3/Drivers/STM32F0xx_HAL_Driver/Inc -I/home/lidoma/STM32Cube/Repository/STM32Cube_FW_F0_V1.11.3/Drivers/STM32F0xx_HAL_Driver/Inc/Legacy -I/home/lidoma/STM32Cube/Repository/STM32Cube_FW_F0_V1.11.3/Middlewares/Third_Party/FreeRTOS/Source/include -I/home/lidoma/STM32Cube/Repository/STM32Cube_FW_F0_V1.11.3/Middlewares/Third_Party/FreeRTOS/Source/CMSIS_RTOS -I/home/lidoma/STM32Cube/Repository/STM32Cube_FW_F0_V1.11.3/Middlewares/Third_Party/FreeRTOS/Source/portable/GCC/ARM_CM0 -I/home/lidoma/STM32Cube/Repository/STM32Cube_FW_F0_V1.11.3/Drivers/CMSIS/Device/ST/STM32F0xx/Include -I/home/lidoma/STM32Cube/Repository/STM32Cube_FW_F0_V1.11.3/Drivers/CMSIS/Include -I../Drivers/STM32F0xx_HAL_Driver/Inc -I../Drivers/STM32F0xx_HAL_Driver/Inc/Legacy -I../Middlewares/Third_Party/FreeRTOS/Source/include -I../Middlewares/Third_Party/FreeRTOS/Source/CMSIS_RTOS -I../Middlewares/Third_Party/FreeRTOS/Source/portable/GCC/ARM_CM0 -I../Drivers/CMSIS/Device/ST/STM32F0xx/Include -I../Drivers/CMSIS/Include -O0 -ffunction-sections -fdata-sections -fno-exceptions -fno-rtti -fno-use-cxa-atexit -Wall -fstack-usage -MMD -MP -MF"Core/Src/main.d" -MT"Core/Src/main.o" --specs=nano.specs -mfloat-abi=soft -mthumb -o "Core/Src/main.o"
arm-none-eabi-gcc "../Core/Src/stm32f0xx_hal_msp.c" -mcpu=cortex-m0 -std=gnu11 -g3 -DDEBUG -DUSE_HAL_DRIVER -DSTM32F030x8 -c -I"C:/Users/Lidoma/Desktop/plNIC/KQ130F_STM32F030_modem/lib/Inc" -I../Core/Inc -I/home/lidoma/STM32Cube/Repository/STM32Cube_FW_F0_V1.11.3/Drivers/STM32F0xx_HAL_Driver/Inc -I/home/lidoma/STM32Cube/Repository/STM32Cube_FW_F0_V1.11.3/Drivers/STM32F0xx_HAL_Driver/Inc/Legacy -I/home/lidoma/STM32Cube/Repository/STM32Cube_FW_F0_V1.11.3/Middlewares/Third_Party/FreeRTOS/Source/include -I/home/lidoma/STM32Cube/Repository/STM32Cube_FW_F0_V1.11.3/Middlewares/Third_Party/FreeRTOS/Source/CMSIS_RTOS -I/home/lidoma/STM32Cube/Repository/STM32Cube_FW_F0_V1.11.3/Middlewares/Third_Party/FreeRTOS/Source/portable/GCC/ARM_CM0 -I/home/lidoma/STM32Cube/Repository/STM32Cube_FW_F0_V1.11.3/Drivers/CMSIS/Device/ST/STM32F0xx/Include -I/home/lidoma/STM32Cube/Repository/STM32Cube_FW_F0_V1.11.3/Drivers/CMSIS/Include -I../Drivers/STM32F0xx_HAL_Driver/Inc -I../Drivers/STM32F0xx_HAL_Driver/Inc/Legacy -I../Middlewares/Third_Party/FreeRTOS/Source/include -I../Middlewares/Third_Party/FreeRTOS/Source/CMSIS_RTOS -I../Middlewares/Third_Party/FreeRTOS/Source/portable/GCC/ARM_CM0 -I../Drivers/CMSIS/Device/ST/STM32F0xx/Include -I../Drivers/CMSIS/Include -O0 -ffunction-sections -fdata-sections -Wall -fstack-usage -MMD -MP -MF"Core/Src/stm32f0xx_hal_msp.d" -MT"Core/Src/stm32f0xx_hal_msp.o" --specs=nano.specs -mfloat-abi=soft -mthumb -o "Core/Src/stm32f0xx_hal_msp.o"
In file included from ../Core/Inc/AppMain.hpp:11,
                 from ../Core/Src/AppMain.cpp:3:
C:/Users/Lidoma/Desktop/plNIC/KQ130F_STM32F030_modem/lib/Inc/PLModem.hpp: In member function 'bool PLM::PLModem<N>::_sendBasic(const uint8_t*, uint8_t)':
C:/Users/Lidoma/Desktop/plNIC/KQ130F_STM32F030_modem/lib/Inc/PLModem.hpp:150:17: error: 'plain' was not declared in this scope
  150 |    _enc.encrypt(plain, pLen, enc, eLen)
      |                 ^~~~~
C:/Users/Lidoma/Desktop/plNIC/KQ130F_STM32F030_modem/lib/Inc/PLModem.hpp:150:24: error: 'pLen' was not declared in this scope
  150 |    _enc.encrypt(plain, pLen, enc, eLen)
      |                        ^~~~
C:/Users/Lidoma/Desktop/plNIC/KQ130F_STM32F030_modem/lib/Inc/PLModem.hpp:150:30: error: 'enc' was not declared in this scope; did you mean '_enc'?
  150 |    _enc.encrypt(plain, pLen, enc, eLen)
      |                              ^~~
      |                              _enc
C:/Users/Lidoma/Desktop/plNIC/KQ130F_STM32F030_modem/lib/Inc/PLModem.hpp:150:35: error: 'eLen' was not declared in this scope
  150 |    _enc.encrypt(plain, pLen, enc, eLen)
      |                                   ^~~~
C:/Users/Lidoma/Desktop/plNIC/KQ130F_STM32F030_modem/lib/Inc/PLModem.hpp: In member function 'void PLM::PLModem<N>::handle(const void*)':
C:/Users/Lidoma/Desktop/plNIC/KQ130F_STM32F030_modem/lib/Inc/PLModem.hpp:203:17: error: 'buf' was not declared in this scope
  203 |      _sendBasic(buf, (uint8_t)len); // TODO here we cast to uint8_t but it might be bigger
      |                 ^~~
C:/Users/Lidoma/Desktop/plNIC/KQ130F_STM32F030_modem/lib/Inc/PLModem.hpp:203:31: error: 'len' was not declared in this scope
  203 |      _sendBasic(buf, (uint8_t)len); // TODO here we cast to uint8_t but it might be bigger
      |                               ^~~
C:/Users/Lidoma/Desktop/plNIC/KQ130F_STM32F030_modem/lib/Inc/PLModem.hpp: In instantiation of 'void PLM::PLModem<N>::handle(const void*) [with unsigned int N = 1024]':
../Core/Src/AppMain.cpp:34:22:   required from here
C:/Users/Lidoma/Desktop/plNIC/KQ130F_STM32F030_modem/lib/Inc/PLModem.hpp:191:12: warning: unused variable 'nextTXCheckIdx' [-Wunused-variable]
  191 |    uint8_t nextTXCheckIdx = 0; // Checks msgs in the buffer and if it was tx then if retry == 0 sends it, else
      |            ^~~~~~~~~~~~~~
make: *** [Core/Src/subdir.mk:49: Core/Src/AppMain.o] Error 1
make: *** Waiting for unfinished jobs....
In file included from ../Core/Inc/AppMain.hpp:11,
                 from ../Core/Src/main.cpp:25:
C:/Users/Lidoma/Desktop/plNIC/KQ130F_STM32F030_modem/lib/Inc/PLModem.hpp: In member function 'bool PLM::PLModem<N>::_sendBasic(const uint8_t*, uint8_t)':
C:/Users/Lidoma/Desktop/plNIC/KQ130F_STM32F030_modem/lib/Inc/PLModem.hpp:150:17: error: 'plain' was not declared in this scope
  150 |    _enc.encrypt(plain, pLen, enc, eLen)
      |                 ^~~~~
C:/Users/Lidoma/Desktop/plNIC/KQ130F_STM32F030_modem/lib/Inc/PLModem.hpp:150:24: error: 'pLen' was not declared in this scope
  150 |    _enc.encrypt(plain, pLen, enc, eLen)
      |                        ^~~~
C:/Users/Lidoma/Desktop/plNIC/KQ130F_STM32F030_modem/lib/Inc/PLModem.hpp:150:30: error: 'enc' was not declared in this scope; did you mean '_enc'?
  150 |    _enc.encrypt(plain, pLen, enc, eLen)
      |                              ^~~
      |                              _enc
C:/Users/Lidoma/Desktop/plNIC/KQ130F_STM32F030_modem/lib/Inc/PLModem.hpp:150:35: error: 'eLen' was not declared in this scope
  150 |    _enc.encrypt(plain, pLen, enc, eLen)
      |                                   ^~~~
C:/Users/Lidoma/Desktop/plNIC/KQ130F_STM32F030_modem/lib/Inc/PLModem.hpp: In member function 'void PLM::PLModem<N>::handle(const void*)':
C:/Users/Lidoma/Desktop/plNIC/KQ130F_STM32F030_modem/lib/Inc/PLModem.hpp:203:17: error: 'buf' was not declared in this scope
  203 |      _sendBasic(buf, (uint8_t)len); // TODO here we cast to uint8_t but it might be bigger
      |                 ^~~
C:/Users/Lidoma/Desktop/plNIC/KQ130F_STM32F030_modem/lib/Inc/PLModem.hpp:203:31: error: 'len' was not declared in this scope
  203 |      _sendBasic(buf, (uint8_t)len); // TODO here we cast to uint8_t but it might be bigger
      |                               ^~~
In file included from ../Core/Src/main.cpp:21:
../Core/Src/main.cpp: In function 'int main()':
../Core/Src/main.cpp:152:120: warning: ISO C++ forbids converting a string constant to 'char*' [-Wwrite-strings]
  152 |   osThreadStaticDef(defaultTask, StartDefaultTask, osPriorityNormal, 0, 64, defaultTaskBuffer, &defaultTaskControlBlock);
      |                                                                                                                        ^
../Middlewares/Third_Party/FreeRTOS/Source/CMSIS_RTOS/cmsis_os.h:420:4: note: in definition of macro 'osThreadStaticDef'
  420 | { #name, (thread), (priority), (instances), (stacksz), (buffer), (control) }
      |    ^~~~
../Core/Src/main.cpp:156:142: warning: ISO C++ forbids converting a string constant to 'char*' [-Wwrite-strings]
  156 |   osThreadStaticDef(plNICHandleTask, StartplNICHandleTask, osPriorityAboveNormal, 0, 256, plNICHandleTaskBuffer, &plNICHandleTaskControlBlock);
      |                                                                                                                                              ^
../Middlewares/Third_Party/FreeRTOS/Source/CMSIS_RTOS/cmsis_os.h:420:4: note: in definition of macro 'osThreadStaticDef'
  420 | { #name, (thread), (priority), (instances), (stacksz), (buffer), (control) }
      |    ^~~~
../Core/Src/main.cpp:160:123: warning: ISO C++ forbids converting a string constant to 'char*' [-Wwrite-strings]
  160 |   osThreadStaticDef(testCaseTask, StartTestCaseTask, osPriorityIdle, 0, 256, testCaseTaskBuffer, &testCaseTaskControlBlock);
      |                                                                                                                           ^
../Middlewares/Third_Party/FreeRTOS/Source/CMSIS_RTOS/cmsis_os.h:420:4: note: in definition of macro 'osThreadStaticDef'
  420 | { #name, (thread), (priority), (instances), (stacksz), (buffer), (control) }
      |    ^~~~
make: *** [Core/Src/subdir.mk:49: Core/Src/main.o] Error 1
"make -j4 all" terminated with exit code 2. Build might be incomplete.
??:??:?? **** Build of configuration Debug for project KQ130F_STM32F030_modem ****
make -j4 all 
arm-none-eabi-g++ "../Core/Src/AppMain.cpp" -mcpu=cortex-m0 -std=gnu++14 -g3 -DDEBUG -DUSE_HAL_DRIVER -DSTM32F030x8 -c -I"C:/Users/Lidoma/Desktop/plNIC/KQ130F_STM32F030_modem/lib/Inc" -I../Core/Inc -I/home/lidoma/STM32Cube/Repository/STM32Cube_FW_F0_V1.11.3/Drivers/STM32F0xx_HAL_Driver/Inc -I/home/lidoma/STM32Cube/Repository/STM32Cube_FW_F0_V1.11.3/Drivers/STM32F0xx_HAL_Driver/Inc/Legacy -I/home/lidoma/STM32Cube/Repository/STM32Cube_FW_F0_V1.11.3/Middlewares/Third_Party/FreeRTOS/Source/include -I/home/lidoma/STM32Cube/Repository/STM32Cube_FW_F0_V1.11.3/Middlewares/Third_Party/FreeRTOS/Source/CMSIS_RTOS -I/home/lidoma/STM32Cube/Repository/STM32Cube_FW_F0_V1.11.3/Middlewares/Third_Party/FreeRTOS/Source/portable/GCC/ARM_CM0 -I/home/lidoma/STM32Cube/Repository/STM32Cube_FW_F0_V1.11.3/Drivers/CMSIS/Device/ST/STM32F0xx/Include -I/home/lidoma/STM32Cube/Repository/STM32Cube_FW_F0_V1.11.3/Drivers/CMSIS/Include -I../Drivers/STM32F0xx_HAL_Driver/Inc -I../Drivers/STM32F0xx_HAL_Driver/Inc/Legacy -I../Middlewares/Third_Party/FreeRTOS/Source/include -I../Middlewares/Third_Party/FreeRTOS/Source/CMSIS_RTOS -I../Middlewares/Third_Party/FreeRTOS/Source/portable/GCC/ARM_CM0 -I../Drivers/CMSIS/Device/ST/STM32F0xx/Include -I../Drivers/CMSIS/Include -O0 -ffunction-sections -fdata-sections -fno-exceptions -fno-rtti -fno-use-cxa-atexit -Wall -fstack-usage -MMD -MP -MF"Core/Src/AppMain.d" -MT"Core/Src/AppMain.o" --specs=nano.specs -mfloat-abi=soft -mthumb -o "Core/Src/AppMain.o"
arm-none-eabi-g++ "../Core/Src/main.cpp" -mcpu=cortex-m0 -std=gnu++14 -g3 -DDEBUG -DUSE_HAL_DRIVER -DSTM32F030x8 -c -I"C:/Users/Lidoma/Desktop/plNIC/KQ130F_STM32F030_modem/lib/Inc" -I../Core/Inc -I/home/lidoma/STM32Cube/Repository/STM32Cube_FW_F0_V1.11.3/Drivers/STM32F0xx_HAL_Driver/Inc -I/home/lidoma/STM32Cube/Repository/STM32Cube_FW_F0_V1.11.3/Drivers/STM32F0xx_HAL_Driver/Inc/Legacy -I/home/lidoma/STM32Cube/Repository/STM32Cube_FW_F0_V1.11.3/Middlewares/Third_Party/FreeRTOS/Source/include -I/home/lidoma/STM32Cube/Repository/STM32Cube_FW_F0_V1.11.3/Middlewares/Third_Party/FreeRTOS/Source/CMSIS_RTOS -I/home/lidoma/STM32Cube/Repository/STM32Cube_FW_F0_V1.11.3/Middlewares/Third_Party/FreeRTOS/Source/portable/GCC/ARM_CM0 -I/home/lidoma/STM32Cube/Repository/STM32Cube_FW_F0_V1.11.3/Drivers/CMSIS/Device/ST/STM32F0xx/Include -I/home/lidoma/STM32Cube/Repository/STM32Cube_FW_F0_V1.11.3/Drivers/CMSIS/Include -I../Drivers/STM32F0xx_HAL_Driver/Inc -I../Drivers/STM32F0xx_HAL_Driver/Inc/Legacy -I../Middlewares/Third_Party/FreeRTOS/Source/include -I../Middlewares/Third_Party/FreeRTOS/Source/CMSIS_RTOS -I../Middlewares/Third_Party/FreeRTOS/Source/portable/GCC/ARM_CM0 -I../Drivers/CMSIS/Device/ST/STM32F0xx/Include -I../Drivers/CMSIS/Include -O0 -ffunction-sections -fdata-sections -fno-exceptions -fno-rtti -fno-use-cxa-atexit -Wall -fstack-usage -MMD -MP -MF"Core/Src/main.d" -MT"Core/Src/main.o" --specs=nano.specs -mfloat-abi=soft -mthumb -o "Core/Src/main.o"
arm-none-eabi-gcc "../Core/Src/stm32f0xx_hal_timebase_tim.c" -mcpu=cortex-m0 -std=gnu11 -g3 -DDEBUG -DUSE_HAL_DRIVER -DSTM32F030x8 -c -I"C:/Users/Lidoma/Desktop/plNIC/KQ130F_STM32F030_modem/lib/Inc" -I../Core/Inc -I/home/lidoma/STM32Cube/Repository/STM32Cube_FW_F0_V1.11.3/Drivers/STM32F0xx_HAL_Driver/Inc -I/home/lidoma/STM32Cube/Repository/STM32Cube_FW_F0_V1.11.3/Drivers/STM32F0xx_HAL_Driver/Inc/Legacy -I/home/lidoma/STM32Cube/Repository/STM32Cube_FW_F0_V1.11.3/Middlewares/Third_Party/FreeRTOS/Source/include -I/home/lidoma/STM32Cube/Repository/STM32Cube_FW_F0_V1.11.3/Middlewares/Third_Party/FreeRTOS/Source/CMSIS_RTOS -I/home/lidoma/STM32Cube/Repository/STM32Cube_FW_F0_V1.11.3/Middlewares/Third_Party/FreeRTOS/Source/portable/GCC/ARM_CM0 -I/home/lidoma/STM32Cube/Repository/STM32Cube_FW_F0_V1.11.3/Drivers/CMSIS/Device/ST/STM32F0xx/Include -I/home/lidoma/STM32Cube/Repository/STM32Cube_FW_F0_V1.11.3/Drivers/CMSIS/Include -I../Drivers/STM32F0xx_HAL_Driver/Inc -I../Drivers/STM32F0xx_HAL_Driver/Inc/Legacy -I../Middlewares/Third_Party/FreeRTOS/Source/include -I../Middlewares/Third_Party/FreeRTOS/Source/CMSIS_RTOS -I../Middlewares/Third_Party/FreeRTOS/Source/portable/GCC/ARM_CM0 -I../Drivers/CMSIS/Device/ST/STM32F0xx/Include -I../Drivers/CMSIS/Include -O0 -ffunction-sections -fdata-sections -Wall -fstack-usage -MMD -MP -MF"Core/Src/stm32f0xx_hal_timebase_tim.d" -MT"Core/Src/stm32f0xx_hal_timebase_tim.o" --specs=nano.specs -mfloat-abi=soft -mthumb -o "Core/Src/stm32f0xx_hal_timebase_tim.o"
arm-none-eabi-gcc "../Core/Src/stm32f0xx_it.c" -mcpu=cortex-m0 -std=gnu11 -g3 -DDEBUG -DUSE_HAL_DRIVER -DSTM32F030x8 -c -I"C:/Users/Lidoma/Desktop/plNIC/KQ130F_STM32F030_modem/lib/Inc" -I../Core/Inc -I/home/lidoma/STM32Cube/Repository/STM32Cube_FW_F0_V1.11.3/Drivers/STM32F0xx_HAL_Driver/Inc -I/home/lidoma/STM32Cube/Repository/STM32Cube_FW_F0_V1.11.3/Drivers/STM32F0xx_HAL_Driver/Inc/Legacy -I/home/lidoma/STM32Cube/Repository/STM32Cube_FW_F0_V1.11.3/Middlewares/Third_Party/FreeRTOS/Source/include -I/home/lidoma/STM32Cube/Repository/STM32Cube_FW_F0_V1.11.3/Middlewares/Third_Party/FreeRTOS/Source/CMSIS_RTOS -I/home/lidoma/STM32Cube/Repository/STM32Cube_FW_F0_V1.11.3/Middlewares/Third_Party/FreeRTOS/Source/portable/GCC/ARM_CM0 -I/home/lidoma/STM32Cube/Repository/STM32Cube_FW_F0_V1.11.3/Drivers/CMSIS/Device/ST/STM32F0xx/Include -I/home/lidoma/STM32Cube/Repository/STM32Cube_FW_F0_V1.11.3/Drivers/CMSIS/Include -I../Drivers/STM32F0xx_HAL_Driver/Inc -I../Drivers/STM32F0xx_HAL_Driver/Inc/Legacy -I../Middlewares/Third_Party/FreeRTOS/Source/include -I../Middlewares/Third_Party/FreeRTOS/Source/CMSIS_RTOS -I../Middlewares/Third_Party/FreeRTOS/Source/portable/GCC/ARM_CM0 -I../Drivers/CMSIS/Device/ST/STM32F0xx/Include -I../Drivers/CMSIS/Include -O0 -ffunction-sections -fdata-sections -Wall -fstack-usage -MMD -MP -MF"Core/Src/stm32f0xx_it.d" -MT"Core/Src/stm32f0xx_it.o" --specs=nano.specs -mfloat-abi=soft -mthumb -o "Core/Src/stm32f0xx_it.o"
In file included from ../Core/Inc/AppMain.hpp:11,
                 from ../Core/Src/AppMain.cpp:3:
C:/Users/Lidoma/Desktop/plNIC/KQ130F_STM32F030_modem/lib/Inc/PLModem.hpp: In instantiation of 'void PLM::PLModem<N>::handle(const void*) [with unsigned int N = 1024]':
../Core/Src/AppMain.cpp:34:22:   required from here
C:/Users/Lidoma/Desktop/plNIC/KQ130F_STM32F030_modem/lib/Inc/PLModem.hpp:191:12: warning: unused variable 'nextTXCheckIdx' [-Wunused-variable]
  191 |    uint8_t nextTXCheckIdx = 0; // Checks msgs in the buffer and if it was tx then if retry == 0 sends it, else
      |            ^~~~~~~~~~~~~~
In file included from ../Core/Src/main.cpp:21:
../Core/Src/main.cpp: In function 'int main()':
../Core/Src/main.cpp:152:120: warning: ISO C++ forbids converting a string constant to 'char*' [-Wwrite-strings]
  152 |   osThreadStaticDef(defaultTask, StartDefaultTask, osPriorityNormal, 0, 64, defaultTaskBuffer, &defaultTaskControlBlock);
      |                                                                                                                        ^
../Middlewares/Third_Party/FreeRTOS/Source/CMSIS_RTOS/cmsis_os.h:420:4: note: in definition of macro 'osThreadStaticDef'
  420 | { #name, (thread), (priority), (instances), (stacksz), (buffer), (control) }
      |    ^~~~
../Core/Src/main.cpp:156:142: warning: ISO C++ forbids converting a string constant to 'char*' [-Wwrite-strings]
  156 |   osThreadStaticDef(plNICHandleTask, StartplNICHandleTask, osPriorityAboveNormal, 0, 256, plNICHandleTaskBuffer, &plNICHandleTaskControlBlock);
      |                                                                                                                                              ^
../Middlewares/Third_Party/FreeRTOS/Source/CMSIS_RTOS/cmsis_os.h:420:4: note: in definition of macro 'osThreadStaticDef'
  420 | { #name, (thread), (priority), (instances), (stacksz), (buffer), (control) }
      |    ^~~~
../Core/Src/main.cpp:160:123: warning: ISO C++ forbids converting a string constant to 'char*' [-Wwrite-strings]
  160 |   osThreadStaticDef(testCaseTask, StartTestCaseTask, osPriorityIdle, 0, 256, testCaseTaskBuffer, &testCaseTaskControlBlock);
      |                                                                                                                           ^
../Middlewares/Third_Party/FreeRTOS/Source/CMSIS_RTOS/cmsis_os.h:420:4: note: in definition of macro 'osThreadStaticDef'
  420 | { #name, (thread), (priority), (instances), (stacksz), (buffer), (control) }
      |    ^~~~
[...]
../Core/Src/main.c: In function 'handleTransmission':
../Core/Src/main.c:100:6: error: 'rxbfr' undeclared (first use in this function); did you mean 'bfr'?
  100 |  if (rxbfr->bf[rxbfr->datStart] == 0xCD && (bfr->datEnd - bfr->datStart) > 1) // No byte stuffings yet
      |      ^~~~~
      |      bfr
../Core/Src/main.c:100:6: note: each undeclared identifier is reported only once for each function it appears in
make: *** [Core/Src/subdir.mk:37: Core/Src/main.o] Error 1
"make -j4 all" terminated with exit code 2. Build might be incomplete.
13:05:28 **** Incremental Build of configuration Debug for project KQ130F_STM32F030_modem ****
make -j4 all 
arm-none-eabi-gcc "../Core/Src/main.c" -mcpu=cortex-m0 -std=gnu11 -g3 -DDEBUG -DUSE_HAL_DRIVER -DSTM32F030x8 -c -I"C:/Users/Lidoma/Desktop/plNIC/KQ130F_STM32F030_modem/lib/Inc" -I../Core/Inc -I/home/lidoma/STM32Cube/Repository/STM32Cube_FW_F0_V1.11.3/Drivers/STM32F0xx_HAL_Driver/Inc -I/home/lidoma/STM32Cube/Repository/STM32Cube_FW_F0_V1.11.3/Drivers/STM32F0xx_HAL_Driver/Inc/Legacy -I/home/lidoma/STM32Cube/Repository/STM32Cube_FW_F0_V1.11.3/Middlewares/Third_Party/FreeRTOS/Source/include -I/home/lidoma/STM32Cube/Repository/STM32Cube_FW_F0_V1.11.3/Middlewares/Third_Party/FreeRTOS/Source/CMSIS_RTOS -I/home/lidoma/STM32Cube/Repository/STM32Cube_FW_F0_V1.11.3/Middlewares/Third_Party/FreeRTOS/Source/portable/GCC/ARM_CM0 -I/home/lidoma/STM32Cube/Repository/STM32Cube_FW_F0_V1.11.3/Drivers/CMSIS/Device/ST/STM32F0xx/Include -I/home/lidoma/STM32Cube/Repository/STM32Cube_FW_F0_V1.11.3/Drivers/CMSIS/Include -I../Drivers/STM32F0xx_HAL_Driver/Inc -I../Drivers/STM32F0xx_HAL_Driver/Inc/Legacy -I../Drivers/CMSIS/Device/ST/STM32F0xx/Include -I../Drivers/CMSIS/Include -O0 -ffunction-sections -fdata-sections -Wall -fstack-usage -MMD -MP -MF"Core/Src/main.d" -MT"Core/Src/main.o" --specs=nano.specs -mfloat-abi=soft -mthumb -o "Core/Src/main.o"
arm-none-eabi-g++ -o "KQ130F_STM32F030_modem.elf" @"objects.list"   -mcpu=cortex-m0 -T"C:\Users\Lidoma\Desktop\plNIC\KQ130F_STM32F030_modem\STM32F030C8TX_FLASH.ld" --specs=nosys.specs -Wl,-Map="KQ130F_STM32F030_modem.map" -Wl,--gc-sections -static --specs=nano.specs -mfloat-abi=soft -mthumb -Wl,--start-group -lc -lm -lstdc++ -lsupc++ -Wl,--end-group
Finished building target: KQ130F_STM32F030_modem.elf
 
arm-none-eabi-size   KQ130F_STM32F030_modem.elf 
arm-none-eabi-objdump -h -S  KQ130F_STM32F030_modem.elf  > "KQ130F_STM32F030_modem.list"
   text	   data	    bss	    dec	    hex	filename
  13908	     20	   5524	  19452	   4bfc	KQ130F_STM32F030_modem.elf
Finished building: default.size.stdout
 
Finished building: KQ130F_STM32F030_modem.list
 
13:06:38 **** Incremental Build of configuration Debug for project KQ130F_STM32F030_modem ****
make -j4 all 
arm-none-eabi-gcc "../Core/Src/main.c" -mcpu=cortex-m0 -std=gnu11 -g3 -DDEBUG -DUSE_HAL_DRIVER -DSTM32F030x8 -c -I"C:/Users/Lidoma/Desktop/plNIC/KQ130F_STM32F030_modem/lib/Inc" -I../Core/Inc -I/home/lidoma/STM32Cube/Repository/STM32Cube_FW_F0_V1.11.3/Drivers/STM32F0xx_HAL_Driver/Inc -I/home/lidoma/STM32Cube/Repository/STM32Cube_FW_F0_V1.11.3/Drivers/STM32F0xx_HAL_Driver/Inc/Legacy -I/home/lidoma/STM32Cube/Repository/STM32Cube_FW_F0_V1.11.3/Middlewares/Third_Party/FreeRTOS/Source/include -I/home/lidoma/STM32Cube/Repository/STM32Cube_FW_F0_V1.11.3/Middlewares/Third_Party/FreeRTOS/Source/CMSIS_RTOS -I/home/lidoma/STM32Cube/Repository/STM32Cube_FW_F0_V1.11.3/Middlewares/Third_Party/FreeRTOS/Source/portable/GCC/ARM_CM0 -I/home/lidoma/STM32Cube/Repository/STM32Cube_FW_F0_V1.11.3/Drivers/CMSIS/Device/ST/STM32F0xx/Include -I/home/lidoma/STM32Cube/Repository/STM32Cube_FW_F0_V1.11.3/Drivers/CMSIS/Include -I../Drivers/STM32F0xx_HAL_Driver/Inc -I../Drivers/STM32F0xx_HAL_Driver/Inc/Legacy -I../Drivers/CMSIS/Device/ST/STM32F0xx/Include -I../Drivers/CMSIS/Include -O0 -ffunction-sections -fdata-sections -Wall -fstack-usage -MMD -MP -MF"Core/Src/main.d" -MT"Core/Src/main.o" --specs=nano.specs -mfloat-abi=soft -mthumb -o "Core/Src/main.o"
arm-none-eabi-g++ -o "KQ130F_STM32F030_modem.elf" @"objects.list"   -mcpu=cortex-m0 -T"C:\Users\Lidoma\Desktop\plNIC\KQ130F_STM32F030_modem\STM32F030C8TX_FLASH.ld" --specs=nosys.specs -Wl,-Map="KQ130F_STM32F030_modem.map" -Wl,--gc-sections -static --specs=nano.specs -mfloat-abi=soft -mthumb -Wl,--start-group -lc -lm -lstdc++ -lsupc++ -Wl,--end-group
Finished building target: KQ130F_STM32F030_modem.elf
 
arm-none-eabi-size   KQ130F_STM32F030_modem.elf 
arm-none-eabi-objdump -h -S  KQ130F_STM32F030_modem.elf  > "KQ130F_STM32F030_modem.list"
   text	   data	    bss	    dec	    hex	filename
  13912	     20	   5524	  19456	   4c00	KQ130F_STM32F030_modem.elf
Finished building: default.size.stdout
 
Finished building: KQ130F_STM32F030_modem.list
 
14:52:15 **** Incremental Build of configuration Debug for project KQ130F_STM32F030_modem ****
make -j4 all 
arm-none-eabi-gcc "../Core/Src/main.c" -mcpu=cortex-m0 -std=gnu11 -g3 -DDEBUG -DUSE_HAL_DRIVER -DSTM32F030x8 -c -I"C:/Users/Lidoma/Desktop/plNIC/KQ130F_STM32F030_modem/lib/Inc" -I../Core/Inc -I/home/lidoma/STM32Cube/Repository/STM32Cube_FW_F0_V1.11.3/Drivers/STM32F0xx_HAL_Driver/Inc -I/home/lidoma/STM32Cube/Repository/STM32Cube_FW_F0_V1.11.3/Drivers/STM32F0xx_HAL_Driver/Inc/Legacy -I/home/lidoma/STM32Cube/Repository/STM32Cube_FW_F0_V1.11.3/Middlewares/Third_Party/FreeRTOS/Source/include -I/home/lidoma/STM32Cube/Repository/STM32Cube_FW_F0_V1.11.3/Middlewares/Third_Party/FreeRTOS/Source/CMSIS_RTOS -I/home/lidoma/STM32Cube/Repository/STM32Cube_FW_F0_V1.11.3/Middlewares/Third_Party/FreeRTOS/Source/portable/GCC/ARM_CM0 -I/home/lidoma/STM32Cube/Repository/STM32Cube_FW_F0_V1.11.3/Drivers/CMSIS/Device/ST/STM32F0xx/Include -I/home/lidoma/STM32Cube/Repository/STM32Cube_FW_F0_V1.11.3/Drivers/CMSIS/Include -I../Drivers/STM32F0xx_HAL_Driver/Inc -I../Drivers/STM32F0xx_HAL_Driver/Inc/Legacy -I../Drivers/CMSIS/Device/ST/STM32F0xx/Include -I../Drivers/CMSIS/Include -O0 -ffunction-sections -fdata-sections -Wall -fstack-usage -MMD -MP -MF"Core/Src/main.d" -MT"Core/Src/main.o" --specs=nano.specs -mfloat-abi=soft -mthumb -o "Core/Src/main.o"
arm-none-eabi-g++ -o "KQ130F_STM32F030_modem.elf" @"objects.list"   -mcpu=cortex-m0 -T"C:\Users\Lidoma\Desktop\plNIC\KQ130F_STM32F030_modem\STM32F030C8TX_FLASH.ld" --specs=nosys.specs -Wl,-Map="KQ130F_STM32F030_modem.map" -Wl,--gc-sections -static --specs=nano.specs -mfloat-abi=soft -mthumb -Wl,--start-group -lc -lm -lstdc++ -lsupc++ -Wl,--end-group
Finished building target: KQ130F_STM32F030_modem.elf
 
arm-none-eabi-size   KQ130F_STM32F030_modem.elf 
arm-none-eabi-objdump -h -S  KQ130F_STM32F030_modem.elf  > "KQ130F_STM32F030_modem.list"
   text	   data	    bss	    dec	    hex	filename
  13912	     20	   5524	  19456	   4c00	KQ130F_STM32F030_modem.elf
Finished building: default.size.stdout
 
Finished building: KQ130F_STM32F030_modem.list
 
14:56:50 **** Incremental Build of configuration Debug for project KQ130F_STM32F030_modem ****
make -j4 all 
arm-none-eabi-gcc "../Core/Src/main.c" -mcpu=cortex-m0 -std=gnu11 -g3 -DDEBUG -DUSE_HAL_DRIVER -DSTM32F030x8 -c -I"C:/Users/Lidoma/Desktop/plNIC/KQ130F_STM32F030_modem/lib/Inc" -I../Core/Inc -I/home/lidoma/STM32Cube/Repository/STM32Cube_FW_F0_V1.11.3/Drivers/STM32F0xx_HAL_Driver/Inc -I/home/lidoma/STM32Cube/Repository/STM32Cube_FW_F0_V1.11.3/Drivers/STM32F0xx_HAL_Driver/Inc/Legacy -I/home/lidoma/STM32Cube/Repository/STM32Cube_FW_F0_V1.11.3/Middlewares/Third_Party/FreeRTOS/Source/include -I/home/lidoma/STM32Cube/Repository/STM32Cube_FW_F0_V1.11.3/Middlewares/Third_Party/FreeRTOS/Source/CMSIS_RTOS -I/home/lidoma/STM32Cube/Repository/STM32Cube_FW_F0_V1.11.3/Middlewares/Third_Party/FreeRTOS/Source/portable/GCC/ARM_CM0 -I/home/lidoma/STM32Cube/Repository/STM32Cube_FW_F0_V1.11.3/Drivers/CMSIS/Device/ST/STM32F0xx/Include -I/home/lidoma/STM32Cube/Repository/STM32Cube_FW_F0_V1.11.3/Drivers/CMSIS/Include -I../Drivers/STM32F0xx_HAL_Driver/Inc -I../Drivers/STM32F0xx_HAL_Driver/Inc/Legacy -I../Drivers/CMSIS/Device/ST/STM32F0xx/Include -I../Drivers/CMSIS/Include -O0 -ffunction-sections -fdata-sections -Wall -fstack-usage -MMD -MP -MF"Core/Src/main.d" -MT"Core/Src/main.o" --specs=nano.specs -mfloat-abi=soft -mthumb -o "Core/Src/main.o"
arm-none-eabi-g++ -o "KQ130F_STM32F030_modem.elf" @"objects.list"   -mcpu=cortex-m0 -T"C:\Users\Lidoma\Desktop\plNIC\KQ130F_STM32F030_modem\STM32F030C8TX_FLASH.ld" --specs=nosys.specs -Wl,-Map="KQ130F_STM32F030_modem.map" -Wl,--gc-sections -static --specs=nano.specs -mfloat-abi=soft -mthumb -Wl,--start-group -lc -lm -lstdc++ -lsupc++ -Wl,--end-group
Finished building target: KQ130F_STM32F030_modem.elf
 
arm-none-eabi-size   KQ130F_STM32F030_modem.elf 
arm-none-eabi-objdump -h -S  KQ130F_STM32F030_modem.elf  > "KQ130F_STM32F030_modem.list"
   text	   data	    bss	    dec	    hex	filename
  13912	     20	   5524	  19456	   4c00	KQ130F_STM32F030_modem.elf
Finished building: default.size.stdout
 
Finished building: KQ130F_STM32F030_modem.list
 
15:14:00 **** Incremental Build of configuration Debug for project KQ130F_STM32F030_modem ****
make -j4 all 
arm-none-eabi-gcc "../Core/Src/main.c" -mcpu=cortex-m0 -std=gnu11 -g3 -DDEBUG -DUSE_HAL_DRIVER -DSTM32F030x8 -c -I"C:/Users/Lidoma/Desktop/plNIC/KQ130F_STM32F030_modem/lib/Inc" -I../Core/Inc -I/home/lidoma/STM32Cube/Repository/STM32Cube_FW_F0_V1.11.3/Drivers/STM32F0xx_HAL_Driver/Inc -I/home/lidoma/STM32Cube/Repository/STM32Cube_FW_F0_V1.11.3/Drivers/STM32F0xx_HAL_Driver/Inc/Legacy -I/home/lidoma/STM32Cube/Repository/STM32Cube_FW_F0_V1.11.3/Middlewares/Third_Party/FreeRTOS/Source/include -I/home/lidoma/STM32Cube/Repository/STM32Cube_FW_F0_V1.11.3/Middlewares/Third_Party/FreeRTOS/Source/CMSIS_RTOS -I/home/lidoma/STM32Cube/Repository/STM32Cube_FW_F0_V1.11.3/Middlewares/Third_Party/FreeRTOS/Source/portable/GCC/ARM_CM0 -I/home/lidoma/STM32Cube/Repository/STM32Cube_FW_F0_V1.11.3/Drivers/CMSIS/Device/ST/STM32F0xx/Include -I/home/lidoma/STM32Cube/Repository/STM32Cube_FW_F0_V1.11.3/Drivers/CMSIS/Include -I../Drivers/STM32F0xx_HAL_Driver/Inc -I../Drivers/STM32F0xx_HAL_Driver/Inc/Legacy -I../Drivers/CMSIS/Device/ST/STM32F0xx/Include -I../Drivers/CMSIS/Include -O0 -ffunction-sections -fdata-sections -Wall -fstack-usage -MMD -MP -MF"Core/Src/main.d" -MT"Core/Src/main.o" --specs=nano.specs -mfloat-abi=soft -mthumb -o "Core/Src/main.o"
arm-none-eabi-g++ -o "KQ130F_STM32F030_modem.elf" @"objects.list"   -mcpu=cortex-m0 -T"C:\Users\Lidoma\Desktop\plNIC\KQ130F_STM32F030_modem\STM32F030C8TX_FLASH.ld" --specs=nosys.specs -Wl,-Map="KQ130F_STM32F030_modem.map" -Wl,--gc-sections -static --specs=nano.specs -mfloat-abi=soft -mthumb -Wl,--start-group -lc -lm -lstdc++ -lsupc++ -Wl,--end-group
Finished building target: KQ130F_STM32F030_modem.elf
 
arm-none-eabi-size   KQ130F_STM32F030_modem.elf 
arm-none-eabi-objdump -h -S  KQ130F_STM32F030_modem.elf  > "KQ130F_STM32F030_modem.list"
   text	   data	    bss	    dec	    hex	filename
  13912	     20	   5524	  19456	   4c00	KQ130F_STM32F030_modem.elf
Finished building: default.size.stdout
 
Finished building: KQ130F_STM32F030_modem.list
 
15:33:29 **** Incremental Build of configuration Debug for project KQ130F_STM32F030_modem ****
make -j4 all 
arm-none-eabi-gcc "../Core/Src/main.c" -mcpu=cortex-m0 -std=gnu11 -g3 -DDEBUG -DUSE_HAL_DRIVER -DSTM32F030x8 -c -I"C:/Users/Lidoma/Desktop/plNIC/KQ130F_STM32F030_modem/lib/Inc" -I../Core/Inc -I/home/lidoma/STM32Cube/Repository/STM32Cube_FW_F0_V1.11.3/Drivers/STM32F0xx_HAL_Driver/Inc -I/home/lidoma/STM32Cube/Repository/STM32Cube_FW_F0_V1.11.3/Drivers/STM32F0xx_HAL_Driver/Inc/Legacy -I/home/lidoma/STM32Cube/Repository/STM32Cube_FW_F0_V1.11.3/Middlewares/Third_Party/FreeRTOS/Source/include -I/home/lidoma/STM32Cube/Repository/STM32Cube_FW_F0_V1.11.3/Middlewares/Third_Party/FreeRTOS/Source/CMSIS_RTOS -I/home/lidoma/STM32Cube/Repository/STM32Cube_FW_F0_V1.11.3/Middlewares/Third_Party/FreeRTOS/Source/portable/GCC/ARM_CM0 -I/home/lidoma/STM32Cube/Repository/STM32Cube_FW_F0_V1.11.3/Drivers/CMSIS/Device/ST/STM32F0xx/Include -I/home/lidoma/STM32Cube/Repository/STM32Cube_FW_F0_V1.11.3/Drivers/CMSIS/Include -I../Drivers/STM32F0xx_HAL_Driver/Inc -I../Drivers/STM32F0xx_HAL_Driver/Inc/Legacy -I../Drivers/CMSIS/Device/ST/STM32F0xx/Include -I../Drivers/CMSIS/Include -O0 -ffunction-sections -fdata-sections -Wall -fstack-usage -MMD -MP -MF"Core/Src/main.d" -MT"Core/Src/main.o" --specs=nano.specs -mfloat-abi=soft -mthumb -o "Core/Src/main.o"
arm-none-eabi-g++ -o "KQ130F_STM32F030_modem.elf" @"objects.list"   -mcpu=cortex-m0 -T"C:\Users\Lidoma\Desktop\plNIC\KQ130F_STM32F030_modem\STM32F030C8TX_FLASH.ld" --specs=nosys.specs -Wl,-Map="KQ130F_STM32F030_modem.map" -Wl,--gc-sections -static --specs=nano.specs -mfloat-abi=soft -mthumb -Wl,--start-group -lc -lm -lstdc++ -lsupc++ -Wl,--end-group
Finished building target: KQ130F_STM32F030_modem.elf
 
arm-none-eabi-size   KQ130F_STM32F030_modem.elf 
arm-none-eabi-objdump -h -S  KQ130F_STM32F030_modem.elf  > "KQ130F_STM32F030_modem.list"
   text	   data	    bss	    dec	    hex	filename
  13912	     20	   5524	  19456	   4c00	KQ130F_STM32F030_modem.elf
Finished building: default.size.stdout
 
Finished building: KQ130F_STM32F030_modem.list
 
??:??:?? **** Incremental Build of configuration Debug for project KQ130F_STM32F030_modem ****
make -j4 all 
arm-none-eabi-gcc "../Core/Src/main.c" -mcpu=cortex-m0 -std=gnu11 -g3 -DDEBUG -DUSE_HAL_DRIVER -DSTM32F030x8 -c -I"C:/Users/Lidoma/Desktop/plNIC/KQ130F_STM32F030_modem/lib/Inc" -I../Core/Inc -I/home/lidoma/STM32Cube/Repository/STM32Cube_FW_F0_V1.11.3/Drivers/STM32F0xx_HAL_Driver/Inc -I/home/lidoma/STM32Cube/Repository/STM32Cube_FW_F0_V1.11.3/Drivers/STM32F0xx_HAL_Driver/Inc/Legacy -I/home/lidoma/STM32Cube/Repository/STM32Cube_FW_F0_V1.11.3/Middlewares/Third_Party/FreeRTOS/Source/include -I/home/lidoma/STM32Cube/Repository/STM32Cube_FW_F0_V1.11.3/Middlewares/Third_Party/FreeRTOS/Source/CMSIS_RTOS -I/home/lidoma/STM32Cube/Repository/STM32Cube_FW_F0_V1.11.3/Middlewares/Third_Party/FreeRTOS/Source/portable/GCC/ARM_CM0 -I/home/lidoma/STM32Cube/Repository/STM32Cube_FW_F0_V1.11.3/Drivers/CMSIS/Device/ST/STM32F0xx/Include -I/home/lidoma/STM32Cube/Repository/STM32Cube_FW_F0_V1.11.3/Drivers/CMSIS/Include -I../Drivers/STM32F0xx_HAL_Driver/Inc -I../Drivers/STM32F0xx_HAL_Driver/Inc/Legacy -I../Drivers/CMSIS/Device/ST/STM32F0xx/Include -I../Drivers/CMSIS/Include -O0 -ffunction-sections -fdata-sections -Wall -fstack-usage -MMD -MP -MF"Core/Src/main.d" -MT"Core/Src/main.o" --specs=nano.specs -mfloat-abi=soft -mthumb -o "Core/Src/main.o"
arm-none-eabi-g++ -o "KQ130F_STM32F030_modem.elf" @"objects.list"   -mcpu=cortex-m0 -T"C:\Users\Lidoma\Desktop\plNIC\KQ130F_STM32F030_modem\STM32F030C8TX_FLASH.ld" --specs=nosys.specs -Wl,-Map="KQ130F_STM32F030_modem.map" -Wl,--gc-sections -static --specs=nano.specs -mfloat-abi=soft -mthumb -Wl,--start-group -lc -lm -lstdc++ -lsupc++ -Wl,--end-group
Finished building target: KQ130F_STM32F030_modem.elf
 
arm-none-eabi-size   KQ130F_STM32F030_modem.elf 
arm-none-eabi-objdump -h -S  KQ130F_STM32F030_modem.elf  > "KQ130F_STM32F030_modem.list"
   text	   data	    bss	    dec	    hex	filename
  13892	     20	   5524	  19436	   4bec	KQ130F_STM32F030_modem.elf
Finished building: default.size.stdout
 
Finished building: KQ130F_STM32F030_modem.list
 
??:??:?? **** Incremental Build of configuration Debug for project KQ130F_STM32F030_modem ****
make -j4 all 
arm-none-eabi-gcc "../Core/Src/main.c" -mcpu=cortex-m0 -std=gnu11 -g3 -DDEBUG -DUSE_HAL_DRIVER -DSTM32F030x8 -c -I"C:/Users/Lidoma/Desktop/plNIC/KQ130F_STM32F030_modem/lib/Inc" -I../Core/Inc -I/home/lidoma/STM32Cube/Repository/STM32Cube_FW_F0_V1.11.3/Drivers/STM32F0xx_HAL_Driver/Inc -I/home/lidoma/STM32Cube/Repository/STM32Cube_FW_F0_V1.11.3/Drivers/STM32F0xx_HAL_Driver/Inc/Legacy -I/home/lidoma/STM32Cube/Repository/STM32Cube_FW_F0_V1.11.3/Middlewares/Third_Party/FreeRTOS/Source/include -I/home/lidoma/STM32Cube/Repository/STM32Cube_FW_F0_V1.11.3/Middlewares/Third_Party/FreeRTOS/Source/CMSIS_RTOS -I/home/lidoma/STM32Cube/Repository/STM32Cube_FW_F0_V1.11.3/Middlewares/Third_Party/FreeRTOS/Source/portable/GCC/ARM_CM0 -I/home/lidoma/STM32Cube/Repository/STM32Cube_FW_F0_V1.11.3/Drivers/CMSIS/Device/ST/STM32F0xx/Include -I/home/lidoma/STM32Cube/Repository/STM32Cube_FW_F0_V1.11.3/Drivers/CMSIS/Include -I../Drivers/STM32F0xx_HAL_Driver/Inc -I../Drivers/STM32F0xx_HAL_Driver/Inc/Legacy -I../Drivers/CMSIS/Device/ST/STM32F0xx/Include -I../Drivers/CMSIS/Include -O0 -ffunction-sections -fdata-sections -Wall -fstack-usage -MMD -MP -MF"Core/Src/main.d" -MT"Core/Src/main.o" --specs=nano.specs -mfloat-abi=soft -mthumb -o "Core/Src/main.o"
arm-none-eabi-g++ -o "KQ130F_STM32F030_modem.elf" @"objects.list"   -mcpu=cortex-m0 -T"C:\Users\Lidoma\Desktop\plNIC\KQ130F_STM32F030_modem\STM32F030C8TX_FLASH.ld" --specs=nosys.specs -Wl,-Map="KQ130F_STM32F030_modem.map" -Wl,--gc-sections -static --specs=nano.specs -mfloat-abi=soft -mthumb -Wl,--start-group -lc -lm -lstdc++ -lsupc++ -Wl,--end-group
Finished building target: KQ130F_STM32F030_modem.elf
 
arm-none-eabi-size   KQ130F_STM32F030_modem.elf 
arm-none-eabi-objdump -h -S  KQ130F_STM32F030_modem.elf  > "KQ130F_STM32F030_modem.list"
   text	   data	    bss	    dec	    hex	filename
  13892	     20	   5524	  19436	   4bec	KQ130F_STM32F030_modem.elf
Finished building: default.size.stdout
 
Finished building: KQ130F_STM32F030_modem.list
 
??:??:?? **** Incremental Build of configuration Debug for project KQ130F_STM32F030_modem ****
make -j4 all 
arm-none-eabi-gcc "../Core/Src/main.c" -mcpu=cortex-m0 -std=gnu11 -g3 -DDEBUG -DUSE_HAL_DRIVER -DSTM32F030x8 -c -I"C:/Users/Lidoma/Desktop/plNIC/KQ130F_STM32F030_modem/lib/Inc" -I../Core/Inc -I/home/lidoma/STM32Cube/Repository/STM32Cube_FW_F0_V1.11.3/Drivers/STM32F0xx_HAL_Driver/Inc -I/home/lidoma/STM32Cube/Repository/STM32Cube_FW_F0_V1.11.3/Drivers/STM32F0xx_HAL_Driver/Inc/Legacy -I/home/lidoma/STM32Cube/Repository/STM32Cube_FW_F0_V1.11.3/Middlewares/Third_Party/FreeRTOS/Source/include -I/home/lidoma/STM32Cube/Repository/STM32Cube_FW_F0_V1.11.3/Middlewares/Third_Party/FreeRTOS/Source/CMSIS_RTOS -I/home/lidoma/STM32Cube/Repository/STM32Cube_FW_F0_V1.11.3/Middlewares/Third_Party/FreeRTOS/Source/portable/GCC/ARM_CM0 -I/home/lidoma/STM32Cube/Repository/STM32Cube_FW_F0_V1.11.3/Drivers/CMSIS/Device/ST/STM32F0xx/Include -I/home/lidoma/STM32Cube/Repository/STM32Cube_FW_F0_V1.11.3/Drivers/CMSIS/Include -I../Drivers/STM32F0xx_HAL_Driver/Inc -I../Drivers/STM32F0xx_HAL_Driver/Inc/Legacy -I../Drivers/CMSIS/Device/ST/STM32F0xx/Include -I../Drivers/CMSIS/Include -O0 -ffunction-sections -fdata-sections -Wall -fstack-usage -MMD -MP -MF"Core/Src/main.d" -MT"Core/Src/main.o" --specs=nano.specs -mfloat-abi=soft -mthumb -o "Core/Src/main.o"
arm-none-eabi-g++ -o "KQ130F_STM32F030_modem.elf" @"objects.list"   -mcpu=cortex-m0 -T"C:\Users\Lidoma\Desktop\plNIC\KQ130F_STM32F030_modem\STM32F030C8TX_FLASH.ld" --specs=nosys.specs -Wl,-Map="KQ130F_STM32F030_modem.map" -Wl,--gc-sections -static --specs=nano.specs -mfloat-abi=soft -mthumb -Wl,--start-group -lc -lm -lstdc++ -lsupc++ -Wl,--end-group
Finished building target: KQ130F_STM32F030_modem.elf
 
arm-none-eabi-size   KQ130F_STM32F030_modem.elf 
arm-none-eabi-objdump -h -S  KQ130F_STM32F030_modem.elf  > "KQ130F_STM32F030_modem.list"
   text	   data	    bss	    dec	    hex	filename
  13976	     20	   5524	  19520	   4c40	KQ130F_STM32F030_modem.elf
Finished building: default.size.stdout
 
Finished building: KQ130F_STM32F030_modem.list
 
